Component: ARM Compiler 5.06 update 6 (build 750) Tool: armlink [4d35ed]

==============================================================================

Section Cross References

    main.o(i.main) refers to stm32f10x_rcc.o(i.RCC_APB2PeriphClockCmd) for RCC_APB2PeriphClockCmd
    main.o(i.main) refers to stm32f10x_gpio.o(i.GPIO_PinRemapConfig) for GPIO_PinRemapConfig
    main.o(i.main) refers to delay.o(i.Delay_Init) for Delay_Init
    main.o(i.main) refers to usart_debug.o(i.Usart_Debug_Init) for Usart_Debug_Init
    main.o(i.main) refers to led.o(i.Led_Init) for Led_Init
    main.o(i.main) refers to key.o(i.Key_Init) for Key_Init
    main.o(i.main) refers to si24r1.o(i.NRF24L01_Init) for NRF24L01_Init
    main.o(i.main) refers to 144lcd_st7735s.o(i.ST7735S_CPT144_Init) for ST7735S_CPT144_Init
    main.o(i.main) refers to 144lcd_st7735s.o(i.ST7735S_CPT144_SetTextColor) for ST7735S_CPT144_SetTextColor
    main.o(i.main) refers to printfb.o(i.__0printf$bare) for __2printf
    main.o(i.main) refers to 144lcd_st7735s.o(i.ST7735S_CPT144_DispString_XDir) for ST7735S_CPT144_DispString_XDir
    main.o(i.main) refers to key.o(i.KEY_Scan) for KEY_Scan
    main.o(i.main) refers to si24r1.o(i.NRF24L01_TX_Mode) for NRF24L01_TX_Mode
    main.o(i.main) refers to si24r1.o(i.NRF24L01_TxPacket) for NRF24L01_TxPacket
    main.o(i.main) refers to si24r1.o(.bss) for NRF24L_Rx_Buf
    delay.o(i.Delay_Init) refers to misc.o(i.SysTick_CLKSourceConfig) for SysTick_CLKSourceConfig
    delay.o(i.Delay_Init) refers to delay.o(.data) for Fac_Us
    delay.o(i.Delay_Ms) refers to delay.o(.data) for Fac_Ms
    delay.o(i.Delay_Us) refers to delay.o(.data) for Fac_Us
    led.o(i.Led_Init) refers to stm32f10x_rcc.o(i.RCC_APB2PeriphClockCmd) for RCC_APB2PeriphClockCmd
    led.o(i.Led_Init) refers to stm32f10x_gpio.o(i.GPIO_Init) for GPIO_Init
    usart_debug.o(i.USART1_IRQHandler) refers to stm32f10x_usart.o(i.USART_GetITStatus) for USART_GetITStatus
    usart_debug.o(i.USART1_IRQHandler) refers to stm32f10x_usart.o(i.USART_ReceiveData) for USART_ReceiveData
    usart_debug.o(i.USART1_IRQHandler) refers to stm32f10x_usart.o(i.USART_SendData) for USART_SendData
    usart_debug.o(i.Usart_Debug_Init) refers to stm32f10x_rcc.o(i.RCC_APB2PeriphClockCmd) for RCC_APB2PeriphClockCmd
    usart_debug.o(i.Usart_Debug_Init) refers to stm32f10x_gpio.o(i.GPIO_Init) for GPIO_Init
    usart_debug.o(i.Usart_Debug_Init) refers to misc.o(i.NVIC_Init) for NVIC_Init
    usart_debug.o(i.Usart_Debug_Init) refers to stm32f10x_usart.o(i.USART_Init) for USART_Init
    usart_debug.o(i.Usart_Debug_Init) refers to stm32f10x_usart.o(i.USART_ITConfig) for USART_ITConfig
    usart_debug.o(i.Usart_Debug_Init) refers to stm32f10x_usart.o(i.USART_Cmd) for USART_Cmd
    fonts.o(.data) refers to fonts.o(.constdata) for ASCII8x16_Table
    144lcd_st7735s.o(i.ST7735S_CPT144_Clear) refers to 144lcd_st7735s.o(i.ST7735S_CPT144_displayColor) for ST7735S_CPT144_displayColor
    144lcd_st7735s.o(i.ST7735S_CPT144_Clear) refers to 144lcd_st7735s.o(.data) for CurrentBackColor
    144lcd_st7735s.o(i.ST7735S_CPT144_DispChar) refers to 144lcd_st7735s.o(i.ST7735S_CPT144_OpenWindow) for ST7735S_CPT144_OpenWindow
    144lcd_st7735s.o(i.ST7735S_CPT144_DispChar) refers to 144lcd_st7735s.o(i.ST7735S_CPT144_WriteData16) for ST7735S_CPT144_WriteData16
    144lcd_st7735s.o(i.ST7735S_CPT144_DispChar) refers to 144lcd_st7735s.o(.data) for ST7735S_CPT144_Currentfonts
    144lcd_st7735s.o(i.ST7735S_CPT144_DispChinese) refers to 144lcd_st7735s.o(i.ST7735S_CPT144_OpenWindow) for ST7735S_CPT144_OpenWindow
    144lcd_st7735s.o(i.ST7735S_CPT144_DispChinese) refers to 144lcd_st7735s.o(i.ST7735S_CPT144_WriteData16) for ST7735S_CPT144_WriteData16
    144lcd_st7735s.o(i.ST7735S_CPT144_DispChinese) refers to 144lcd_st7735s.o(.data) for CurrentTextColor
    144lcd_st7735s.o(i.ST7735S_CPT144_DispPicture) refers to 144lcd_st7735s.o(i.ST7735S_CPT144_OpenWindow) for ST7735S_CPT144_OpenWindow
    144lcd_st7735s.o(i.ST7735S_CPT144_DispPicture) refers to 144lcd_st7735s.o(i.ST7735S_CPT144_WriteData16) for ST7735S_CPT144_WriteData16
    144lcd_st7735s.o(i.ST7735S_CPT144_DispPicture) refers to 144lcd_st7735s.o(.data) for CurrentTextColor
    144lcd_st7735s.o(i.ST7735S_CPT144_DispString_XDir) refers to 144lcd_st7735s.o(i.ST7735S_CPT144_DispChar) for ST7735S_CPT144_DispChar
    144lcd_st7735s.o(i.ST7735S_CPT144_DispString_XDir) refers to 144lcd_st7735s.o(.data) for ST7735S_CPT144_Currentfonts
    144lcd_st7735s.o(i.ST7735S_CPT144_DispString_YDir) refers to 144lcd_st7735s.o(i.ST7735S_CPT144_DispChar) for ST7735S_CPT144_DispChar
    144lcd_st7735s.o(i.ST7735S_CPT144_DispString_YDir) refers to 144lcd_st7735s.o(.data) for ST7735S_CPT144_Currentfonts
    144lcd_st7735s.o(i.ST7735S_CPT144_GPIO_Init) refers to stm32f10x_rcc.o(i.RCC_APB2PeriphClockCmd) for RCC_APB2PeriphClockCmd
    144lcd_st7735s.o(i.ST7735S_CPT144_GPIO_Init) refers to stm32f10x_gpio.o(i.GPIO_Init) for GPIO_Init
    144lcd_st7735s.o(i.ST7735S_CPT144_Init) refers to 144lcd_st7735s.o(i.ST7735S_CPT144_GPIO_Init) for ST7735S_CPT144_GPIO_Init
    144lcd_st7735s.o(i.ST7735S_CPT144_Init) refers to spi2.o(i.SPI2_Init) for SPI2_Init
    144lcd_st7735s.o(i.ST7735S_CPT144_Init) refers to spi2.o(i.SPI2_SetSpeed) for SPI2_SetSpeed
    144lcd_st7735s.o(i.ST7735S_CPT144_Init) refers to delay.o(i.Delay_Ms) for Delay_Ms
    144lcd_st7735s.o(i.ST7735S_CPT144_Init) refers to 144lcd_st7735s.o(i.ST7735S_CPT144_WriteCommand) for ST7735S_CPT144_WriteCommand
    144lcd_st7735s.o(i.ST7735S_CPT144_Init) refers to 144lcd_st7735s.o(i.ST7735S_CPT144_WriteData) for ST7735S_CPT144_WriteData
    144lcd_st7735s.o(i.ST7735S_CPT144_Init) refers to 144lcd_st7735s.o(i.ST7735S_CPT144_displayColor) for ST7735S_CPT144_displayColor
    144lcd_st7735s.o(i.ST7735S_CPT144_OpenWindow) refers to 144lcd_st7735s.o(i.ST7735S_CPT144_WriteCommand) for ST7735S_CPT144_WriteCommand
    144lcd_st7735s.o(i.ST7735S_CPT144_OpenWindow) refers to 144lcd_st7735s.o(i.ST7735S_CPT144_WriteData) for ST7735S_CPT144_WriteData
    144lcd_st7735s.o(i.ST7735S_CPT144_SetBackColor) refers to 144lcd_st7735s.o(.data) for CurrentBackColor
    144lcd_st7735s.o(i.ST7735S_CPT144_SetFont) refers to 144lcd_st7735s.o(.data) for ST7735S_CPT144_Currentfonts
    144lcd_st7735s.o(i.ST7735S_CPT144_SetTextColor) refers to 144lcd_st7735s.o(.data) for CurrentTextColor
    144lcd_st7735s.o(i.ST7735S_CPT144_displayColor) refers to 144lcd_st7735s.o(i.ST7735S_CPT144_OpenWindow) for ST7735S_CPT144_OpenWindow
    144lcd_st7735s.o(i.ST7735S_CPT144_displayColor) refers to 144lcd_st7735s.o(i.ST7735S_CPT144_WriteData16) for ST7735S_CPT144_WriteData16
    144lcd_st7735s.o(.data) refers to fonts.o(.data) for Font8x16
    spi2.o(i.SPI2_Init) refers to stm32f10x_rcc.o(i.RCC_APB2PeriphClockCmd) for RCC_APB2PeriphClockCmd
    spi2.o(i.SPI2_Init) refers to stm32f10x_rcc.o(i.RCC_APB1PeriphClockCmd) for RCC_APB1PeriphClockCmd
    spi2.o(i.SPI2_Init) refers to stm32f10x_gpio.o(i.GPIO_Init) for GPIO_Init
    spi2.o(i.SPI2_Init) refers to stm32f10x_gpio.o(i.GPIO_SetBits) for GPIO_SetBits
    spi2.o(i.SPI2_Init) refers to stm32f10x_spi.o(i.SPI_Init) for SPI_Init
    spi2.o(i.SPI2_Init) refers to stm32f10x_spi.o(i.SPI_Cmd) for SPI_Cmd
    spi2.o(i.SPI2_Init) refers to spi2.o(i.SPI2_ReadWriteByte) for SPI2_ReadWriteByte
    spi2.o(i.SPI2_SetSpeed) refers to stm32f10x_spi.o(i.SPI_Cmd) for SPI_Cmd
    key.o(i.KEY_Scan) refers to stm32f10x_gpio.o(i.GPIO_ReadInputDataBit) for GPIO_ReadInputDataBit
    key.o(i.KEY_Scan) refers to delay.o(i.Delay_Ms) for Delay_Ms
    key.o(i.KEY_Scan) refers to key.o(.data) for key_up
    key.o(i.Key_Init) refers to stm32f10x_rcc.o(i.RCC_APB2PeriphClockCmd) for RCC_APB2PeriphClockCmd
    key.o(i.Key_Init) refers to stm32f10x_gpio.o(i.GPIO_Init) for GPIO_Init
    si24r1.o(i.EXTI4_IRQHandler) refers to stm32f10x_exti.o(i.EXTI_GetITStatus) for EXTI_GetITStatus
    si24r1.o(i.EXTI4_IRQHandler) refers to si24r1.o(i.NRF24L01_Read_Reg) for NRF24L01_Read_Reg
    si24r1.o(i.EXTI4_IRQHandler) refers to si24r1.o(i.NRF24L01_Write_Reg) for NRF24L01_Write_Reg
    si24r1.o(i.EXTI4_IRQHandler) refers to si24r1.o(i.NRF24L01_RX_Mode) for NRF24L01_RX_Mode
    si24r1.o(i.EXTI4_IRQHandler) refers to si24r1.o(i.NRF24L01_Read_Buf) for NRF24L01_Read_Buf
    si24r1.o(i.EXTI4_IRQHandler) refers to stm32f10x_exti.o(i.EXTI_ClearITPendingBit) for EXTI_ClearITPendingBit
    si24r1.o(i.EXTI4_IRQHandler) refers to si24r1.o(.data) for NRF24L_Tx_Rx_Sta
    si24r1.o(i.EXTI4_IRQHandler) refers to si24r1.o(.bss) for NRF24L_Rx_Buf
    si24r1.o(i.NRF24L01_Check) refers to si24r1.o(i.NRF24L01_Write_Buf) for NRF24L01_Write_Buf
    si24r1.o(i.NRF24L01_Check) refers to si24r1.o(i.NRF24L01_Read_Buf) for NRF24L01_Read_Buf
    si24r1.o(i.NRF24L01_Exti_Init) refers to stm32f10x_rcc.o(i.RCC_APB2PeriphClockCmd) for RCC_APB2PeriphClockCmd
    si24r1.o(i.NRF24L01_Exti_Init) refers to stm32f10x_gpio.o(i.GPIO_Init) for GPIO_Init
    si24r1.o(i.NRF24L01_Exti_Init) refers to misc.o(i.NVIC_Init) for NVIC_Init
    si24r1.o(i.NRF24L01_Exti_Init) refers to stm32f10x_gpio.o(i.GPIO_EXTILineConfig) for GPIO_EXTILineConfig
    si24r1.o(i.NRF24L01_Exti_Init) refers to stm32f10x_exti.o(i.EXTI_Init) for EXTI_Init
    si24r1.o(i.NRF24L01_Init) refers to stm32f10x_rcc.o(i.RCC_APB2PeriphClockCmd) for RCC_APB2PeriphClockCmd
    si24r1.o(i.NRF24L01_Init) refers to stm32f10x_gpio.o(i.GPIO_Init) for GPIO_Init
    si24r1.o(i.NRF24L01_Init) refers to si24r1.o(i.NRF24L01_Exti_Init) for NRF24L01_Exti_Init
    si24r1.o(i.NRF24L01_Init) refers to spi1.o(i.SPI1_Init) for SPI1_Init
    si24r1.o(i.NRF24L01_Init) refers to printfb.o(i.__0printf$bare) for __2printf
    si24r1.o(i.NRF24L01_Init) refers to delay.o(i.Delay_Ms) for Delay_Ms
    si24r1.o(i.NRF24L01_Init) refers to si24r1.o(i.NRF24L01_Check) for NRF24L01_Check
    si24r1.o(i.NRF24L01_Init) refers to si24r1.o(i.NRF24L01_RX_Mode) for NRF24L01_RX_Mode
    si24r1.o(i.NRF24L01_Init) refers to si24r1.o(i.NRF24L01_Write_Buf) for NRF24L01_Write_Buf
    si24r1.o(i.NRF24L01_Init) refers to si24r1.o(i.NRF24L01_Write_Reg) for NRF24L01_Write_Reg
    si24r1.o(i.NRF24L01_Init) refers to si24r1.o(.constdata) for RX_ADDRESS
    si24r1.o(i.NRF24L01_RX_Mode) refers to si24r1.o(i.NRF24L01_Write_Reg) for NRF24L01_Write_Reg
    si24r1.o(i.NRF24L01_RX_Mode) refers to delay.o(i.Delay_Us) for Delay_Us
    si24r1.o(i.NRF24L01_Read_Buf) refers to spi1.o(i.SPI1_ReadWriteByte) for SPI1_ReadWriteByte
    si24r1.o(i.NRF24L01_Read_Reg) refers to spi1.o(i.SPI1_ReadWriteByte) for SPI1_ReadWriteByte
    si24r1.o(i.NRF24L01_TX_Mode) refers to si24r1.o(i.NRF24L01_Write_Reg) for NRF24L01_Write_Reg
    si24r1.o(i.NRF24L01_TxPacket) refers to si24r1.o(i.NRF24L01_Write_Buf) for NRF24L01_Write_Buf
    si24r1.o(i.NRF24L01_TxPacket) refers to delay.o(i.Delay_Us) for Delay_Us
    si24r1.o(i.NRF24L01_Write_Buf) refers to spi1.o(i.SPI1_ReadWriteByte) for SPI1_ReadWriteByte
    si24r1.o(i.NRF24L01_Write_Reg) refers to spi1.o(i.SPI1_ReadWriteByte) for SPI1_ReadWriteByte
    spi1.o(i.SPI1_Init) refers to stm32f10x_rcc.o(i.RCC_APB2PeriphClockCmd) for RCC_APB2PeriphClockCmd
    spi1.o(i.SPI1_Init) refers to stm32f10x_gpio.o(i.GPIO_Init) for GPIO_Init
    spi1.o(i.SPI1_Init) refers to stm32f10x_gpio.o(i.GPIO_SetBits) for GPIO_SetBits
    spi1.o(i.SPI1_Init) refers to stm32f10x_spi.o(i.SPI_Init) for SPI_Init
    spi1.o(i.SPI1_Init) refers to stm32f10x_spi.o(i.SPI_Cmd) for SPI_Cmd
    spi1.o(i.SPI1_ReadWriteByte) refers to stm32f10x_spi.o(i.SPI_I2S_GetFlagStatus) for SPI_I2S_GetFlagStatus
    spi1.o(i.SPI1_ReadWriteByte) refers to stm32f10x_spi.o(i.SPI_I2S_SendData) for SPI_I2S_SendData
    spi1.o(i.SPI1_ReadWriteByte) refers to stm32f10x_spi.o(i.SPI_I2S_ReceiveData) for SPI_I2S_ReceiveData
    spi1.o(i.SPI1_SetSpeed) refers to stm32f10x_spi.o(i.SPI_Cmd) for SPI_Cmd
    startup_stm32f10x_md.o(RESET) refers to startup_stm32f10x_md.o(STACK) for __initial_sp
    startup_stm32f10x_md.o(RESET) refers to startup_stm32f10x_md.o(.text) for Reset_Handler
    startup_stm32f10x_md.o(RESET) refers to si24r1.o(i.EXTI4_IRQHandler) for EXTI4_IRQHandler
    startup_stm32f10x_md.o(RESET) refers to usart_debug.o(i.USART1_IRQHandler) for USART1_IRQHandler
    startup_stm32f10x_md.o(.text) refers to system_stm32f10x.o(i.SystemInit) for SystemInit
    startup_stm32f10x_md.o(.text) refers to entry.o(.ARM.Collect$$$$00000000) for __main
    system_stm32f10x.o(i.SetSysClock) refers to system_stm32f10x.o(i.SetSysClockTo72) for SetSysClockTo72
    system_stm32f10x.o(i.SystemCoreClockUpdate) refers to system_stm32f10x.o(.data) for SystemCoreClock
    system_stm32f10x.o(i.SystemInit) refers to system_stm32f10x.o(i.SetSysClock) for SetSysClock
    stm32f10x_gpio.o(i.GPIO_AFIODeInit) refers to stm32f10x_rcc.o(i.RCC_APB2PeriphResetCmd) for RCC_APB2PeriphResetCmd
    stm32f10x_gpio.o(i.GPIO_DeInit) refers to stm32f10x_rcc.o(i.RCC_APB2PeriphResetCmd) for RCC_APB2PeriphResetCmd
    stm32f10x_rcc.o(i.RCC_GetClocksFreq) refers to stm32f10x_rcc.o(.data) for APBAHBPrescTable
    stm32f10x_rcc.o(i.RCC_WaitForHSEStartUp) refers to stm32f10x_rcc.o(i.RCC_GetFlagStatus) for RCC_GetFlagStatus
    stm32f10x_usart.o(i.USART_DeInit) refers to stm32f10x_rcc.o(i.RCC_APB2PeriphResetCmd) for RCC_APB2PeriphResetCmd
    stm32f10x_usart.o(i.USART_DeInit) refers to stm32f10x_rcc.o(i.RCC_APB1PeriphResetCmd) for RCC_APB1PeriphResetCmd
    stm32f10x_usart.o(i.USART_Init) refers to stm32f10x_rcc.o(i.RCC_GetClocksFreq) for RCC_GetClocksFreq
    stm32f10x_spi.o(i.I2S_Init) refers to stm32f10x_rcc.o(i.RCC_GetClocksFreq) for RCC_GetClocksFreq
    stm32f10x_spi.o(i.SPI_I2S_DeInit) refers to stm32f10x_rcc.o(i.RCC_APB2PeriphResetCmd) for RCC_APB2PeriphResetCmd
    stm32f10x_spi.o(i.SPI_I2S_DeInit) refers to stm32f10x_rcc.o(i.RCC_APB1PeriphResetCmd) for RCC_APB1PeriphResetCmd
    entry.o(.ARM.Collect$$$$00000000) refers (Special) to entry10a.o(.ARM.Collect$$$$0000000D) for __rt_final_cpp
    entry.o(.ARM.Collect$$$$00000000) refers (Special) to entry11a.o(.ARM.Collect$$$$0000000F) for __rt_final_exit
    entry.o(.ARM.Collect$$$$00000000) refers (Special) to entry7b.o(.ARM.Collect$$$$00000008) for _main_clock
    entry.o(.ARM.Collect$$$$00000000) refers (Special) to entry8b.o(.ARM.Collect$$$$0000000A) for _main_cpp_init
    entry.o(.ARM.Collect$$$$00000000) refers (Special) to entry9a.o(.ARM.Collect$$$$0000000B) for _main_init
    entry.o(.ARM.Collect$$$$00000000) refers (Special) to entry5.o(.ARM.Collect$$$$00000004) for _main_scatterload
    entry.o(.ARM.Collect$$$$00000000) refers (Special) to entry2.o(.ARM.Collect$$$$00000001) for _main_stk
    printfb.o(i.__0fprintf$bare) refers to printfb.o(i._printf_core) for _printf_core
    printfb.o(i.__0fprintf$bare) refers to usart_debug.o(i.fputc) for fputc
    printfb.o(i.__0printf$bare) refers to printfb.o(i._printf_core) for _printf_core
    printfb.o(i.__0printf$bare) refers to usart_debug.o(i.fputc) for fputc
    printfb.o(i.__0printf$bare) refers to usart_debug.o(.data) for __stdout
    printfb.o(i.__0snprintf$bare) refers to printfb.o(i._printf_core) for _printf_core
    printfb.o(i.__0snprintf$bare) refers to printfb.o(i._snputc) for _snputc
    printfb.o(i.__0sprintf$bare) refers to printfb.o(i._printf_core) for _printf_core
    printfb.o(i.__0sprintf$bare) refers to printfb.o(i._sputc) for _sputc
    printfb.o(i.__0vfprintf$bare) refers to printfb.o(i._printf_core) for _printf_core
    printfb.o(i.__0vfprintf$bare) refers to usart_debug.o(i.fputc) for fputc
    printfb.o(i.__0vprintf$bare) refers to printfb.o(i._printf_core) for _printf_core
    printfb.o(i.__0vprintf$bare) refers to usart_debug.o(i.fputc) for fputc
    printfb.o(i.__0vprintf$bare) refers to usart_debug.o(.data) for __stdout
    printfb.o(i.__0vsnprintf$bare) refers to printfb.o(i._printf_core) for _printf_core
    printfb.o(i.__0vsnprintf$bare) refers to printfb.o(i._snputc) for _snputc
    printfb.o(i.__0vsprintf$bare) refers to printfb.o(i._printf_core) for _printf_core
    printfb.o(i.__0vsprintf$bare) refers to printfb.o(i._sputc) for _sputc
    printf0.o(i.__0fprintf$0) refers to printf0.o(i._printf_core) for _printf_core
    printf0.o(i.__0fprintf$0) refers to usart_debug.o(i.fputc) for fputc
    printf0.o(i.__0printf$0) refers to printf0.o(i._printf_core) for _printf_core
    printf0.o(i.__0printf$0) refers to usart_debug.o(i.fputc) for fputc
    printf0.o(i.__0printf$0) refers to usart_debug.o(.data) for __stdout
    printf0.o(i.__0snprintf$0) refers to printf0.o(i._printf_core) for _printf_core
    printf0.o(i.__0snprintf$0) refers to printf0.o(i._snputc) for _snputc
    printf0.o(i.__0sprintf$0) refers to printf0.o(i._printf_core) for _printf_core
    printf0.o(i.__0sprintf$0) refers to printf0.o(i._sputc) for _sputc
    printf0.o(i.__0vfprintf$0) refers to printf0.o(i._printf_core) for _printf_core
    printf0.o(i.__0vfprintf$0) refers to usart_debug.o(i.fputc) for fputc
    printf0.o(i.__0vprintf$0) refers to printf0.o(i._printf_core) for _printf_core
    printf0.o(i.__0vprintf$0) refers to usart_debug.o(i.fputc) for fputc
    printf0.o(i.__0vprintf$0) refers to usart_debug.o(.data) for __stdout
    printf0.o(i.__0vsnprintf$0) refers to printf0.o(i._printf_core) for _printf_core
    printf0.o(i.__0vsnprintf$0) refers to printf0.o(i._snputc) for _snputc
    printf0.o(i.__0vsprintf$0) refers to printf0.o(i._printf_core) for _printf_core
    printf0.o(i.__0vsprintf$0) refers to printf0.o(i._sputc) for _sputc
    printf1.o(i.__0fprintf$1) refers to printf1.o(i._printf_core) for _printf_core
    printf1.o(i.__0fprintf$1) refers to usart_debug.o(i.fputc) for fputc
    printf1.o(i.__0printf$1) refers to printf1.o(i._printf_core) for _printf_core
    printf1.o(i.__0printf$1) refers to usart_debug.o(i.fputc) for fputc
    printf1.o(i.__0printf$1) refers to usart_debug.o(.data) for __stdout
    printf1.o(i.__0snprintf$1) refers to printf1.o(i._printf_core) for _printf_core
    printf1.o(i.__0snprintf$1) refers to printf1.o(i._snputc) for _snputc
    printf1.o(i.__0sprintf$1) refers to printf1.o(i._printf_core) for _printf_core
    printf1.o(i.__0sprintf$1) refers to printf1.o(i._sputc) for _sputc
    printf1.o(i.__0vfprintf$1) refers to printf1.o(i._printf_core) for _printf_core
    printf1.o(i.__0vfprintf$1) refers to usart_debug.o(i.fputc) for fputc
    printf1.o(i.__0vprintf$1) refers to printf1.o(i._printf_core) for _printf_core
    printf1.o(i.__0vprintf$1) refers to usart_debug.o(i.fputc) for fputc
    printf1.o(i.__0vprintf$1) refers to usart_debug.o(.data) for __stdout
    printf1.o(i.__0vsnprintf$1) refers to printf1.o(i._printf_core) for _printf_core
    printf1.o(i.__0vsnprintf$1) refers to printf1.o(i._snputc) for _snputc
    printf1.o(i.__0vsprintf$1) refers to printf1.o(i._printf_core) for _printf_core
    printf1.o(i.__0vsprintf$1) refers to printf1.o(i._sputc) for _sputc
    printf1.o(i._printf_core) refers to uidiv.o(.text) for __aeabi_uidivmod
    printf2.o(i.__0fprintf$2) refers to printf2.o(i._printf_core) for _printf_core
    printf2.o(i.__0fprintf$2) refers to usart_debug.o(i.fputc) for fputc
    printf2.o(i.__0printf$2) refers to printf2.o(i._printf_core) for _printf_core
    printf2.o(i.__0printf$2) refers to usart_debug.o(i.fputc) for fputc
    printf2.o(i.__0printf$2) refers to usart_debug.o(.data) for __stdout
    printf2.o(i.__0snprintf$2) refers to printf2.o(i._printf_core) for _printf_core
    printf2.o(i.__0snprintf$2) refers to printf2.o(i._snputc) for _snputc
    printf2.o(i.__0sprintf$2) refers to printf2.o(i._printf_core) for _printf_core
    printf2.o(i.__0sprintf$2) refers to printf2.o(i._sputc) for _sputc
    printf2.o(i.__0vfprintf$2) refers to printf2.o(i._printf_core) for _printf_core
    printf2.o(i.__0vfprintf$2) refers to usart_debug.o(i.fputc) for fputc
    printf2.o(i.__0vprintf$2) refers to printf2.o(i._printf_core) for _printf_core
    printf2.o(i.__0vprintf$2) refers to usart_debug.o(i.fputc) for fputc
    printf2.o(i.__0vprintf$2) refers to usart_debug.o(.data) for __stdout
    printf2.o(i.__0vsnprintf$2) refers to printf2.o(i._printf_core) for _printf_core
    printf2.o(i.__0vsnprintf$2) refers to printf2.o(i._snputc) for _snputc
    printf2.o(i.__0vsprintf$2) refers to printf2.o(i._printf_core) for _printf_core
    printf2.o(i.__0vsprintf$2) refers to printf2.o(i._sputc) for _sputc
    printf3.o(i.__0fprintf$3) refers to printf3.o(i._printf_core) for _printf_core
    printf3.o(i.__0fprintf$3) refers to usart_debug.o(i.fputc) for fputc
    printf3.o(i.__0printf$3) refers to printf3.o(i._printf_core) for _printf_core
    printf3.o(i.__0printf$3) refers to usart_debug.o(i.fputc) for fputc
    printf3.o(i.__0printf$3) refers to usart_debug.o(.data) for __stdout
    printf3.o(i.__0snprintf$3) refers to printf3.o(i._printf_core) for _printf_core
    printf3.o(i.__0snprintf$3) refers to printf3.o(i._snputc) for _snputc
    printf3.o(i.__0sprintf$3) refers to printf3.o(i._printf_core) for _printf_core
    printf3.o(i.__0sprintf$3) refers to printf3.o(i._sputc) for _sputc
    printf3.o(i.__0vfprintf$3) refers to printf3.o(i._printf_core) for _printf_core
    printf3.o(i.__0vfprintf$3) refers to usart_debug.o(i.fputc) for fputc
    printf3.o(i.__0vprintf$3) refers to printf3.o(i._printf_core) for _printf_core
    printf3.o(i.__0vprintf$3) refers to usart_debug.o(i.fputc) for fputc
    printf3.o(i.__0vprintf$3) refers to usart_debug.o(.data) for __stdout
    printf3.o(i.__0vsnprintf$3) refers to printf3.o(i._printf_core) for _printf_core
    printf3.o(i.__0vsnprintf$3) refers to printf3.o(i._snputc) for _snputc
    printf3.o(i.__0vsprintf$3) refers to printf3.o(i._printf_core) for _printf_core
    printf3.o(i.__0vsprintf$3) refers to printf3.o(i._sputc) for _sputc
    printf3.o(i._printf_core) refers to uidiv.o(.text) for __aeabi_uidivmod
    printf4.o(i.__0fprintf$4) refers to printf4.o(i._printf_core) for _printf_core
    printf4.o(i.__0fprintf$4) refers to usart_debug.o(i.fputc) for fputc
    printf4.o(i.__0printf$4) refers to printf4.o(i._printf_core) for _printf_core
    printf4.o(i.__0printf$4) refers to usart_debug.o(i.fputc) for fputc
    printf4.o(i.__0printf$4) refers to usart_debug.o(.data) for __stdout
    printf4.o(i.__0snprintf$4) refers to printf4.o(i._printf_core) for _printf_core
    printf4.o(i.__0snprintf$4) refers to printf4.o(i._snputc) for _snputc
    printf4.o(i.__0sprintf$4) refers to printf4.o(i._printf_core) for _printf_core
    printf4.o(i.__0sprintf$4) refers to printf4.o(i._sputc) for _sputc
    printf4.o(i.__0vfprintf$4) refers to printf4.o(i._printf_core) for _printf_core
    printf4.o(i.__0vfprintf$4) refers to usart_debug.o(i.fputc) for fputc
    printf4.o(i.__0vprintf$4) refers to printf4.o(i._printf_core) for _printf_core
    printf4.o(i.__0vprintf$4) refers to usart_debug.o(i.fputc) for fputc
    printf4.o(i.__0vprintf$4) refers to usart_debug.o(.data) for __stdout
    printf4.o(i.__0vsnprintf$4) refers to printf4.o(i._printf_core) for _printf_core
    printf4.o(i.__0vsnprintf$4) refers to printf4.o(i._snputc) for _snputc
    printf4.o(i.__0vsprintf$4) refers to printf4.o(i._printf_core) for _printf_core
    printf4.o(i.__0vsprintf$4) refers to printf4.o(i._sputc) for _sputc
    printf4.o(i._printf_core) refers to uldiv.o(.text) for __aeabi_uldivmod
    printf5.o(i.__0fprintf$5) refers to printf5.o(i._printf_core) for _printf_core
    printf5.o(i.__0fprintf$5) refers to usart_debug.o(i.fputc) for fputc
    printf5.o(i.__0printf$5) refers to printf5.o(i._printf_core) for _printf_core
    printf5.o(i.__0printf$5) refers to usart_debug.o(i.fputc) for fputc
    printf5.o(i.__0printf$5) refers to usart_debug.o(.data) for __stdout
    printf5.o(i.__0snprintf$5) refers to printf5.o(i._printf_core) for _printf_core
    printf5.o(i.__0snprintf$5) refers to printf5.o(i._snputc) for _snputc
    printf5.o(i.__0sprintf$5) refers to printf5.o(i._printf_core) for _printf_core
    printf5.o(i.__0sprintf$5) refers to printf5.o(i._sputc) for _sputc
    printf5.o(i.__0vfprintf$5) refers to printf5.o(i._printf_core) for _printf_core
    printf5.o(i.__0vfprintf$5) refers to usart_debug.o(i.fputc) for fputc
    printf5.o(i.__0vprintf$5) refers to printf5.o(i._printf_core) for _printf_core
    printf5.o(i.__0vprintf$5) refers to usart_debug.o(i.fputc) for fputc
    printf5.o(i.__0vprintf$5) refers to usart_debug.o(.data) for __stdout
    printf5.o(i.__0vsnprintf$5) refers to printf5.o(i._printf_core) for _printf_core
    printf5.o(i.__0vsnprintf$5) refers to printf5.o(i._snputc) for _snputc
    printf5.o(i.__0vsprintf$5) refers to printf5.o(i._printf_core) for _printf_core
    printf5.o(i.__0vsprintf$5) refers to printf5.o(i._sputc) for _sputc
    printf5.o(i._printf_core) refers to uldiv.o(.text) for __aeabi_uldivmod
    printf6.o(i.__0fprintf$6) refers to printf6.o(i._printf_core) for _printf_core
    printf6.o(i.__0fprintf$6) refers to usart_debug.o(i.fputc) for fputc
    printf6.o(i.__0printf$6) refers to printf6.o(i._printf_core) for _printf_core
    printf6.o(i.__0printf$6) refers to usart_debug.o(i.fputc) for fputc
    printf6.o(i.__0printf$6) refers to usart_debug.o(.data) for __stdout
    printf6.o(i.__0snprintf$6) refers to printf6.o(i._printf_core) for _printf_core
    printf6.o(i.__0snprintf$6) refers to printf6.o(i._snputc) for _snputc
    printf6.o(i.__0sprintf$6) refers to printf6.o(i._printf_core) for _printf_core
    printf6.o(i.__0sprintf$6) refers to printf6.o(i._sputc) for _sputc
    printf6.o(i.__0vfprintf$6) refers to printf6.o(i._printf_core) for _printf_core
    printf6.o(i.__0vfprintf$6) refers to usart_debug.o(i.fputc) for fputc
    printf6.o(i.__0vprintf$6) refers to printf6.o(i._printf_core) for _printf_core
    printf6.o(i.__0vprintf$6) refers to usart_debug.o(i.fputc) for fputc
    printf6.o(i.__0vprintf$6) refers to usart_debug.o(.data) for __stdout
    printf6.o(i.__0vsnprintf$6) refers to printf6.o(i._printf_core) for _printf_core
    printf6.o(i.__0vsnprintf$6) refers to printf6.o(i._snputc) for _snputc
    printf6.o(i.__0vsprintf$6) refers to printf6.o(i._printf_core) for _printf_core
    printf6.o(i.__0vsprintf$6) refers to printf6.o(i._sputc) for _sputc
    printf6.o(i._printf_core) refers to printf6.o(i._printf_pre_padding) for _printf_pre_padding
    printf6.o(i._printf_core) refers to uidiv.o(.text) for __aeabi_uidivmod
    printf6.o(i._printf_core) refers to printf6.o(i._printf_post_padding) for _printf_post_padding
    printf7.o(i.__0fprintf$7) refers to printf7.o(i._printf_core) for _printf_core
    printf7.o(i.__0fprintf$7) refers to usart_debug.o(i.fputc) for fputc
    printf7.o(i.__0printf$7) refers to printf7.o(i._printf_core) for _printf_core
    printf7.o(i.__0printf$7) refers to usart_debug.o(i.fputc) for fputc
    printf7.o(i.__0printf$7) refers to usart_debug.o(.data) for __stdout
    printf7.o(i.__0snprintf$7) refers to printf7.o(i._printf_core) for _printf_core
    printf7.o(i.__0snprintf$7) refers to printf7.o(i._snputc) for _snputc
    printf7.o(i.__0sprintf$7) refers to printf7.o(i._printf_core) for _printf_core
    printf7.o(i.__0sprintf$7) refers to printf7.o(i._sputc) for _sputc
    printf7.o(i.__0vfprintf$7) refers to printf7.o(i._printf_core) for _printf_core
    printf7.o(i.__0vfprintf$7) refers to usart_debug.o(i.fputc) for fputc
    printf7.o(i.__0vprintf$7) refers to printf7.o(i._printf_core) for _printf_core
    printf7.o(i.__0vprintf$7) refers to usart_debug.o(i.fputc) for fputc
    printf7.o(i.__0vprintf$7) refers to usart_debug.o(.data) for __stdout
    printf7.o(i.__0vsnprintf$7) refers to printf7.o(i._printf_core) for _printf_core
    printf7.o(i.__0vsnprintf$7) refers to printf7.o(i._snputc) for _snputc
    printf7.o(i.__0vsprintf$7) refers to printf7.o(i._printf_core) for _printf_core
    printf7.o(i.__0vsprintf$7) refers to printf7.o(i._sputc) for _sputc
    printf7.o(i._printf_core) refers to printf7.o(i._printf_pre_padding) for _printf_pre_padding
    printf7.o(i._printf_core) refers to uldiv.o(.text) for __aeabi_uldivmod
    printf7.o(i._printf_core) refers to printf7.o(i._printf_post_padding) for _printf_post_padding
    printf8.o(i.__0fprintf$8) refers to printf8.o(i._printf_core) for _printf_core
    printf8.o(i.__0fprintf$8) refers to usart_debug.o(i.fputc) for fputc
    printf8.o(i.__0printf$8) refers to printf8.o(i._printf_core) for _printf_core
    printf8.o(i.__0printf$8) refers to usart_debug.o(i.fputc) for fputc
    printf8.o(i.__0printf$8) refers to usart_debug.o(.data) for __stdout
    printf8.o(i.__0snprintf$8) refers to printf8.o(i._printf_core) for _printf_core
    printf8.o(i.__0snprintf$8) refers to printf8.o(i._snputc) for _snputc
    printf8.o(i.__0sprintf$8) refers to printf8.o(i._printf_core) for _printf_core
    printf8.o(i.__0sprintf$8) refers to printf8.o(i._sputc) for _sputc
    printf8.o(i.__0vfprintf$8) refers to printf8.o(i._printf_core) for _printf_core
    printf8.o(i.__0vfprintf$8) refers to usart_debug.o(i.fputc) for fputc
    printf8.o(i.__0vprintf$8) refers to printf8.o(i._printf_core) for _printf_core
    printf8.o(i.__0vprintf$8) refers to usart_debug.o(i.fputc) for fputc
    printf8.o(i.__0vprintf$8) refers to usart_debug.o(.data) for __stdout
    printf8.o(i.__0vsnprintf$8) refers to printf8.o(i._printf_core) for _printf_core
    printf8.o(i.__0vsnprintf$8) refers to printf8.o(i._snputc) for _snputc
    printf8.o(i.__0vsprintf$8) refers to printf8.o(i._printf_core) for _printf_core
    printf8.o(i.__0vsprintf$8) refers to printf8.o(i._sputc) for _sputc
    printf8.o(i._printf_core) refers to printf8.o(i._printf_pre_padding) for _printf_pre_padding
    printf8.o(i._printf_core) refers to uldiv.o(.text) for __aeabi_uldivmod
    printf8.o(i._printf_core) refers to printf8.o(i._printf_post_padding) for _printf_post_padding
    printfa.o(i.__0fprintf) refers (Special) to iusefp.o(.text) for __I$use$fp
    printfa.o(i.__0fprintf) refers to printfa.o(i._printf_core) for _printf_core
    printfa.o(i.__0fprintf) refers to usart_debug.o(i.fputc) for fputc
    printfa.o(i.__0printf) refers (Special) to iusefp.o(.text) for __I$use$fp
    printfa.o(i.__0printf) refers to printfa.o(i._printf_core) for _printf_core
    printfa.o(i.__0printf) refers to usart_debug.o(i.fputc) for fputc
    printfa.o(i.__0printf) refers to usart_debug.o(.data) for __stdout
    printfa.o(i.__0snprintf) refers (Special) to iusefp.o(.text) for __I$use$fp
    printfa.o(i.__0snprintf) refers to printfa.o(i._printf_core) for _printf_core
    printfa.o(i.__0snprintf) refers to printfa.o(i._snputc) for _snputc
    printfa.o(i.__0sprintf) refers (Special) to iusefp.o(.text) for __I$use$fp
    printfa.o(i.__0sprintf) refers to printfa.o(i._printf_core) for _printf_core
    printfa.o(i.__0sprintf) refers to printfa.o(i._sputc) for _sputc
    printfa.o(i.__0vfprintf) refers (Special) to iusefp.o(.text) for __I$use$fp
    printfa.o(i.__0vfprintf) refers to printfa.o(i._printf_core) for _printf_core
    printfa.o(i.__0vfprintf) refers to usart_debug.o(i.fputc) for fputc
    printfa.o(i.__0vprintf) refers (Special) to iusefp.o(.text) for __I$use$fp
    printfa.o(i.__0vprintf) refers to printfa.o(i._printf_core) for _printf_core
    printfa.o(i.__0vprintf) refers to usart_debug.o(i.fputc) for fputc
    printfa.o(i.__0vprintf) refers to usart_debug.o(.data) for __stdout
    printfa.o(i.__0vsnprintf) refers (Special) to iusefp.o(.text) for __I$use$fp
    printfa.o(i.__0vsnprintf) refers to printfa.o(i._printf_core) for _printf_core
    printfa.o(i.__0vsnprintf) refers to printfa.o(i._snputc) for _snputc
    printfa.o(i.__0vsprintf) refers (Special) to iusefp.o(.text) for __I$use$fp
    printfa.o(i.__0vsprintf) refers to printfa.o(i._printf_core) for _printf_core
    printfa.o(i.__0vsprintf) refers to printfa.o(i._sputc) for _sputc
    printfa.o(i._fp_digits) refers (Special) to iusefp.o(.text) for __I$use$fp
    printfa.o(i._fp_digits) refers to dmul.o(.text) for __aeabi_dmul
    printfa.o(i._fp_digits) refers to ddiv.o(.text) for __aeabi_ddiv
    printfa.o(i._fp_digits) refers to cdrcmple.o(.text) for __aeabi_cdrcmple
    printfa.o(i._fp_digits) refers to dadd.o(.text) for __aeabi_dadd
    printfa.o(i._fp_digits) refers to dfixul.o(.text) for __aeabi_d2ulz
    printfa.o(i._fp_digits) refers to uldiv.o(.text) for __aeabi_uldivmod
    printfa.o(i._printf_core) refers (Special) to iusefp.o(.text) for __I$use$fp
    printfa.o(i._printf_core) refers to printfa.o(i._printf_pre_padding) for _printf_pre_padding
    printfa.o(i._printf_core) refers to uldiv.o(.text) for __aeabi_uldivmod
    printfa.o(i._printf_core) refers to printfa.o(i._printf_post_padding) for _printf_post_padding
    printfa.o(i._printf_core) refers to printfa.o(i._fp_digits) for _fp_digits
    printfa.o(i._printf_core) refers to uidiv.o(.text) for __aeabi_uidivmod
    printfa.o(i._printf_post_padding) refers (Special) to iusefp.o(.text) for __I$use$fp
    printfa.o(i._printf_pre_padding) refers (Special) to iusefp.o(.text) for __I$use$fp
    printfa.o(i._snputc) refers (Special) to iusefp.o(.text) for __I$use$fp
    printfa.o(i._sputc) refers (Special) to iusefp.o(.text) for __I$use$fp
    entry2.o(.ARM.Collect$$$$00000001) refers to entry2.o(.ARM.Collect$$$$00002712) for __lit__00000000
    entry2.o(.ARM.Collect$$$$00002712) refers to startup_stm32f10x_md.o(STACK) for __initial_sp
    entry2.o(__vectab_stack_and_reset_area) refers to startup_stm32f10x_md.o(STACK) for __initial_sp
    entry2.o(__vectab_stack_and_reset_area) refers to entry.o(.ARM.Collect$$$$00000000) for __main
    entry5.o(.ARM.Collect$$$$00000004) refers to init.o(.text) for __scatterload
    entry9a.o(.ARM.Collect$$$$0000000B) refers to main.o(i.main) for main
    entry9b.o(.ARM.Collect$$$$0000000C) refers to main.o(i.main) for main
    uldiv.o(.text) refers to llushr.o(.text) for __aeabi_llsr
    uldiv.o(.text) refers to llshl.o(.text) for __aeabi_llsl
    dadd.o(.text) refers to llshl.o(.text) for __aeabi_llsl
    dadd.o(.text) refers to llsshr.o(.text) for __aeabi_lasr
    dadd.o(.text) refers to depilogue.o(.text) for _double_epilogue
    dmul.o(.text) refers to depilogue.o(.text) for _double_epilogue
    ddiv.o(.text) refers to depilogue.o(.text) for _double_round
    dfixul.o(.text) refers to llushr.o(.text) for __aeabi_llsr
    dfixul.o(.text) refers to llshl.o(.text) for __aeabi_llsl
    init.o(.text) refers to entry5.o(.ARM.Collect$$$$00000004) for __main_after_scatterload
    depilogue.o(.text) refers to llshl.o(.text) for __aeabi_llsl
    depilogue.o(.text) refers to llushr.o(.text) for __aeabi_llsr
    144lcd_st7735s.o(i.ST7735S_CPT144_WriteData) refers to spi2.o(i.SPI2_ReadWriteByte) for SPI2_ReadWriteByte
    144lcd_st7735s.o(i.ST7735S_CPT144_WriteData16) refers to 144lcd_st7735s.o(i.ST7735S_CPT144_WriteData) for ST7735S_CPT144_WriteData
    144lcd_st7735s.o(i.ST7735S_CPT144_WriteCommand) refers to spi2.o(i.SPI2_ReadWriteByte) for SPI2_ReadWriteByte


==============================================================================

Removing Unused input sections from the image.

    Removing main.o(.data), (3072 bytes).
    Removing usart_debug.o(i._sys_exit), (4 bytes).
    Removing 144lcd_st7735s.o(i.ST7735S_CPT144_Clear), (16 bytes).
    Removing 144lcd_st7735s.o(i.ST7735S_CPT144_DispChinese), (112 bytes).
    Removing 144lcd_st7735s.o(i.ST7735S_CPT144_DispPicture), (84 bytes).
    Removing 144lcd_st7735s.o(i.ST7735S_CPT144_DispString_YDir), (88 bytes).
    Removing 144lcd_st7735s.o(i.ST7735S_CPT144_GramScan), (10 bytes).
    Removing 144lcd_st7735s.o(i.ST7735S_CPT144_SetBackColor), (12 bytes).
    Removing 144lcd_st7735s.o(i.ST7735S_CPT144_SetFont), (12 bytes).
    Removing spi1.o(i.SPI1_SetSpeed), (40 bytes).
    Removing startup_stm32f10x_md.o(HEAP), (512 bytes).
    Removing system_stm32f10x.o(i.SystemCoreClockUpdate), (164 bytes).
    Removing system_stm32f10x.o(.data), (20 bytes).
    Removing core_cm3.o(.emb_text), (32 bytes).
    Removing misc.o(i.NVIC_PriorityGroupConfig), (20 bytes).
    Removing misc.o(i.NVIC_SetVectorTable), (20 bytes).
    Removing misc.o(i.NVIC_SystemLPConfig), (32 bytes).
    Removing stm32f10x_gpio.o(i.GPIO_AFIODeInit), (20 bytes).
    Removing stm32f10x_gpio.o(i.GPIO_DeInit), (200 bytes).
    Removing stm32f10x_gpio.o(i.GPIO_ETH_MediaInterfaceConfig), (12 bytes).
    Removing stm32f10x_gpio.o(i.GPIO_EventOutputCmd), (12 bytes).
    Removing stm32f10x_gpio.o(i.GPIO_EventOutputConfig), (32 bytes).
    Removing stm32f10x_gpio.o(i.GPIO_PinLockConfig), (18 bytes).
    Removing stm32f10x_gpio.o(i.GPIO_ReadInputData), (8 bytes).
    Removing stm32f10x_gpio.o(i.GPIO_ReadOutputData), (8 bytes).
    Removing stm32f10x_gpio.o(i.GPIO_ReadOutputDataBit), (18 bytes).
    Removing stm32f10x_gpio.o(i.GPIO_ResetBits), (4 bytes).
    Removing stm32f10x_gpio.o(i.GPIO_StructInit), (16 bytes).
    Removing stm32f10x_gpio.o(i.GPIO_Write), (4 bytes).
    Removing stm32f10x_gpio.o(i.GPIO_WriteBit), (10 bytes).
    Removing stm32f10x_rcc.o(i.RCC_ADCCLKConfig), (24 bytes).
    Removing stm32f10x_rcc.o(i.RCC_AHBPeriphClockCmd), (32 bytes).
    Removing stm32f10x_rcc.o(i.RCC_APB1PeriphResetCmd), (32 bytes).
    Removing stm32f10x_rcc.o(i.RCC_APB2PeriphResetCmd), (32 bytes).
    Removing stm32f10x_rcc.o(i.RCC_AdjustHSICalibrationValue), (24 bytes).
    Removing stm32f10x_rcc.o(i.RCC_BackupResetCmd), (12 bytes).
    Removing stm32f10x_rcc.o(i.RCC_ClearFlag), (20 bytes).
    Removing stm32f10x_rcc.o(i.RCC_ClearITPendingBit), (12 bytes).
    Removing stm32f10x_rcc.o(i.RCC_ClockSecuritySystemCmd), (12 bytes).
    Removing stm32f10x_rcc.o(i.RCC_DeInit), (76 bytes).
    Removing stm32f10x_rcc.o(i.RCC_GetFlagStatus), (60 bytes).
    Removing stm32f10x_rcc.o(i.RCC_GetITStatus), (24 bytes).
    Removing stm32f10x_rcc.o(i.RCC_GetSYSCLKSource), (16 bytes).
    Removing stm32f10x_rcc.o(i.RCC_HCLKConfig), (24 bytes).
    Removing stm32f10x_rcc.o(i.RCC_HSEConfig), (76 bytes).
    Removing stm32f10x_rcc.o(i.RCC_HSICmd), (12 bytes).
    Removing stm32f10x_rcc.o(i.RCC_ITConfig), (32 bytes).
    Removing stm32f10x_rcc.o(i.RCC_LSEConfig), (52 bytes).
    Removing stm32f10x_rcc.o(i.RCC_LSICmd), (12 bytes).
    Removing stm32f10x_rcc.o(i.RCC_MCOConfig), (12 bytes).
    Removing stm32f10x_rcc.o(i.RCC_PCLK1Config), (24 bytes).
    Removing stm32f10x_rcc.o(i.RCC_PCLK2Config), (24 bytes).
    Removing stm32f10x_rcc.o(i.RCC_PLLCmd), (12 bytes).
    Removing stm32f10x_rcc.o(i.RCC_PLLConfig), (28 bytes).
    Removing stm32f10x_rcc.o(i.RCC_RTCCLKCmd), (12 bytes).
    Removing stm32f10x_rcc.o(i.RCC_RTCCLKConfig), (16 bytes).
    Removing stm32f10x_rcc.o(i.RCC_SYSCLKConfig), (24 bytes).
    Removing stm32f10x_rcc.o(i.RCC_USBCLKConfig), (12 bytes).
    Removing stm32f10x_rcc.o(i.RCC_WaitForHSEStartUp), (56 bytes).
    Removing stm32f10x_usart.o(i.USART_ClearFlag), (18 bytes).
    Removing stm32f10x_usart.o(i.USART_ClearITPendingBit), (30 bytes).
    Removing stm32f10x_usart.o(i.USART_ClockInit), (34 bytes).
    Removing stm32f10x_usart.o(i.USART_ClockStructInit), (12 bytes).
    Removing stm32f10x_usart.o(i.USART_DMACmd), (18 bytes).
    Removing stm32f10x_usart.o(i.USART_DeInit), (156 bytes).
    Removing stm32f10x_usart.o(i.USART_GetFlagStatus), (26 bytes).
    Removing stm32f10x_usart.o(i.USART_HalfDuplexCmd), (24 bytes).
    Removing stm32f10x_usart.o(i.USART_IrDACmd), (24 bytes).
    Removing stm32f10x_usart.o(i.USART_IrDAConfig), (18 bytes).
    Removing stm32f10x_usart.o(i.USART_LINBreakDetectLengthConfig), (18 bytes).
    Removing stm32f10x_usart.o(i.USART_LINCmd), (24 bytes).
    Removing stm32f10x_usart.o(i.USART_OneBitMethodCmd), (24 bytes).
    Removing stm32f10x_usart.o(i.USART_OverSampling8Cmd), (22 bytes).
    Removing stm32f10x_usart.o(i.USART_ReceiverWakeUpCmd), (24 bytes).
    Removing stm32f10x_usart.o(i.USART_SendBreak), (10 bytes).
    Removing stm32f10x_usart.o(i.USART_SetAddress), (18 bytes).
    Removing stm32f10x_usart.o(i.USART_SetGuardTime), (16 bytes).
    Removing stm32f10x_usart.o(i.USART_SetPrescaler), (16 bytes).
    Removing stm32f10x_usart.o(i.USART_SmartCardCmd), (24 bytes).
    Removing stm32f10x_usart.o(i.USART_SmartCardNACKCmd), (24 bytes).
    Removing stm32f10x_usart.o(i.USART_StructInit), (24 bytes).
    Removing stm32f10x_usart.o(i.USART_WakeUpConfig), (18 bytes).
    Removing stm32f10x_exti.o(i.EXTI_ClearFlag), (12 bytes).
    Removing stm32f10x_exti.o(i.EXTI_DeInit), (36 bytes).
    Removing stm32f10x_exti.o(i.EXTI_GenerateSWInterrupt), (16 bytes).
    Removing stm32f10x_exti.o(i.EXTI_GetFlagStatus), (24 bytes).
    Removing stm32f10x_exti.o(i.EXTI_StructInit), (16 bytes).
    Removing stm32f10x_spi.o(i.I2S_Cmd), (24 bytes).
    Removing stm32f10x_spi.o(i.I2S_Init), (232 bytes).
    Removing stm32f10x_spi.o(i.I2S_StructInit), (20 bytes).
    Removing stm32f10x_spi.o(i.SPI_BiDirectionalLineConfig), (28 bytes).
    Removing stm32f10x_spi.o(i.SPI_CalculateCRC), (24 bytes).
    Removing stm32f10x_spi.o(i.SPI_DataSizeConfig), (18 bytes).
    Removing stm32f10x_spi.o(i.SPI_GetCRC), (16 bytes).
    Removing stm32f10x_spi.o(i.SPI_GetCRCPolynomial), (6 bytes).
    Removing stm32f10x_spi.o(i.SPI_I2S_ClearFlag), (6 bytes).
    Removing stm32f10x_spi.o(i.SPI_I2S_ClearITPendingBit), (20 bytes).
    Removing stm32f10x_spi.o(i.SPI_I2S_DMACmd), (18 bytes).
    Removing stm32f10x_spi.o(i.SPI_I2S_DeInit), (88 bytes).
    Removing stm32f10x_spi.o(i.SPI_I2S_GetITStatus), (52 bytes).
    Removing stm32f10x_spi.o(i.SPI_I2S_ITConfig), (32 bytes).
    Removing stm32f10x_spi.o(i.SPI_NSSInternalSoftwareConfig), (30 bytes).
    Removing stm32f10x_spi.o(i.SPI_SSOutputCmd), (24 bytes).
    Removing stm32f10x_spi.o(i.SPI_StructInit), (24 bytes).
    Removing stm32f10x_spi.o(i.SPI_TransmitCRC), (10 bytes).
    Removing dadd.o(.text), (334 bytes).
    Removing dmul.o(.text), (228 bytes).
    Removing ddiv.o(.text), (222 bytes).
    Removing dfixul.o(.text), (48 bytes).
    Removing cdrcmple.o(.text), (48 bytes).
    Removing depilogue.o(.text), (186 bytes).

111 unused section(s) (total 7880 bytes) removed from the image.

==============================================================================

Image Symbol Table

    Local Symbols

    Symbol Name                              Value     Ov Type        Size  Object(Section)

    ../clib/microlib/division.c              0x00000000   Number         0  uidiv.o ABSOLUTE
    ../clib/microlib/division.c              0x00000000   Number         0  uldiv.o ABSOLUTE
    ../clib/microlib/init/entry.s            0x00000000   Number         0  entry10b.o ABSOLUTE
    ../clib/microlib/init/entry.s            0x00000000   Number         0  entry5.o ABSOLUTE
    ../clib/microlib/init/entry.s            0x00000000   Number         0  entry11a.o ABSOLUTE
    ../clib/microlib/init/entry.s            0x00000000   Number         0  entry2.o ABSOLUTE
    ../clib/microlib/init/entry.s            0x00000000   Number         0  entry8a.o ABSOLUTE
    ../clib/microlib/init/entry.s            0x00000000   Number         0  entry8b.o ABSOLUTE
    ../clib/microlib/init/entry.s            0x00000000   Number         0  entry.o ABSOLUTE
    ../clib/microlib/init/entry.s            0x00000000   Number         0  entry11b.o ABSOLUTE
    ../clib/microlib/init/entry.s            0x00000000   Number         0  entry9a.o ABSOLUTE
    ../clib/microlib/init/entry.s            0x00000000   Number         0  entry9b.o ABSOLUTE
    ../clib/microlib/init/entry.s            0x00000000   Number         0  entry10a.o ABSOLUTE
    ../clib/microlib/init/entry.s            0x00000000   Number         0  entry7b.o ABSOLUTE
    ../clib/microlib/init/entry.s            0x00000000   Number         0  entry7a.o ABSOLUTE
    ../clib/microlib/longlong.c              0x00000000   Number         0  llushr.o ABSOLUTE
    ../clib/microlib/longlong.c              0x00000000   Number         0  llsshr.o ABSOLUTE
    ../clib/microlib/longlong.c              0x00000000   Number         0  llshl.o ABSOLUTE
    ../clib/microlib/printf/printf.c         0x00000000   Number         0  printfb.o ABSOLUTE
    ../clib/microlib/printf/printf.c         0x00000000   Number         0  printf0.o ABSOLUTE
    ../clib/microlib/printf/printf.c         0x00000000   Number         0  printf1.o ABSOLUTE
    ../clib/microlib/printf/printf.c         0x00000000   Number         0  printf2.o ABSOLUTE
    ../clib/microlib/printf/printf.c         0x00000000   Number         0  printf3.o ABSOLUTE
    ../clib/microlib/printf/printf.c         0x00000000   Number         0  printf5.o ABSOLUTE
    ../clib/microlib/printf/printf.c         0x00000000   Number         0  printf6.o ABSOLUTE
    ../clib/microlib/printf/printf.c         0x00000000   Number         0  printf7.o ABSOLUTE
    ../clib/microlib/printf/printf.c         0x00000000   Number         0  printf8.o ABSOLUTE
    ../clib/microlib/printf/printf.c         0x00000000   Number         0  printf4.o ABSOLUTE
    ../clib/microlib/printf/printf.c         0x00000000   Number         0  printfa.o ABSOLUTE
    ../clib/microlib/stubs.s                 0x00000000   Number         0  iusefp.o ABSOLUTE
    ../fplib/microlib/fpadd.c                0x00000000   Number         0  dadd.o ABSOLUTE
    ../fplib/microlib/fpdiv.c                0x00000000   Number         0  ddiv.o ABSOLUTE
    ../fplib/microlib/fpepilogue.c           0x00000000   Number         0  depilogue.o ABSOLUTE
    ../fplib/microlib/fpfix.c                0x00000000   Number         0  dfixul.o ABSOLUTE
    ../fplib/microlib/fpmul.c                0x00000000   Number         0  dmul.o ABSOLUTE
    2.User\144lcd_st7735s\144lcd_st7735s.c   0x00000000   Number         0  144lcd_st7735s.o ABSOLUTE
    2.User\delay\delay.c                     0x00000000   Number         0  delay.o ABSOLUTE
    2.User\font\fonts.c                      0x00000000   Number         0  fonts.o ABSOLUTE
    2.User\key\key.c                         0x00000000   Number         0  key.o ABSOLUTE
    2.User\led\led.c                         0x00000000   Number         0  led.o ABSOLUTE
    2.User\main.c                            0x00000000   Number         0  main.o ABSOLUTE
    2.User\si24r1\si24r1.c                   0x00000000   Number         0  si24r1.o ABSOLUTE
    2.User\spi1\spi1.c                       0x00000000   Number         0  spi1.o ABSOLUTE
    2.User\spi2\spi2.c                       0x00000000   Number         0  spi2.o ABSOLUTE
    2.User\sys\sys.c                         0x00000000   Number         0  sys.o ABSOLUTE
    2.User\usart_debug\usart_debug.c         0x00000000   Number         0  usart_debug.o ABSOLUTE
    3.Libraries\CMSIS\core\core_cm3.c        0x00000000   Number         0  core_cm3.o ABSOLUTE
    3.Libraries\CMSIS\startup\startup_stm32f10x_md.s 0x00000000   Number         0  startup_stm32f10x_md.o ABSOLUTE
    3.Libraries\CMSIS\system_stm32f10x.c     0x00000000   Number         0  system_stm32f10x.o ABSOLUTE
    3.Libraries\STM32F10x_StdPeriph_Driver\src\misc.c 0x00000000   Number         0  misc.o ABSOLUTE
    3.Libraries\STM32F10x_StdPeriph_Driver\src\stm32f10x_exti.c 0x00000000   Number         0  stm32f10x_exti.o ABSOLUTE
    3.Libraries\STM32F10x_StdPeriph_Driver\src\stm32f10x_gpio.c 0x00000000   Number         0  stm32f10x_gpio.o ABSOLUTE
    3.Libraries\STM32F10x_StdPeriph_Driver\src\stm32f10x_rcc.c 0x00000000   Number         0  stm32f10x_rcc.o ABSOLUTE
    3.Libraries\STM32F10x_StdPeriph_Driver\src\stm32f10x_spi.c 0x00000000   Number         0  stm32f10x_spi.o ABSOLUTE
    3.Libraries\STM32F10x_StdPeriph_Driver\src\stm32f10x_usart.c 0x00000000   Number         0  stm32f10x_usart.o ABSOLUTE
    3.Libraries\\CMSIS\\core\\core_cm3.c     0x00000000   Number         0  core_cm3.o ABSOLUTE
    cdrcmple.s                               0x00000000   Number         0  cdrcmple.o ABSOLUTE
    dc.s                                     0x00000000   Number         0  dc.o ABSOLUTE
    handlers.s                               0x00000000   Number         0  handlers.o ABSOLUTE
    init.s                                   0x00000000   Number         0  init.o ABSOLUTE
    RESET                                    0x08000000   Section      236  startup_stm32f10x_md.o(RESET)
    .ARM.Collect$$$$00000000                 0x080000ec   Section        0  entry.o(.ARM.Collect$$$$00000000)
    .ARM.Collect$$$$00000001                 0x080000ec   Section        4  entry2.o(.ARM.Collect$$$$00000001)
    .ARM.Collect$$$$00000004                 0x080000f0   Section        4  entry5.o(.ARM.Collect$$$$00000004)
    .ARM.Collect$$$$00000008                 0x080000f4   Section        0  entry7b.o(.ARM.Collect$$$$00000008)
    .ARM.Collect$$$$0000000A                 0x080000f4   Section        0  entry8b.o(.ARM.Collect$$$$0000000A)
    .ARM.Collect$$$$0000000B                 0x080000f4   Section        8  entry9a.o(.ARM.Collect$$$$0000000B)
    .ARM.Collect$$$$0000000D                 0x080000fc   Section        0  entry10a.o(.ARM.Collect$$$$0000000D)
    .ARM.Collect$$$$0000000F                 0x080000fc   Section        0  entry11a.o(.ARM.Collect$$$$0000000F)
    .ARM.Collect$$$$00002712                 0x080000fc   Section        4  entry2.o(.ARM.Collect$$$$00002712)
    __lit__00000000                          0x080000fc   Data           4  entry2.o(.ARM.Collect$$$$00002712)
    .text                                    0x08000100   Section       36  startup_stm32f10x_md.o(.text)
    .text                                    0x08000124   Section       36  init.o(.text)
    i.Delay_Init                             0x08000148   Section        0  delay.o(i.Delay_Init)
    i.Delay_Ms                               0x0800017c   Section        0  delay.o(i.Delay_Ms)
    i.Delay_Us                               0x080001ac   Section        0  delay.o(i.Delay_Us)
    i.EXTI4_IRQHandler                       0x080001dc   Section        0  si24r1.o(i.EXTI4_IRQHandler)
    i.EXTI_ClearITPendingBit                 0x0800024c   Section        0  stm32f10x_exti.o(i.EXTI_ClearITPendingBit)
    i.EXTI_GetITStatus                       0x08000258   Section        0  stm32f10x_exti.o(i.EXTI_GetITStatus)
    i.EXTI_Init                              0x08000280   Section        0  stm32f10x_exti.o(i.EXTI_Init)
    i.GPIO_EXTILineConfig                    0x08000314   Section        0  stm32f10x_gpio.o(i.GPIO_EXTILineConfig)
    i.GPIO_Init                              0x08000354   Section        0  stm32f10x_gpio.o(i.GPIO_Init)
    i.GPIO_PinRemapConfig                    0x0800046c   Section        0  stm32f10x_gpio.o(i.GPIO_PinRemapConfig)
    i.GPIO_ReadInputDataBit                  0x080004fc   Section        0  stm32f10x_gpio.o(i.GPIO_ReadInputDataBit)
    i.GPIO_SetBits                           0x0800050e   Section        0  stm32f10x_gpio.o(i.GPIO_SetBits)
    i.KEY_Scan                               0x08000514   Section        0  key.o(i.KEY_Scan)
    i.Key_Init                               0x080005ac   Section        0  key.o(i.Key_Init)
    i.Led_Init                               0x08000604   Section        0  led.o(i.Led_Init)
    i.NRF24L01_Check                         0x08000658   Section        0  si24r1.o(i.NRF24L01_Check)
    i.NRF24L01_Exti_Init                     0x080006a4   Section        0  si24r1.o(i.NRF24L01_Exti_Init)
    NRF24L01_Exti_Init                       0x080006a5   Thumb Code   102  si24r1.o(i.NRF24L01_Exti_Init)
    i.NRF24L01_Init                          0x08000710   Section        0  si24r1.o(i.NRF24L01_Init)
    i.NRF24L01_RX_Mode                       0x080007fc   Section        0  si24r1.o(i.NRF24L01_RX_Mode)
    i.NRF24L01_Read_Buf                      0x08000824   Section        0  si24r1.o(i.NRF24L01_Read_Buf)
    i.NRF24L01_Read_Reg                      0x08000860   Section        0  si24r1.o(i.NRF24L01_Read_Reg)
    i.NRF24L01_TX_Mode                       0x0800088c   Section        0  si24r1.o(i.NRF24L01_TX_Mode)
    i.NRF24L01_TxPacket                      0x080008b0   Section        0  si24r1.o(i.NRF24L01_TxPacket)
    i.NRF24L01_Write_Buf                     0x080008dc   Section        0  si24r1.o(i.NRF24L01_Write_Buf)
    i.NRF24L01_Write_Reg                     0x08000918   Section        0  si24r1.o(i.NRF24L01_Write_Reg)
    i.NVIC_Init                              0x08000948   Section        0  misc.o(i.NVIC_Init)
    i.RCC_APB1PeriphClockCmd                 0x080009b8   Section        0  stm32f10x_rcc.o(i.RCC_APB1PeriphClockCmd)
    i.RCC_APB2PeriphClockCmd                 0x080009d8   Section        0  stm32f10x_rcc.o(i.RCC_APB2PeriphClockCmd)
    i.RCC_GetClocksFreq                      0x080009f8   Section        0  stm32f10x_rcc.o(i.RCC_GetClocksFreq)
    i.SPI1_Init                              0x08000acc   Section        0  spi1.o(i.SPI1_Init)
    i.SPI1_ReadWriteByte                     0x08000b54   Section        0  spi1.o(i.SPI1_ReadWriteByte)
    i.SPI2_Init                              0x08000ba8   Section        0  spi2.o(i.SPI2_Init)
    i.SPI2_ReadWriteByte                     0x08000c3c   Section        0  spi2.o(i.SPI2_ReadWriteByte)
    i.SPI2_SetSpeed                          0x08000c70   Section        0  spi2.o(i.SPI2_SetSpeed)
    i.SPI_Cmd                                0x08000c98   Section        0  stm32f10x_spi.o(i.SPI_Cmd)
    i.SPI_I2S_GetFlagStatus                  0x08000cb0   Section        0  stm32f10x_spi.o(i.SPI_I2S_GetFlagStatus)
    i.SPI_I2S_ReceiveData                    0x08000cc2   Section        0  stm32f10x_spi.o(i.SPI_I2S_ReceiveData)
    i.SPI_I2S_SendData                       0x08000cc8   Section        0  stm32f10x_spi.o(i.SPI_I2S_SendData)
    i.SPI_Init                               0x08000ccc   Section        0  stm32f10x_spi.o(i.SPI_Init)
    i.ST7735S_CPT144_DispChar                0x08000d08   Section        0  144lcd_st7735s.o(i.ST7735S_CPT144_DispChar)
    i.ST7735S_CPT144_DispString_XDir         0x08000d98   Section        0  144lcd_st7735s.o(i.ST7735S_CPT144_DispString_XDir)
    i.ST7735S_CPT144_GPIO_Init               0x08000df0   Section        0  144lcd_st7735s.o(i.ST7735S_CPT144_GPIO_Init)
    i.ST7735S_CPT144_Init                    0x08000e50   Section        0  144lcd_st7735s.o(i.ST7735S_CPT144_Init)
    i.ST7735S_CPT144_OpenWindow              0x08001060   Section        0  144lcd_st7735s.o(i.ST7735S_CPT144_OpenWindow)
    i.ST7735S_CPT144_SetTextColor            0x080010bc   Section        0  144lcd_st7735s.o(i.ST7735S_CPT144_SetTextColor)
    i.ST7735S_CPT144_WriteCommand            0x080010c8   Section        0  144lcd_st7735s.o(i.ST7735S_CPT144_WriteCommand)
    i.ST7735S_CPT144_WriteData               0x080010e4   Section        0  144lcd_st7735s.o(i.ST7735S_CPT144_WriteData)
    i.ST7735S_CPT144_WriteData16             0x08001100   Section        0  144lcd_st7735s.o(i.ST7735S_CPT144_WriteData16)
    i.ST7735S_CPT144_displayColor            0x08001112   Section        0  144lcd_st7735s.o(i.ST7735S_CPT144_displayColor)
    i.SetSysClock                            0x08001142   Section        0  system_stm32f10x.o(i.SetSysClock)
    SetSysClock                              0x08001143   Thumb Code     8  system_stm32f10x.o(i.SetSysClock)
    i.SetSysClockTo72                        0x0800114c   Section        0  system_stm32f10x.o(i.SetSysClockTo72)
    SetSysClockTo72                          0x0800114d   Thumb Code   214  system_stm32f10x.o(i.SetSysClockTo72)
    i.SysTick_CLKSourceConfig                0x0800122c   Section        0  misc.o(i.SysTick_CLKSourceConfig)
    i.SystemInit                             0x08001254   Section        0  system_stm32f10x.o(i.SystemInit)
    i.USART1_IRQHandler                      0x080012b4   Section        0  usart_debug.o(i.USART1_IRQHandler)
    i.USART_Cmd                              0x080012d8   Section        0  stm32f10x_usart.o(i.USART_Cmd)
    i.USART_GetITStatus                      0x080012f0   Section        0  stm32f10x_usart.o(i.USART_GetITStatus)
    i.USART_ITConfig                         0x08001344   Section        0  stm32f10x_usart.o(i.USART_ITConfig)
    i.USART_Init                             0x08001390   Section        0  stm32f10x_usart.o(i.USART_Init)
    i.USART_ReceiveData                      0x08001468   Section        0  stm32f10x_usart.o(i.USART_ReceiveData)
    i.USART_SendData                         0x08001472   Section        0  stm32f10x_usart.o(i.USART_SendData)
    i.Usart_Debug_Init                       0x0800147c   Section        0  usart_debug.o(i.Usart_Debug_Init)
    i.__0printf$bare                         0x0800151c   Section        0  printfb.o(i.__0printf$bare)
    i.__scatterload_copy                     0x0800152c   Section       14  handlers.o(i.__scatterload_copy)
    i.__scatterload_null                     0x0800153a   Section        2  handlers.o(i.__scatterload_null)
    i.__scatterload_zeroinit                 0x0800153c   Section       14  handlers.o(i.__scatterload_zeroinit)
    i._printf_core                           0x0800154a   Section        0  printfb.o(i._printf_core)
    _printf_core                             0x0800154b   Thumb Code    34  printfb.o(i._printf_core)
    i.fputc                                  0x0800156c   Section        0  usart_debug.o(i.fputc)
    i.main                                   0x08001588   Section        0  main.o(i.main)
    .constdata                               0x08001668   Section    15200  fonts.o(.constdata)
    .constdata                               0x080051c8   Section       10  si24r1.o(.constdata)
    .data                                    0x20000000   Section        4  delay.o(.data)
    .data                                    0x20000004   Section        4  usart_debug.o(.data)
    .data                                    0x20000008   Section       24  fonts.o(.data)
    .data                                    0x20000020   Section        8  144lcd_st7735s.o(.data)
    ST7735S_CPT144_Currentfonts              0x20000020   Data           4  144lcd_st7735s.o(.data)
    CurrentTextColor                         0x20000024   Data           2  144lcd_st7735s.o(.data)
    CurrentBackColor                         0x20000026   Data           2  144lcd_st7735s.o(.data)
    .data                                    0x20000028   Section        1  key.o(.data)
    key_up                                   0x20000028   Data           1  key.o(.data)
    .data                                    0x20000029   Section        1  si24r1.o(.data)
    .data                                    0x2000002a   Section       20  stm32f10x_rcc.o(.data)
    APBAHBPrescTable                         0x2000002a   Data          16  stm32f10x_rcc.o(.data)
    ADCPrescTable                            0x2000003a   Data           4  stm32f10x_rcc.o(.data)
    .bss                                     0x20000040   Section       64  si24r1.o(.bss)
    STACK                                    0x20000080   Section     1024  startup_stm32f10x_md.o(STACK)

    Global Symbols

    Symbol Name                              Value     Ov Type        Size  Object(Section)

    BuildAttributes$$THM_ISAv4$P$D$K$B$S$PE$A:L22UL41UL21$X:L11$S22US41US21$IEEE1$IW$USESV6$~STKCKD$USESV7$~SHL$OSPACE$ROPI$EBA8$MICROLIB$REQ8$PRES8$EABIv2 0x00000000   Number         0  anon$$obj.o ABSOLUTE
    __ARM_use_no_argv                        0x00000000   Number         0  main.o ABSOLUTE
    __cpp_initialize__aeabi_                  - Undefined Weak Reference
    __cxa_finalize                            - Undefined Weak Reference
    __decompress                              - Undefined Weak Reference
    _clock_init                               - Undefined Weak Reference
    _microlib_exit                            - Undefined Weak Reference
    __Vectors_Size                           0x000000ec   Number         0  startup_stm32f10x_md.o ABSOLUTE
    __Vectors                                0x08000000   Data           4  startup_stm32f10x_md.o(RESET)
    __Vectors_End                            0x080000ec   Data           0  startup_stm32f10x_md.o(RESET)
    __main                                   0x080000ed   Thumb Code     0  entry.o(.ARM.Collect$$$$00000000)
    _main_stk                                0x080000ed   Thumb Code     0  entry2.o(.ARM.Collect$$$$00000001)
    _main_scatterload                        0x080000f1   Thumb Code     0  entry5.o(.ARM.Collect$$$$00000004)
    __main_after_scatterload                 0x080000f5   Thumb Code     0  entry5.o(.ARM.Collect$$$$00000004)
    _main_clock                              0x080000f5   Thumb Code     0  entry7b.o(.ARM.Collect$$$$00000008)
    _main_cpp_init                           0x080000f5   Thumb Code     0  entry8b.o(.ARM.Collect$$$$0000000A)
    _main_init                               0x080000f5   Thumb Code     0  entry9a.o(.ARM.Collect$$$$0000000B)
    __rt_final_cpp                           0x080000fd   Thumb Code     0  entry10a.o(.ARM.Collect$$$$0000000D)
    __rt_final_exit                          0x080000fd   Thumb Code     0  entry11a.o(.ARM.Collect$$$$0000000F)
    Reset_Handler                            0x08000101   Thumb Code     8  startup_stm32f10x_md.o(.text)
    NMI_Handler                              0x08000109   Thumb Code     2  startup_stm32f10x_md.o(.text)
    HardFault_Handler                        0x0800010b   Thumb Code     2  startup_stm32f10x_md.o(.text)
    MemManage_Handler                        0x0800010d   Thumb Code     2  startup_stm32f10x_md.o(.text)
    BusFault_Handler                         0x0800010f   Thumb Code     2  startup_stm32f10x_md.o(.text)
    UsageFault_Handler                       0x08000111   Thumb Code     2  startup_stm32f10x_md.o(.text)
    SVC_Handler                              0x08000113   Thumb Code     2  startup_stm32f10x_md.o(.text)
    DebugMon_Handler                         0x08000115   Thumb Code     2  startup_stm32f10x_md.o(.text)
    PendSV_Handler                           0x08000117   Thumb Code     2  startup_stm32f10x_md.o(.text)
    SysTick_Handler                          0x08000119   Thumb Code     2  startup_stm32f10x_md.o(.text)
    ADC1_2_IRQHandler                        0x0800011b   Thumb Code     0  startup_stm32f10x_md.o(.text)
    CAN1_RX1_IRQHandler                      0x0800011b   Thumb Code     0  startup_stm32f10x_md.o(.text)
    CAN1_SCE_IRQHandler                      0x0800011b   Thumb Code     0  startup_stm32f10x_md.o(.text)
    DMA1_Channel1_IRQHandler                 0x0800011b   Thumb Code     0  startup_stm32f10x_md.o(.text)
    DMA1_Channel2_IRQHandler                 0x0800011b   Thumb Code     0  startup_stm32f10x_md.o(.text)
    DMA1_Channel3_IRQHandler                 0x0800011b   Thumb Code     0  startup_stm32f10x_md.o(.text)
    DMA1_Channel4_IRQHandler                 0x0800011b   Thumb Code     0  startup_stm32f10x_md.o(.text)
    DMA1_Channel5_IRQHandler                 0x0800011b   Thumb Code     0  startup_stm32f10x_md.o(.text)
    DMA1_Channel6_IRQHandler                 0x0800011b   Thumb Code     0  startup_stm32f10x_md.o(.text)
    DMA1_Channel7_IRQHandler                 0x0800011b   Thumb Code     0  startup_stm32f10x_md.o(.text)
    EXTI0_IRQHandler                         0x0800011b   Thumb Code     0  startup_stm32f10x_md.o(.text)
    EXTI15_10_IRQHandler                     0x0800011b   Thumb Code     0  startup_stm32f10x_md.o(.text)
    EXTI1_IRQHandler                         0x0800011b   Thumb Code     0  startup_stm32f10x_md.o(.text)
    EXTI2_IRQHandler                         0x0800011b   Thumb Code     0  startup_stm32f10x_md.o(.text)
    EXTI3_IRQHandler                         0x0800011b   Thumb Code     0  startup_stm32f10x_md.o(.text)
    EXTI9_5_IRQHandler                       0x0800011b   Thumb Code     0  startup_stm32f10x_md.o(.text)
    FLASH_IRQHandler                         0x0800011b   Thumb Code     0  startup_stm32f10x_md.o(.text)
    I2C1_ER_IRQHandler                       0x0800011b   Thumb Code     0  startup_stm32f10x_md.o(.text)
    I2C1_EV_IRQHandler                       0x0800011b   Thumb Code     0  startup_stm32f10x_md.o(.text)
    I2C2_ER_IRQHandler                       0x0800011b   Thumb Code     0  startup_stm32f10x_md.o(.text)
    I2C2_EV_IRQHandler                       0x0800011b   Thumb Code     0  startup_stm32f10x_md.o(.text)
    PVD_IRQHandler                           0x0800011b   Thumb Code     0  startup_stm32f10x_md.o(.text)
    RCC_IRQHandler                           0x0800011b   Thumb Code     0  startup_stm32f10x_md.o(.text)
    RTCAlarm_IRQHandler                      0x0800011b   Thumb Code     0  startup_stm32f10x_md.o(.text)
    RTC_IRQHandler                           0x0800011b   Thumb Code     0  startup_stm32f10x_md.o(.text)
    SPI1_IRQHandler                          0x0800011b   Thumb Code     0  startup_stm32f10x_md.o(.text)
    SPI2_IRQHandler                          0x0800011b   Thumb Code     0  startup_stm32f10x_md.o(.text)
    TAMPER_IRQHandler                        0x0800011b   Thumb Code     0  startup_stm32f10x_md.o(.text)
    TIM1_BRK_IRQHandler                      0x0800011b   Thumb Code     0  startup_stm32f10x_md.o(.text)
    TIM1_CC_IRQHandler                       0x0800011b   Thumb Code     0  startup_stm32f10x_md.o(.text)
    TIM1_TRG_COM_IRQHandler                  0x0800011b   Thumb Code     0  startup_stm32f10x_md.o(.text)
    TIM1_UP_IRQHandler                       0x0800011b   Thumb Code     0  startup_stm32f10x_md.o(.text)
    TIM2_IRQHandler                          0x0800011b   Thumb Code     0  startup_stm32f10x_md.o(.text)
    TIM3_IRQHandler                          0x0800011b   Thumb Code     0  startup_stm32f10x_md.o(.text)
    TIM4_IRQHandler                          0x0800011b   Thumb Code     0  startup_stm32f10x_md.o(.text)
    USART2_IRQHandler                        0x0800011b   Thumb Code     0  startup_stm32f10x_md.o(.text)
    USART3_IRQHandler                        0x0800011b   Thumb Code     0  startup_stm32f10x_md.o(.text)
    USBWakeUp_IRQHandler                     0x0800011b   Thumb Code     0  startup_stm32f10x_md.o(.text)
    USB_HP_CAN1_TX_IRQHandler                0x0800011b   Thumb Code     0  startup_stm32f10x_md.o(.text)
    USB_LP_CAN1_RX0_IRQHandler               0x0800011b   Thumb Code     0  startup_stm32f10x_md.o(.text)
    WWDG_IRQHandler                          0x0800011b   Thumb Code     0  startup_stm32f10x_md.o(.text)
    __scatterload                            0x08000125   Thumb Code    28  init.o(.text)
    __scatterload_rt2                        0x08000125   Thumb Code     0  init.o(.text)
    Delay_Init                               0x08000149   Thumb Code    42  delay.o(i.Delay_Init)
    Delay_Ms                                 0x0800017d   Thumb Code    44  delay.o(i.Delay_Ms)
    Delay_Us                                 0x080001ad   Thumb Code    44  delay.o(i.Delay_Us)
    EXTI4_IRQHandler                         0x080001dd   Thumb Code   104  si24r1.o(i.EXTI4_IRQHandler)
    EXTI_ClearITPendingBit                   0x0800024d   Thumb Code     6  stm32f10x_exti.o(i.EXTI_ClearITPendingBit)
    EXTI_GetITStatus                         0x08000259   Thumb Code    34  stm32f10x_exti.o(i.EXTI_GetITStatus)
    EXTI_Init                                0x08000281   Thumb Code   142  stm32f10x_exti.o(i.EXTI_Init)
    GPIO_EXTILineConfig                      0x08000315   Thumb Code    60  stm32f10x_gpio.o(i.GPIO_EXTILineConfig)
    GPIO_Init                                0x08000355   Thumb Code   278  stm32f10x_gpio.o(i.GPIO_Init)
    GPIO_PinRemapConfig                      0x0800046d   Thumb Code   138  stm32f10x_gpio.o(i.GPIO_PinRemapConfig)
    GPIO_ReadInputDataBit                    0x080004fd   Thumb Code    18  stm32f10x_gpio.o(i.GPIO_ReadInputDataBit)
    GPIO_SetBits                             0x0800050f   Thumb Code     4  stm32f10x_gpio.o(i.GPIO_SetBits)
    KEY_Scan                                 0x08000515   Thumb Code   140  key.o(i.KEY_Scan)
    Key_Init                                 0x080005ad   Thumb Code    80  key.o(i.Key_Init)
    Led_Init                                 0x08000605   Thumb Code    66  led.o(i.Led_Init)
    NRF24L01_Check                           0x08000659   Thumb Code    66  si24r1.o(i.NRF24L01_Check)
    NRF24L01_Init                            0x08000711   Thumb Code   180  si24r1.o(i.NRF24L01_Init)
    NRF24L01_RX_Mode                         0x080007fd   Thumb Code    32  si24r1.o(i.NRF24L01_RX_Mode)
    NRF24L01_Read_Buf                        0x08000825   Thumb Code    56  si24r1.o(i.NRF24L01_Read_Buf)
    NRF24L01_Read_Reg                        0x08000861   Thumb Code    36  si24r1.o(i.NRF24L01_Read_Reg)
    NRF24L01_TX_Mode                         0x0800088d   Thumb Code    26  si24r1.o(i.NRF24L01_TX_Mode)
    NRF24L01_TxPacket                        0x080008b1   Thumb Code    36  si24r1.o(i.NRF24L01_TxPacket)
    NRF24L01_Write_Buf                       0x080008dd   Thumb Code    56  si24r1.o(i.NRF24L01_Write_Buf)
    NRF24L01_Write_Reg                       0x08000919   Thumb Code    38  si24r1.o(i.NRF24L01_Write_Reg)
    NVIC_Init                                0x08000949   Thumb Code   100  misc.o(i.NVIC_Init)
    RCC_APB1PeriphClockCmd                   0x080009b9   Thumb Code    26  stm32f10x_rcc.o(i.RCC_APB1PeriphClockCmd)
    RCC_APB2PeriphClockCmd                   0x080009d9   Thumb Code    26  stm32f10x_rcc.o(i.RCC_APB2PeriphClockCmd)
    RCC_GetClocksFreq                        0x080009f9   Thumb Code   192  stm32f10x_rcc.o(i.RCC_GetClocksFreq)
    SPI1_Init                                0x08000acd   Thumb Code   128  spi1.o(i.SPI1_Init)
    SPI1_ReadWriteByte                       0x08000b55   Thumb Code    78  spi1.o(i.SPI1_ReadWriteByte)
    SPI2_Init                                0x08000ba9   Thumb Code   140  spi2.o(i.SPI2_Init)
    SPI2_ReadWriteByte                       0x08000c3d   Thumb Code    46  spi2.o(i.SPI2_ReadWriteByte)
    SPI2_SetSpeed                            0x08000c71   Thumb Code    36  spi2.o(i.SPI2_SetSpeed)
    SPI_Cmd                                  0x08000c99   Thumb Code    24  stm32f10x_spi.o(i.SPI_Cmd)
    SPI_I2S_GetFlagStatus                    0x08000cb1   Thumb Code    18  stm32f10x_spi.o(i.SPI_I2S_GetFlagStatus)
    SPI_I2S_ReceiveData                      0x08000cc3   Thumb Code     6  stm32f10x_spi.o(i.SPI_I2S_ReceiveData)
    SPI_I2S_SendData                         0x08000cc9   Thumb Code     4  stm32f10x_spi.o(i.SPI_I2S_SendData)
    SPI_Init                                 0x08000ccd   Thumb Code    60  stm32f10x_spi.o(i.SPI_Init)
    ST7735S_CPT144_DispChar                  0x08000d09   Thumb Code   132  144lcd_st7735s.o(i.ST7735S_CPT144_DispChar)
    ST7735S_CPT144_DispString_XDir           0x08000d99   Thumb Code    84  144lcd_st7735s.o(i.ST7735S_CPT144_DispString_XDir)
    ST7735S_CPT144_GPIO_Init                 0x08000df1   Thumb Code    86  144lcd_st7735s.o(i.ST7735S_CPT144_GPIO_Init)
    ST7735S_CPT144_Init                      0x08000e51   Thumb Code   518  144lcd_st7735s.o(i.ST7735S_CPT144_Init)
    ST7735S_CPT144_OpenWindow                0x08001061   Thumb Code    92  144lcd_st7735s.o(i.ST7735S_CPT144_OpenWindow)
    ST7735S_CPT144_SetTextColor              0x080010bd   Thumb Code     6  144lcd_st7735s.o(i.ST7735S_CPT144_SetTextColor)
    ST7735S_CPT144_WriteCommand              0x080010c9   Thumb Code    24  144lcd_st7735s.o(i.ST7735S_CPT144_WriteCommand)
    ST7735S_CPT144_WriteData                 0x080010e5   Thumb Code    24  144lcd_st7735s.o(i.ST7735S_CPT144_WriteData)
    ST7735S_CPT144_WriteData16               0x08001101   Thumb Code    18  144lcd_st7735s.o(i.ST7735S_CPT144_WriteData16)
    ST7735S_CPT144_displayColor              0x08001113   Thumb Code    48  144lcd_st7735s.o(i.ST7735S_CPT144_displayColor)
    SysTick_CLKSourceConfig                  0x0800122d   Thumb Code    40  misc.o(i.SysTick_CLKSourceConfig)
    SystemInit                               0x08001255   Thumb Code    78  system_stm32f10x.o(i.SystemInit)
    USART1_IRQHandler                        0x080012b5   Thumb Code    32  usart_debug.o(i.USART1_IRQHandler)
    USART_Cmd                                0x080012d9   Thumb Code    24  stm32f10x_usart.o(i.USART_Cmd)
    USART_GetITStatus                        0x080012f1   Thumb Code    84  stm32f10x_usart.o(i.USART_GetITStatus)
    USART_ITConfig                           0x08001345   Thumb Code    74  stm32f10x_usart.o(i.USART_ITConfig)
    USART_Init                               0x08001391   Thumb Code   210  stm32f10x_usart.o(i.USART_Init)
    USART_ReceiveData                        0x08001469   Thumb Code    10  stm32f10x_usart.o(i.USART_ReceiveData)
    USART_SendData                           0x08001473   Thumb Code     8  stm32f10x_usart.o(i.USART_SendData)
    Usart_Debug_Init                         0x0800147d   Thumb Code   152  usart_debug.o(i.Usart_Debug_Init)
    __0printf$bare                           0x0800151d   Thumb Code     8  printfb.o(i.__0printf$bare)
    __1printf$bare                           0x0800151d   Thumb Code     0  printfb.o(i.__0printf$bare)
    __2printf                                0x0800151d   Thumb Code     0  printfb.o(i.__0printf$bare)
    __scatterload_copy                       0x0800152d   Thumb Code    14  handlers.o(i.__scatterload_copy)
    __scatterload_null                       0x0800153b   Thumb Code     2  handlers.o(i.__scatterload_null)
    __scatterload_zeroinit                   0x0800153d   Thumb Code    14  handlers.o(i.__scatterload_zeroinit)
    fputc                                    0x0800156d   Thumb Code    24  usart_debug.o(i.fputc)
    main                                     0x08001589   Thumb Code   196  main.o(i.main)
    ASCII8x16_Table                          0x08001668   Data        1520  fonts.o(.constdata)
    ASCII16x24_Table                         0x08001c58   Data        4560  fonts.o(.constdata)
    ASCII24x32_Table                         0x08002e28   Data        9120  fonts.o(.constdata)
    TX_ADDRESS                               0x080051c8   Data           5  si24r1.o(.constdata)
    RX_ADDRESS                               0x080051cd   Data           5  si24r1.o(.constdata)
    Region$$Table$$Base                      0x080051d4   Number         0  anon$$obj.o(Region$$Table)
    Region$$Table$$Limit                     0x080051f4   Number         0  anon$$obj.o(Region$$Table)
    Fac_Us                                   0x20000000   Data           1  delay.o(.data)
    Fac_Ms                                   0x20000002   Data           2  delay.o(.data)
    __stdout                                 0x20000004   Data           4  usart_debug.o(.data)
    Font8x16                                 0x20000008   Data           8  fonts.o(.data)
    Font16x24                                0x20000010   Data           8  fonts.o(.data)
    Font24x32                                0x20000018   Data           8  fonts.o(.data)
    NRF24L_Tx_Rx_Sta                         0x20000029   Data           1  si24r1.o(.data)
    NRF24L_Rx_Buf                            0x20000040   Data          32  si24r1.o(.bss)
    NRF24L_Tx_Buf                            0x20000060   Data          32  si24r1.o(.bss)
    __initial_sp                             0x20000480   Data           0  startup_stm32f10x_md.o(STACK)



==============================================================================

Memory Map of the image

  Image Entry point : 0x080000ed

  Load Region LR_IROM1 (Base: 0x08000000, Size: 0x00005234, Max: 0x00010000, ABSOLUTE)

    Execution Region ER_IROM1 (Exec base: 0x08000000, Load base: 0x08000000, Size: 0x000051f4, Max: 0x00010000, ABSOLUTE)

    Exec Addr    Load Addr    Size         Type   Attr      Idx    E Section Name        Object

    0x08000000   0x08000000   0x000000ec   Data   RO          625    RESET               startup_stm32f10x_md.o
    0x080000ec   0x080000ec   0x00000000   Code   RO         1422  * .ARM.Collect$$$$00000000  mc_w.l(entry.o)
    0x080000ec   0x080000ec   0x00000004   Code   RO         1685    .ARM.Collect$$$$00000001  mc_w.l(entry2.o)
    0x080000f0   0x080000f0   0x00000004   Code   RO         1688    .ARM.Collect$$$$00000004  mc_w.l(entry5.o)
    0x080000f4   0x080000f4   0x00000000   Code   RO         1690    .ARM.Collect$$$$00000008  mc_w.l(entry7b.o)
    0x080000f4   0x080000f4   0x00000000   Code   RO         1692    .ARM.Collect$$$$0000000A  mc_w.l(entry8b.o)
    0x080000f4   0x080000f4   0x00000008   Code   RO         1693    .ARM.Collect$$$$0000000B  mc_w.l(entry9a.o)
    0x080000fc   0x080000fc   0x00000000   Code   RO         1695    .ARM.Collect$$$$0000000D  mc_w.l(entry10a.o)
    0x080000fc   0x080000fc   0x00000000   Code   RO         1697    .ARM.Collect$$$$0000000F  mc_w.l(entry11a.o)
    0x080000fc   0x080000fc   0x00000004   Code   RO         1686    .ARM.Collect$$$$00002712  mc_w.l(entry2.o)
    0x08000100   0x08000100   0x00000024   Code   RO          626    .text               startup_stm32f10x_md.o
    0x08000124   0x08000124   0x00000024   Code   RO         1714    .text               mc_w.l(init.o)
    0x08000148   0x08000148   0x00000034   Code   RO          241    i.Delay_Init        delay.o
    0x0800017c   0x0800017c   0x00000030   Code   RO          242    i.Delay_Ms          delay.o
    0x080001ac   0x080001ac   0x00000030   Code   RO          243    i.Delay_Us          delay.o
    0x080001dc   0x080001dc   0x00000070   Code   RO          517    i.EXTI4_IRQHandler  si24r1.o
    0x0800024c   0x0800024c   0x0000000c   Code   RO         1225    i.EXTI_ClearITPendingBit  stm32f10x_exti.o
    0x08000258   0x08000258   0x00000028   Code   RO         1229    i.EXTI_GetITStatus  stm32f10x_exti.o
    0x08000280   0x08000280   0x00000094   Code   RO         1230    i.EXTI_Init         stm32f10x_exti.o
    0x08000314   0x08000314   0x00000040   Code   RO          733    i.GPIO_EXTILineConfig  stm32f10x_gpio.o
    0x08000354   0x08000354   0x00000116   Code   RO          736    i.GPIO_Init         stm32f10x_gpio.o
    0x0800046a   0x0800046a   0x00000002   PAD
    0x0800046c   0x0800046c   0x00000090   Code   RO          738    i.GPIO_PinRemapConfig  stm32f10x_gpio.o
    0x080004fc   0x080004fc   0x00000012   Code   RO          740    i.GPIO_ReadInputDataBit  stm32f10x_gpio.o
    0x0800050e   0x0800050e   0x00000004   Code   RO          744    i.GPIO_SetBits      stm32f10x_gpio.o
    0x08000512   0x08000512   0x00000002   PAD
    0x08000514   0x08000514   0x00000098   Code   RO          495    i.KEY_Scan          key.o
    0x080005ac   0x080005ac   0x00000058   Code   RO          496    i.Key_Init          key.o
    0x08000604   0x08000604   0x00000054   Code   RO          274    i.Led_Init          led.o
    0x08000658   0x08000658   0x0000004c   Code   RO          518    i.NRF24L01_Check    si24r1.o
    0x080006a4   0x080006a4   0x0000006c   Code   RO          519    i.NRF24L01_Exti_Init  si24r1.o
    0x08000710   0x08000710   0x000000ec   Code   RO          520    i.NRF24L01_Init     si24r1.o
    0x080007fc   0x080007fc   0x00000028   Code   RO          521    i.NRF24L01_RX_Mode  si24r1.o
    0x08000824   0x08000824   0x0000003c   Code   RO          522    i.NRF24L01_Read_Buf  si24r1.o
    0x08000860   0x08000860   0x0000002c   Code   RO          523    i.NRF24L01_Read_Reg  si24r1.o
    0x0800088c   0x0800088c   0x00000024   Code   RO          524    i.NRF24L01_TX_Mode  si24r1.o
    0x080008b0   0x080008b0   0x0000002c   Code   RO          525    i.NRF24L01_TxPacket  si24r1.o
    0x080008dc   0x080008dc   0x0000003c   Code   RO          526    i.NRF24L01_Write_Buf  si24r1.o
    0x08000918   0x08000918   0x00000030   Code   RO          527    i.NRF24L01_Write_Reg  si24r1.o
    0x08000948   0x08000948   0x00000070   Code   RO          694    i.NVIC_Init         misc.o
    0x080009b8   0x080009b8   0x00000020   Code   RO          846    i.RCC_APB1PeriphClockCmd  stm32f10x_rcc.o
    0x080009d8   0x080009d8   0x00000020   Code   RO          848    i.RCC_APB2PeriphClockCmd  stm32f10x_rcc.o
    0x080009f8   0x080009f8   0x000000d4   Code   RO          856    i.RCC_GetClocksFreq  stm32f10x_rcc.o
    0x08000acc   0x08000acc   0x00000088   Code   RO          596    i.SPI1_Init         spi1.o
    0x08000b54   0x08000b54   0x00000054   Code   RO          597    i.SPI1_ReadWriteByte  spi1.o
    0x08000ba8   0x08000ba8   0x00000094   Code   RO          468    i.SPI2_Init         spi2.o
    0x08000c3c   0x08000c3c   0x00000034   Code   RO          469    i.SPI2_ReadWriteByte  spi2.o
    0x08000c70   0x08000c70   0x00000028   Code   RO          470    i.SPI2_SetSpeed     spi2.o
    0x08000c98   0x08000c98   0x00000018   Code   RO         1283    i.SPI_Cmd           stm32f10x_spi.o
    0x08000cb0   0x08000cb0   0x00000012   Code   RO         1291    i.SPI_I2S_GetFlagStatus  stm32f10x_spi.o
    0x08000cc2   0x08000cc2   0x00000006   Code   RO         1294    i.SPI_I2S_ReceiveData  stm32f10x_spi.o
    0x08000cc8   0x08000cc8   0x00000004   Code   RO         1295    i.SPI_I2S_SendData  stm32f10x_spi.o
    0x08000ccc   0x08000ccc   0x0000003c   Code   RO         1296    i.SPI_Init          stm32f10x_spi.o
    0x08000d08   0x08000d08   0x00000090   Code   RO          343    i.ST7735S_CPT144_DispChar  144lcd_st7735s.o
    0x08000d98   0x08000d98   0x00000058   Code   RO          346    i.ST7735S_CPT144_DispString_XDir  144lcd_st7735s.o
    0x08000df0   0x08000df0   0x00000060   Code   RO          348    i.ST7735S_CPT144_GPIO_Init  144lcd_st7735s.o
    0x08000e50   0x08000e50   0x00000210   Code   RO          350    i.ST7735S_CPT144_Init  144lcd_st7735s.o
    0x08001060   0x08001060   0x0000005c   Code   RO          351    i.ST7735S_CPT144_OpenWindow  144lcd_st7735s.o
    0x080010bc   0x080010bc   0x0000000c   Code   RO          354    i.ST7735S_CPT144_SetTextColor  144lcd_st7735s.o
    0x080010c8   0x080010c8   0x0000001c   Code   RO          441    i.ST7735S_CPT144_WriteCommand  144lcd_st7735s.o
    0x080010e4   0x080010e4   0x0000001c   Code   RO          431    i.ST7735S_CPT144_WriteData  144lcd_st7735s.o
    0x08001100   0x08001100   0x00000012   Code   RO          436    i.ST7735S_CPT144_WriteData16  144lcd_st7735s.o
    0x08001112   0x08001112   0x00000030   Code   RO          355    i.ST7735S_CPT144_displayColor  144lcd_st7735s.o
    0x08001142   0x08001142   0x00000008   Code   RO          631    i.SetSysClock       system_stm32f10x.o
    0x0800114a   0x0800114a   0x00000002   PAD
    0x0800114c   0x0800114c   0x000000e0   Code   RO          632    i.SetSysClockTo72   system_stm32f10x.o
    0x0800122c   0x0800122c   0x00000028   Code   RO          698    i.SysTick_CLKSourceConfig  misc.o
    0x08001254   0x08001254   0x00000060   Code   RO          634    i.SystemInit        system_stm32f10x.o
    0x080012b4   0x080012b4   0x00000024   Code   RO          289    i.USART1_IRQHandler  usart_debug.o
    0x080012d8   0x080012d8   0x00000018   Code   RO         1048    i.USART_Cmd         stm32f10x_usart.o
    0x080012f0   0x080012f0   0x00000054   Code   RO         1052    i.USART_GetITStatus  stm32f10x_usart.o
    0x08001344   0x08001344   0x0000004a   Code   RO         1054    i.USART_ITConfig    stm32f10x_usart.o
    0x0800138e   0x0800138e   0x00000002   PAD
    0x08001390   0x08001390   0x000000d8   Code   RO         1055    i.USART_Init        stm32f10x_usart.o
    0x08001468   0x08001468   0x0000000a   Code   RO         1062    i.USART_ReceiveData  stm32f10x_usart.o
    0x08001472   0x08001472   0x00000008   Code   RO         1065    i.USART_SendData    stm32f10x_usart.o
    0x0800147a   0x0800147a   0x00000002   PAD
    0x0800147c   0x0800147c   0x000000a0   Code   RO          290    i.Usart_Debug_Init  usart_debug.o
    0x0800151c   0x0800151c   0x00000010   Code   RO         1426    i.__0printf$bare    mc_w.l(printfb.o)
    0x0800152c   0x0800152c   0x0000000e   Code   RO         1726    i.__scatterload_copy  mc_w.l(handlers.o)
    0x0800153a   0x0800153a   0x00000002   Code   RO         1727    i.__scatterload_null  mc_w.l(handlers.o)
    0x0800153c   0x0800153c   0x0000000e   Code   RO         1728    i.__scatterload_zeroinit  mc_w.l(handlers.o)
    0x0800154a   0x0800154a   0x00000022   Code   RO         1433    i._printf_core      mc_w.l(printfb.o)
    0x0800156c   0x0800156c   0x0000001c   Code   RO          292    i.fputc             usart_debug.o
    0x08001588   0x08001588   0x000000e0   Code   RO            1    i.main              main.o
    0x08001668   0x08001668   0x00003b60   Data   RO          329    .constdata          fonts.o
    0x080051c8   0x080051c8   0x0000000a   Data   RO          529    .constdata          si24r1.o
    0x080051d2   0x080051d2   0x00000002   PAD
    0x080051d4   0x080051d4   0x00000020   Data   RO         1724    Region$$Table       anon$$obj.o


    Execution Region RW_IRAM1 (Exec base: 0x20000000, Load base: 0x080051f4, Size: 0x00000480, Max: 0x00005000, ABSOLUTE)

    Exec Addr    Load Addr    Size         Type   Attr      Idx    E Section Name        Object

    0x20000000   0x080051f4   0x00000004   Data   RW          244    .data               delay.o
    0x20000004   0x080051f8   0x00000004   Data   RW          293    .data               usart_debug.o
    0x20000008   0x080051fc   0x00000018   Data   RW          330    .data               fonts.o
    0x20000020   0x08005214   0x00000008   Data   RW          356    .data               144lcd_st7735s.o
    0x20000028   0x0800521c   0x00000001   Data   RW          497    .data               key.o
    0x20000029   0x0800521d   0x00000001   Data   RW          530    .data               si24r1.o
    0x2000002a   0x0800521e   0x00000014   Data   RW          876    .data               stm32f10x_rcc.o
    0x2000003e   0x08005232   0x00000002   PAD
    0x20000040        -       0x00000040   Zero   RW          528    .bss                si24r1.o
    0x20000080        -       0x00000400   Zero   RW          623    STACK               startup_stm32f10x_md.o


==============================================================================

Image component sizes


      Code (inc. data)   RO Data    RW Data    ZI Data      Debug   Object Name

      1082         50          0          8          0       9465   144lcd_st7735s.o
       148         18          0          4          0       1803   delay.o
         0          0      15200         24          0       1273   fonts.o
       240         20          0          1          0       1166   key.o
        84         18          0          0          0        531   led.o
       224         28          0          0          0     226483   main.o
       152         12          0          0          0       1806   misc.o
       864        132         10          1         64       7661   si24r1.o
       220         14          0          0          0       1321   spi1.o
       240         18          0          0          0       1769   spi2.o
        36          8        236          0       1024        884   startup_stm32f10x_md.o
       200         18          0          0          0       2452   stm32f10x_exti.o
       508         10          0          0          0       5079   stm32f10x_gpio.o
       276         32          0         20          0       4830   stm32f10x_rcc.o
       112          0          0          0          0       4334   stm32f10x_spi.o
       416          6          0          0          0       6127   stm32f10x_usart.o
         0          0          0          0          0     236328   sys.o
       328         28          0          0          0       2121   system_stm32f10x.o
       224         16          0          4          0       3801   usart_debug.o

    ----------------------------------------------------------------------
      5364        428      15480         64       1088     519234   Object Totals
         0          0         32          0          0          0   (incl. Generated)
        10          0          2          2          0          0   (incl. Padding)

    ----------------------------------------------------------------------

      Code (inc. data)   RO Data    RW Data    ZI Data      Debug   Library Member Name

         0          0          0          0          0          0   entry.o
         0          0          0          0          0          0   entry10a.o
         0          0          0          0          0          0   entry11a.o
         8          4          0          0          0          0   entry2.o
         4          0          0          0          0          0   entry5.o
         0          0          0          0          0          0   entry7b.o
         0          0          0          0          0          0   entry8b.o
         8          4          0          0          0          0   entry9a.o
        30          0          0          0          0          0   handlers.o
        36          8          0          0          0         68   init.o
        50          8          0          0          0        152   printfb.o

    ----------------------------------------------------------------------
       136         24          0          0          0        220   Library Totals
         0          0          0          0          0          0   (incl. Padding)

    ----------------------------------------------------------------------

      Code (inc. data)   RO Data    RW Data    ZI Data      Debug   Library Name

       136         24          0          0          0        220   mc_w.l

    ----------------------------------------------------------------------
       136         24          0          0          0        220   Library Totals

    ----------------------------------------------------------------------

==============================================================================


      Code (inc. data)   RO Data    RW Data    ZI Data      Debug   

      5500        452      15480         64       1088     516382   Grand Totals
      5500        452      15480         64       1088     516382   ELF Image Totals
      5500        452      15480         64          0          0   ROM Totals

==============================================================================

    Total RO  Size (Code + RO Data)                20980 (  20.49kB)
    Total RW  Size (RW Data + ZI Data)              1152 (   1.13kB)
    Total ROM Size (Code + RO Data + RW Data)      21044 (  20.55kB)

==============================================================================

