<!doctype html public "-//w3c//dtd html 4.0 transitional//en">
<html><head>
<title>Static Call Graph - [.\1.Output\Objects\MY_Project.axf]</title></head>
<body><HR>
<H1>Static Call Graph for image .\1.Output\Objects\MY_Project.axf</H1><HR>
<BR><P>#&#060CALLGRAPH&#062# ARM Linker, 5060750: Last Updated: Sat Feb 06 00:46:08 2021
<BR><P>
<H3>Maximum Stack Usage =        136 bytes + Unknown(Cycles, Untraceable Function Pointers)</H3><H3>
Call chain for Maximum Stack Depth:</H3>
main &rArr; Usart_Debug_Init &rArr; usart_baudrate_set &rArr; rcu_clock_freq_get
<P>
<H3>
Mutually Recursive functions
</H3> <LI><a href="#[1c]">ADC0_1_IRQHandler</a>&nbsp;&nbsp;&nbsp;&rArr;&nbsp;&nbsp;&nbsp;<a href="#[1c]">ADC0_1_IRQHandler</a><BR>
</UL>
<P>
<H3>
Function Pointers
</H3><UL>
 <LI><a href="#[1c]">ADC0_1_IRQHandler</a> from startup_gd32e10x.o(.text) referenced from startup_gd32e10x.o(RESET)
 <LI><a href="#[4]">BusFault_Handler</a> from gd32e10x_it.o(i.BusFault_Handler) referenced from startup_gd32e10x.o(RESET)
 <LI><a href="#[15]">DMA0_Channel0_IRQHandler</a> from startup_gd32e10x.o(.text) referenced from startup_gd32e10x.o(RESET)
 <LI><a href="#[16]">DMA0_Channel1_IRQHandler</a> from startup_gd32e10x.o(.text) referenced from startup_gd32e10x.o(RESET)
 <LI><a href="#[17]">DMA0_Channel2_IRQHandler</a> from startup_gd32e10x.o(.text) referenced from startup_gd32e10x.o(RESET)
 <LI><a href="#[18]">DMA0_Channel3_IRQHandler</a> from startup_gd32e10x.o(.text) referenced from startup_gd32e10x.o(RESET)
 <LI><a href="#[19]">DMA0_Channel4_IRQHandler</a> from startup_gd32e10x.o(.text) referenced from startup_gd32e10x.o(RESET)
 <LI><a href="#[1a]">DMA0_Channel5_IRQHandler</a> from startup_gd32e10x.o(.text) referenced from startup_gd32e10x.o(RESET)
 <LI><a href="#[1b]">DMA0_Channel6_IRQHandler</a> from startup_gd32e10x.o(.text) referenced from startup_gd32e10x.o(RESET)
 <LI><a href="#[3c]">DMA1_Channel0_IRQHandler</a> from startup_gd32e10x.o(.text) referenced from startup_gd32e10x.o(RESET)
 <LI><a href="#[3d]">DMA1_Channel1_IRQHandler</a> from startup_gd32e10x.o(.text) referenced from startup_gd32e10x.o(RESET)
 <LI><a href="#[3e]">DMA1_Channel2_IRQHandler</a> from startup_gd32e10x.o(.text) referenced from startup_gd32e10x.o(RESET)
 <LI><a href="#[3f]">DMA1_Channel3_IRQHandler</a> from startup_gd32e10x.o(.text) referenced from startup_gd32e10x.o(RESET)
 <LI><a href="#[40]">DMA1_Channel4_IRQHandler</a> from startup_gd32e10x.o(.text) referenced from startup_gd32e10x.o(RESET)
 <LI><a href="#[7]">DebugMon_Handler</a> from gd32e10x_it.o(i.DebugMon_Handler) referenced from startup_gd32e10x.o(RESET)
 <LI><a href="#[35]">EXMC_IRQHandler</a> from startup_gd32e10x.o(.text) referenced from startup_gd32e10x.o(RESET)
 <LI><a href="#[10]">EXTI0_IRQHandler</a> from key.o(i.EXTI0_IRQHandler) referenced from startup_gd32e10x.o(RESET)
 <LI><a href="#[2e]">EXTI10_15_IRQHandler</a> from startup_gd32e10x.o(.text) referenced from startup_gd32e10x.o(RESET)
 <LI><a href="#[11]">EXTI1_IRQHandler</a> from startup_gd32e10x.o(.text) referenced from startup_gd32e10x.o(RESET)
 <LI><a href="#[12]">EXTI2_IRQHandler</a> from startup_gd32e10x.o(.text) referenced from startup_gd32e10x.o(RESET)
 <LI><a href="#[13]">EXTI3_IRQHandler</a> from startup_gd32e10x.o(.text) referenced from startup_gd32e10x.o(RESET)
 <LI><a href="#[14]">EXTI4_IRQHandler</a> from startup_gd32e10x.o(.text) referenced from startup_gd32e10x.o(RESET)
 <LI><a href="#[1d]">EXTI5_9_IRQHandler</a> from startup_gd32e10x.o(.text) referenced from startup_gd32e10x.o(RESET)
 <LI><a href="#[e]">FMC_IRQHandler</a> from startup_gd32e10x.o(.text) referenced from startup_gd32e10x.o(RESET)
 <LI><a href="#[2]">HardFault_Handler</a> from gd32e10x_it.o(i.HardFault_Handler) referenced from startup_gd32e10x.o(RESET)
 <LI><a href="#[26]">I2C0_ER_IRQHandler</a> from startup_gd32e10x.o(.text) referenced from startup_gd32e10x.o(RESET)
 <LI><a href="#[25]">I2C0_EV_IRQHandler</a> from startup_gd32e10x.o(.text) referenced from startup_gd32e10x.o(RESET)
 <LI><a href="#[28]">I2C1_ER_IRQHandler</a> from startup_gd32e10x.o(.text) referenced from startup_gd32e10x.o(RESET)
 <LI><a href="#[27]">I2C1_EV_IRQHandler</a> from startup_gd32e10x.o(.text) referenced from startup_gd32e10x.o(RESET)
 <LI><a href="#[b]">LVD_IRQHandler</a> from startup_gd32e10x.o(.text) referenced from startup_gd32e10x.o(RESET)
 <LI><a href="#[3]">MemManage_Handler</a> from gd32e10x_it.o(i.MemManage_Handler) referenced from startup_gd32e10x.o(RESET)
 <LI><a href="#[1]">NMI_Handler</a> from gd32e10x_it.o(i.NMI_Handler) referenced from startup_gd32e10x.o(RESET)
 <LI><a href="#[8]">PendSV_Handler</a> from gd32e10x_it.o(i.PendSV_Handler) referenced from startup_gd32e10x.o(RESET)
 <LI><a href="#[f]">RCU_CTC_IRQHandler</a> from startup_gd32e10x.o(.text) referenced from startup_gd32e10x.o(RESET)
 <LI><a href="#[2f]">RTC_Alarm_IRQHandler</a> from startup_gd32e10x.o(.text) referenced from startup_gd32e10x.o(RESET)
 <LI><a href="#[d]">RTC_IRQHandler</a> from startup_gd32e10x.o(.text) referenced from startup_gd32e10x.o(RESET)
 <LI><a href="#[0]">Reset_Handler</a> from startup_gd32e10x.o(.text) referenced from startup_gd32e10x.o(RESET)
 <LI><a href="#[29]">SPI0_IRQHandler</a> from startup_gd32e10x.o(.text) referenced from startup_gd32e10x.o(RESET)
 <LI><a href="#[2a]">SPI1_IRQHandler</a> from startup_gd32e10x.o(.text) referenced from startup_gd32e10x.o(RESET)
 <LI><a href="#[37]">SPI2_IRQHandler</a> from startup_gd32e10x.o(.text) referenced from startup_gd32e10x.o(RESET)
 <LI><a href="#[6]">SVC_Handler</a> from gd32e10x_it.o(i.SVC_Handler) referenced from startup_gd32e10x.o(RESET)
 <LI><a href="#[9]">SysTick_Handler</a> from gd32e10x_it.o(i.SysTick_Handler) referenced from startup_gd32e10x.o(RESET)
 <LI><a href="#[43]">SystemInit</a> from system_gd32e10x.o(i.SystemInit) referenced from startup_gd32e10x.o(.text)
 <LI><a href="#[c]">TAMPER_IRQHandler</a> from startup_gd32e10x.o(.text) referenced from startup_gd32e10x.o(RESET)
 <LI><a href="#[1e]">TIMER0_BRK_TIMER8_IRQHandler</a> from startup_gd32e10x.o(.text) referenced from startup_gd32e10x.o(RESET)
 <LI><a href="#[21]">TIMER0_Channel_IRQHandler</a> from startup_gd32e10x.o(.text) referenced from startup_gd32e10x.o(RESET)
 <LI><a href="#[20]">TIMER0_TRG_CMT_TIMER10_IRQHandler</a> from startup_gd32e10x.o(.text) referenced from startup_gd32e10x.o(RESET)
 <LI><a href="#[1f]">TIMER0_UP_TIMER9_IRQHandler</a> from startup_gd32e10x.o(.text) referenced from startup_gd32e10x.o(RESET)
 <LI><a href="#[22]">TIMER1_IRQHandler</a> from startup_gd32e10x.o(.text) referenced from startup_gd32e10x.o(RESET)
 <LI><a href="#[23]">TIMER2_IRQHandler</a> from startup_gd32e10x.o(.text) referenced from startup_gd32e10x.o(RESET)
 <LI><a href="#[24]">TIMER3_IRQHandler</a> from startup_gd32e10x.o(.text) referenced from startup_gd32e10x.o(RESET)
 <LI><a href="#[36]">TIMER4_IRQHandler</a> from startup_gd32e10x.o(.text) referenced from startup_gd32e10x.o(RESET)
 <LI><a href="#[3a]">TIMER5_IRQHandler</a> from startup_gd32e10x.o(.text) referenced from startup_gd32e10x.o(RESET)
 <LI><a href="#[3b]">TIMER6_IRQHandler</a> from startup_gd32e10x.o(.text) referenced from startup_gd32e10x.o(RESET)
 <LI><a href="#[31]">TIMER7_BRK_TIMER11_IRQHandler</a> from startup_gd32e10x.o(.text) referenced from startup_gd32e10x.o(RESET)
 <LI><a href="#[34]">TIMER7_Channel_IRQHandler</a> from startup_gd32e10x.o(.text) referenced from startup_gd32e10x.o(RESET)
 <LI><a href="#[33]">TIMER7_TRG_CMT_TIMER13_IRQHandler</a> from startup_gd32e10x.o(.text) referenced from startup_gd32e10x.o(RESET)
 <LI><a href="#[32]">TIMER7_UP_TIMER12_IRQHandler</a> from startup_gd32e10x.o(.text) referenced from startup_gd32e10x.o(RESET)
 <LI><a href="#[38]">UART3_IRQHandler</a> from startup_gd32e10x.o(.text) referenced from startup_gd32e10x.o(RESET)
 <LI><a href="#[39]">UART4_IRQHandler</a> from startup_gd32e10x.o(.text) referenced from startup_gd32e10x.o(RESET)
 <LI><a href="#[2b]">USART0_IRQHandler</a> from usart_debug.o(i.USART0_IRQHandler) referenced from startup_gd32e10x.o(RESET)
 <LI><a href="#[2c]">USART1_IRQHandler</a> from startup_gd32e10x.o(.text) referenced from startup_gd32e10x.o(RESET)
 <LI><a href="#[2d]">USART2_IRQHandler</a> from startup_gd32e10x.o(.text) referenced from startup_gd32e10x.o(RESET)
 <LI><a href="#[41]">USBFS_IRQHandler</a> from startup_gd32e10x.o(.text) referenced from startup_gd32e10x.o(RESET)
 <LI><a href="#[30]">USBFS_WKUP_IRQHandler</a> from startup_gd32e10x.o(.text) referenced from startup_gd32e10x.o(RESET)
 <LI><a href="#[5]">UsageFault_Handler</a> from gd32e10x_it.o(i.UsageFault_Handler) referenced from startup_gd32e10x.o(RESET)
 <LI><a href="#[a]">WWDGT_IRQHandler</a> from startup_gd32e10x.o(.text) referenced from startup_gd32e10x.o(RESET)
 <LI><a href="#[44]">__main</a> from entry.o(.ARM.Collect$$$$00000000) referenced from startup_gd32e10x.o(.text)
 <LI><a href="#[45]">fputc</a> from usart_debug.o(i.fputc) referenced from printfb.o(i.__0printf$bare)
 <LI><a href="#[42]">main</a> from main.o(i.main) referenced from entry9a.o(.ARM.Collect$$$$0000000B)
</UL>
<P>
<H3>
Global Symbols
</H3>
<P><STRONG><a name="[44]"></a>__main</STRONG> (Thumb, 0 bytes, Stack size unknown bytes, entry.o(.ARM.Collect$$$$00000000))
<BR>[Address Reference Count : 1]<UL><LI> startup_gd32e10x.o(.text)
</UL>
<P><STRONG><a name="[6c]"></a>_main_stk</STRONG> (Thumb, 0 bytes, Stack size unknown bytes, entry2.o(.ARM.Collect$$$$00000001))

<P><STRONG><a name="[46]"></a>_main_scatterload</STRONG> (Thumb, 0 bytes, Stack size unknown bytes, entry5.o(.ARM.Collect$$$$00000004))
<BR><BR>[Calls]<UL><LI><a href="#[47]">&gt;&gt;</a>&nbsp;&nbsp;&nbsp;__scatterload
</UL>

<P><STRONG><a name="[48]"></a>__main_after_scatterload</STRONG> (Thumb, 0 bytes, Stack size unknown bytes, entry5.o(.ARM.Collect$$$$00000004))
<BR><BR>[Called By]<UL><LI><a href="#[47]">&gt;&gt;</a>&nbsp;&nbsp;&nbsp;__scatterload
</UL>

<P><STRONG><a name="[6d]"></a>_main_clock</STRONG> (Thumb, 0 bytes, Stack size unknown bytes, entry7b.o(.ARM.Collect$$$$00000008))

<P><STRONG><a name="[6e]"></a>_main_cpp_init</STRONG> (Thumb, 0 bytes, Stack size unknown bytes, entry8b.o(.ARM.Collect$$$$0000000A))

<P><STRONG><a name="[6f]"></a>_main_init</STRONG> (Thumb, 0 bytes, Stack size unknown bytes, entry9a.o(.ARM.Collect$$$$0000000B))

<P><STRONG><a name="[70]"></a>__rt_final_cpp</STRONG> (Thumb, 0 bytes, Stack size unknown bytes, entry10a.o(.ARM.Collect$$$$0000000D))

<P><STRONG><a name="[71]"></a>__rt_final_exit</STRONG> (Thumb, 0 bytes, Stack size unknown bytes, entry11a.o(.ARM.Collect$$$$0000000F))

<P><STRONG><a name="[0]"></a>Reset_Handler</STRONG> (Thumb, 8 bytes, Stack size 0 bytes, startup_gd32e10x.o(.text))
<BR>[Address Reference Count : 1]<UL><LI> startup_gd32e10x.o(RESET)
</UL>
<P><STRONG><a name="[1c]"></a>ADC0_1_IRQHandler</STRONG> (Thumb, 0 bytes, Stack size 0 bytes, startup_gd32e10x.o(.text))
<BR><BR>[Calls]<UL><LI><a href="#[1c]">&gt;&gt;</a>&nbsp;&nbsp;&nbsp;ADC0_1_IRQHandler
</UL>
<BR>[Called By]<UL><LI><a href="#[1c]">&gt;&gt;</a>&nbsp;&nbsp;&nbsp;ADC0_1_IRQHandler
</UL>
<BR>[Address Reference Count : 1]<UL><LI> startup_gd32e10x.o(RESET)
</UL>
<P><STRONG><a name="[15]"></a>DMA0_Channel0_IRQHandler</STRONG> (Thumb, 0 bytes, Stack size 0 bytes, startup_gd32e10x.o(.text))
<BR>[Address Reference Count : 1]<UL><LI> startup_gd32e10x.o(RESET)
</UL>
<P><STRONG><a name="[16]"></a>DMA0_Channel1_IRQHandler</STRONG> (Thumb, 0 bytes, Stack size 0 bytes, startup_gd32e10x.o(.text))
<BR>[Address Reference Count : 1]<UL><LI> startup_gd32e10x.o(RESET)
</UL>
<P><STRONG><a name="[17]"></a>DMA0_Channel2_IRQHandler</STRONG> (Thumb, 0 bytes, Stack size 0 bytes, startup_gd32e10x.o(.text))
<BR>[Address Reference Count : 1]<UL><LI> startup_gd32e10x.o(RESET)
</UL>
<P><STRONG><a name="[18]"></a>DMA0_Channel3_IRQHandler</STRONG> (Thumb, 0 bytes, Stack size 0 bytes, startup_gd32e10x.o(.text))
<BR>[Address Reference Count : 1]<UL><LI> startup_gd32e10x.o(RESET)
</UL>
<P><STRONG><a name="[19]"></a>DMA0_Channel4_IRQHandler</STRONG> (Thumb, 0 bytes, Stack size 0 bytes, startup_gd32e10x.o(.text))
<BR>[Address Reference Count : 1]<UL><LI> startup_gd32e10x.o(RESET)
</UL>
<P><STRONG><a name="[1a]"></a>DMA0_Channel5_IRQHandler</STRONG> (Thumb, 0 bytes, Stack size 0 bytes, startup_gd32e10x.o(.text))
<BR>[Address Reference Count : 1]<UL><LI> startup_gd32e10x.o(RESET)
</UL>
<P><STRONG><a name="[1b]"></a>DMA0_Channel6_IRQHandler</STRONG> (Thumb, 0 bytes, Stack size 0 bytes, startup_gd32e10x.o(.text))
<BR>[Address Reference Count : 1]<UL><LI> startup_gd32e10x.o(RESET)
</UL>
<P><STRONG><a name="[3c]"></a>DMA1_Channel0_IRQHandler</STRONG> (Thumb, 0 bytes, Stack size 0 bytes, startup_gd32e10x.o(.text))
<BR>[Address Reference Count : 1]<UL><LI> startup_gd32e10x.o(RESET)
</UL>
<P><STRONG><a name="[3d]"></a>DMA1_Channel1_IRQHandler</STRONG> (Thumb, 0 bytes, Stack size 0 bytes, startup_gd32e10x.o(.text))
<BR>[Address Reference Count : 1]<UL><LI> startup_gd32e10x.o(RESET)
</UL>
<P><STRONG><a name="[3e]"></a>DMA1_Channel2_IRQHandler</STRONG> (Thumb, 0 bytes, Stack size 0 bytes, startup_gd32e10x.o(.text))
<BR>[Address Reference Count : 1]<UL><LI> startup_gd32e10x.o(RESET)
</UL>
<P><STRONG><a name="[3f]"></a>DMA1_Channel3_IRQHandler</STRONG> (Thumb, 0 bytes, Stack size 0 bytes, startup_gd32e10x.o(.text))
<BR>[Address Reference Count : 1]<UL><LI> startup_gd32e10x.o(RESET)
</UL>
<P><STRONG><a name="[40]"></a>DMA1_Channel4_IRQHandler</STRONG> (Thumb, 0 bytes, Stack size 0 bytes, startup_gd32e10x.o(.text))
<BR>[Address Reference Count : 1]<UL><LI> startup_gd32e10x.o(RESET)
</UL>
<P><STRONG><a name="[35]"></a>EXMC_IRQHandler</STRONG> (Thumb, 0 bytes, Stack size 0 bytes, startup_gd32e10x.o(.text))
<BR>[Address Reference Count : 1]<UL><LI> startup_gd32e10x.o(RESET)
</UL>
<P><STRONG><a name="[2e]"></a>EXTI10_15_IRQHandler</STRONG> (Thumb, 0 bytes, Stack size 0 bytes, startup_gd32e10x.o(.text))
<BR>[Address Reference Count : 1]<UL><LI> startup_gd32e10x.o(RESET)
</UL>
<P><STRONG><a name="[11]"></a>EXTI1_IRQHandler</STRONG> (Thumb, 0 bytes, Stack size 0 bytes, startup_gd32e10x.o(.text))
<BR>[Address Reference Count : 1]<UL><LI> startup_gd32e10x.o(RESET)
</UL>
<P><STRONG><a name="[12]"></a>EXTI2_IRQHandler</STRONG> (Thumb, 0 bytes, Stack size 0 bytes, startup_gd32e10x.o(.text))
<BR>[Address Reference Count : 1]<UL><LI> startup_gd32e10x.o(RESET)
</UL>
<P><STRONG><a name="[13]"></a>EXTI3_IRQHandler</STRONG> (Thumb, 0 bytes, Stack size 0 bytes, startup_gd32e10x.o(.text))
<BR>[Address Reference Count : 1]<UL><LI> startup_gd32e10x.o(RESET)
</UL>
<P><STRONG><a name="[14]"></a>EXTI4_IRQHandler</STRONG> (Thumb, 0 bytes, Stack size 0 bytes, startup_gd32e10x.o(.text))
<BR>[Address Reference Count : 1]<UL><LI> startup_gd32e10x.o(RESET)
</UL>
<P><STRONG><a name="[1d]"></a>EXTI5_9_IRQHandler</STRONG> (Thumb, 0 bytes, Stack size 0 bytes, startup_gd32e10x.o(.text))
<BR>[Address Reference Count : 1]<UL><LI> startup_gd32e10x.o(RESET)
</UL>
<P><STRONG><a name="[e]"></a>FMC_IRQHandler</STRONG> (Thumb, 0 bytes, Stack size 0 bytes, startup_gd32e10x.o(.text))
<BR>[Address Reference Count : 1]<UL><LI> startup_gd32e10x.o(RESET)
</UL>
<P><STRONG><a name="[26]"></a>I2C0_ER_IRQHandler</STRONG> (Thumb, 0 bytes, Stack size 0 bytes, startup_gd32e10x.o(.text))
<BR>[Address Reference Count : 1]<UL><LI> startup_gd32e10x.o(RESET)
</UL>
<P><STRONG><a name="[25]"></a>I2C0_EV_IRQHandler</STRONG> (Thumb, 0 bytes, Stack size 0 bytes, startup_gd32e10x.o(.text))
<BR>[Address Reference Count : 1]<UL><LI> startup_gd32e10x.o(RESET)
</UL>
<P><STRONG><a name="[28]"></a>I2C1_ER_IRQHandler</STRONG> (Thumb, 0 bytes, Stack size 0 bytes, startup_gd32e10x.o(.text))
<BR>[Address Reference Count : 1]<UL><LI> startup_gd32e10x.o(RESET)
</UL>
<P><STRONG><a name="[27]"></a>I2C1_EV_IRQHandler</STRONG> (Thumb, 0 bytes, Stack size 0 bytes, startup_gd32e10x.o(.text))
<BR>[Address Reference Count : 1]<UL><LI> startup_gd32e10x.o(RESET)
</UL>
<P><STRONG><a name="[b]"></a>LVD_IRQHandler</STRONG> (Thumb, 0 bytes, Stack size 0 bytes, startup_gd32e10x.o(.text))
<BR>[Address Reference Count : 1]<UL><LI> startup_gd32e10x.o(RESET)
</UL>
<P><STRONG><a name="[f]"></a>RCU_CTC_IRQHandler</STRONG> (Thumb, 0 bytes, Stack size 0 bytes, startup_gd32e10x.o(.text))
<BR>[Address Reference Count : 1]<UL><LI> startup_gd32e10x.o(RESET)
</UL>
<P><STRONG><a name="[2f]"></a>RTC_Alarm_IRQHandler</STRONG> (Thumb, 0 bytes, Stack size 0 bytes, startup_gd32e10x.o(.text))
<BR>[Address Reference Count : 1]<UL><LI> startup_gd32e10x.o(RESET)
</UL>
<P><STRONG><a name="[d]"></a>RTC_IRQHandler</STRONG> (Thumb, 0 bytes, Stack size 0 bytes, startup_gd32e10x.o(.text))
<BR>[Address Reference Count : 1]<UL><LI> startup_gd32e10x.o(RESET)
</UL>
<P><STRONG><a name="[29]"></a>SPI0_IRQHandler</STRONG> (Thumb, 0 bytes, Stack size 0 bytes, startup_gd32e10x.o(.text))
<BR>[Address Reference Count : 1]<UL><LI> startup_gd32e10x.o(RESET)
</UL>
<P><STRONG><a name="[2a]"></a>SPI1_IRQHandler</STRONG> (Thumb, 0 bytes, Stack size 0 bytes, startup_gd32e10x.o(.text))
<BR>[Address Reference Count : 1]<UL><LI> startup_gd32e10x.o(RESET)
</UL>
<P><STRONG><a name="[37]"></a>SPI2_IRQHandler</STRONG> (Thumb, 0 bytes, Stack size 0 bytes, startup_gd32e10x.o(.text))
<BR>[Address Reference Count : 1]<UL><LI> startup_gd32e10x.o(RESET)
</UL>
<P><STRONG><a name="[c]"></a>TAMPER_IRQHandler</STRONG> (Thumb, 0 bytes, Stack size 0 bytes, startup_gd32e10x.o(.text))
<BR>[Address Reference Count : 1]<UL><LI> startup_gd32e10x.o(RESET)
</UL>
<P><STRONG><a name="[1e]"></a>TIMER0_BRK_TIMER8_IRQHandler</STRONG> (Thumb, 0 bytes, Stack size 0 bytes, startup_gd32e10x.o(.text))
<BR>[Address Reference Count : 1]<UL><LI> startup_gd32e10x.o(RESET)
</UL>
<P><STRONG><a name="[21]"></a>TIMER0_Channel_IRQHandler</STRONG> (Thumb, 0 bytes, Stack size 0 bytes, startup_gd32e10x.o(.text))
<BR>[Address Reference Count : 1]<UL><LI> startup_gd32e10x.o(RESET)
</UL>
<P><STRONG><a name="[20]"></a>TIMER0_TRG_CMT_TIMER10_IRQHandler</STRONG> (Thumb, 0 bytes, Stack size 0 bytes, startup_gd32e10x.o(.text))
<BR>[Address Reference Count : 1]<UL><LI> startup_gd32e10x.o(RESET)
</UL>
<P><STRONG><a name="[1f]"></a>TIMER0_UP_TIMER9_IRQHandler</STRONG> (Thumb, 0 bytes, Stack size 0 bytes, startup_gd32e10x.o(.text))
<BR>[Address Reference Count : 1]<UL><LI> startup_gd32e10x.o(RESET)
</UL>
<P><STRONG><a name="[22]"></a>TIMER1_IRQHandler</STRONG> (Thumb, 0 bytes, Stack size 0 bytes, startup_gd32e10x.o(.text))
<BR>[Address Reference Count : 1]<UL><LI> startup_gd32e10x.o(RESET)
</UL>
<P><STRONG><a name="[23]"></a>TIMER2_IRQHandler</STRONG> (Thumb, 0 bytes, Stack size 0 bytes, startup_gd32e10x.o(.text))
<BR>[Address Reference Count : 1]<UL><LI> startup_gd32e10x.o(RESET)
</UL>
<P><STRONG><a name="[24]"></a>TIMER3_IRQHandler</STRONG> (Thumb, 0 bytes, Stack size 0 bytes, startup_gd32e10x.o(.text))
<BR>[Address Reference Count : 1]<UL><LI> startup_gd32e10x.o(RESET)
</UL>
<P><STRONG><a name="[36]"></a>TIMER4_IRQHandler</STRONG> (Thumb, 0 bytes, Stack size 0 bytes, startup_gd32e10x.o(.text))
<BR>[Address Reference Count : 1]<UL><LI> startup_gd32e10x.o(RESET)
</UL>
<P><STRONG><a name="[3a]"></a>TIMER5_IRQHandler</STRONG> (Thumb, 0 bytes, Stack size 0 bytes, startup_gd32e10x.o(.text))
<BR>[Address Reference Count : 1]<UL><LI> startup_gd32e10x.o(RESET)
</UL>
<P><STRONG><a name="[3b]"></a>TIMER6_IRQHandler</STRONG> (Thumb, 0 bytes, Stack size 0 bytes, startup_gd32e10x.o(.text))
<BR>[Address Reference Count : 1]<UL><LI> startup_gd32e10x.o(RESET)
</UL>
<P><STRONG><a name="[31]"></a>TIMER7_BRK_TIMER11_IRQHandler</STRONG> (Thumb, 0 bytes, Stack size 0 bytes, startup_gd32e10x.o(.text))
<BR>[Address Reference Count : 1]<UL><LI> startup_gd32e10x.o(RESET)
</UL>
<P><STRONG><a name="[34]"></a>TIMER7_Channel_IRQHandler</STRONG> (Thumb, 0 bytes, Stack size 0 bytes, startup_gd32e10x.o(.text))
<BR>[Address Reference Count : 1]<UL><LI> startup_gd32e10x.o(RESET)
</UL>
<P><STRONG><a name="[33]"></a>TIMER7_TRG_CMT_TIMER13_IRQHandler</STRONG> (Thumb, 0 bytes, Stack size 0 bytes, startup_gd32e10x.o(.text))
<BR>[Address Reference Count : 1]<UL><LI> startup_gd32e10x.o(RESET)
</UL>
<P><STRONG><a name="[32]"></a>TIMER7_UP_TIMER12_IRQHandler</STRONG> (Thumb, 0 bytes, Stack size 0 bytes, startup_gd32e10x.o(.text))
<BR>[Address Reference Count : 1]<UL><LI> startup_gd32e10x.o(RESET)
</UL>
<P><STRONG><a name="[38]"></a>UART3_IRQHandler</STRONG> (Thumb, 0 bytes, Stack size 0 bytes, startup_gd32e10x.o(.text))
<BR>[Address Reference Count : 1]<UL><LI> startup_gd32e10x.o(RESET)
</UL>
<P><STRONG><a name="[39]"></a>UART4_IRQHandler</STRONG> (Thumb, 0 bytes, Stack size 0 bytes, startup_gd32e10x.o(.text))
<BR>[Address Reference Count : 1]<UL><LI> startup_gd32e10x.o(RESET)
</UL>
<P><STRONG><a name="[2c]"></a>USART1_IRQHandler</STRONG> (Thumb, 0 bytes, Stack size 0 bytes, startup_gd32e10x.o(.text))
<BR>[Address Reference Count : 1]<UL><LI> startup_gd32e10x.o(RESET)
</UL>
<P><STRONG><a name="[2d]"></a>USART2_IRQHandler</STRONG> (Thumb, 0 bytes, Stack size 0 bytes, startup_gd32e10x.o(.text))
<BR>[Address Reference Count : 1]<UL><LI> startup_gd32e10x.o(RESET)
</UL>
<P><STRONG><a name="[41]"></a>USBFS_IRQHandler</STRONG> (Thumb, 0 bytes, Stack size 0 bytes, startup_gd32e10x.o(.text))
<BR>[Address Reference Count : 1]<UL><LI> startup_gd32e10x.o(RESET)
</UL>
<P><STRONG><a name="[30]"></a>USBFS_WKUP_IRQHandler</STRONG> (Thumb, 0 bytes, Stack size 0 bytes, startup_gd32e10x.o(.text))
<BR>[Address Reference Count : 1]<UL><LI> startup_gd32e10x.o(RESET)
</UL>
<P><STRONG><a name="[a]"></a>WWDGT_IRQHandler</STRONG> (Thumb, 0 bytes, Stack size 0 bytes, startup_gd32e10x.o(.text))
<BR>[Address Reference Count : 1]<UL><LI> startup_gd32e10x.o(RESET)
</UL>
<P><STRONG><a name="[47]"></a>__scatterload</STRONG> (Thumb, 28 bytes, Stack size 0 bytes, init.o(.text))
<BR><BR>[Calls]<UL><LI><a href="#[48]">&gt;&gt;</a>&nbsp;&nbsp;&nbsp;__main_after_scatterload
</UL>
<BR>[Called By]<UL><LI><a href="#[46]">&gt;&gt;</a>&nbsp;&nbsp;&nbsp;_main_scatterload
</UL>

<P><STRONG><a name="[72]"></a>__scatterload_rt2</STRONG> (Thumb, 0 bytes, Stack size 0 bytes, init.o(.text), UNUSED)

<P><STRONG><a name="[4]"></a>BusFault_Handler</STRONG> (Thumb, 4 bytes, Stack size 0 bytes, gd32e10x_it.o(i.BusFault_Handler))
<BR>[Address Reference Count : 1]<UL><LI> startup_gd32e10x.o(RESET)
</UL>
<P><STRONG><a name="[7]"></a>DebugMon_Handler</STRONG> (Thumb, 2 bytes, Stack size 0 bytes, gd32e10x_it.o(i.DebugMon_Handler))
<BR>[Address Reference Count : 1]<UL><LI> startup_gd32e10x.o(RESET)
</UL>
<P><STRONG><a name="[49]"></a>Delay_Init</STRONG> (Thumb, 42 bytes, Stack size 8 bytes, delay.o(i.Delay_Init))
<BR><BR>[Stack]<UL><LI>Max Depth = 8<LI>Call Chain = Delay_Init
</UL>
<BR>[Calls]<UL><LI><a href="#[4a]">&gt;&gt;</a>&nbsp;&nbsp;&nbsp;systick_clksource_set
</UL>
<BR>[Called By]<UL><LI><a href="#[42]">&gt;&gt;</a>&nbsp;&nbsp;&nbsp;main
</UL>

<P><STRONG><a name="[4b]"></a>Delay_Ms</STRONG> (Thumb, 56 bytes, Stack size 12 bytes, delay.o(i.Delay_Ms))
<BR><BR>[Stack]<UL><LI>Max Depth = 12<LI>Call Chain = Delay_Ms
</UL>
<BR>[Calls]<UL><LI><a href="#[4c]">&gt;&gt;</a>&nbsp;&nbsp;&nbsp;Delay_ms
</UL>
<BR>[Called By]<UL><LI><a href="#[42]">&gt;&gt;</a>&nbsp;&nbsp;&nbsp;main
</UL>

<P><STRONG><a name="[4c]"></a>Delay_ms</STRONG> (Thumb, 44 bytes, Stack size 0 bytes, delay.o(i.Delay_ms))
<BR><BR>[Called By]<UL><LI><a href="#[4b]">&gt;&gt;</a>&nbsp;&nbsp;&nbsp;Delay_Ms
</UL>

<P><STRONG><a name="[10]"></a>EXTI0_IRQHandler</STRONG> (Thumb, 40 bytes, Stack size 8 bytes, key.o(i.EXTI0_IRQHandler))
<BR><BR>[Stack]<UL><LI>Max Depth = 8<LI>Call Chain = EXTI0_IRQHandler
</UL>
<BR>[Calls]<UL><LI><a href="#[4d]">&gt;&gt;</a>&nbsp;&nbsp;&nbsp;exti_interrupt_flag_get
<LI><a href="#[4e]">&gt;&gt;</a>&nbsp;&nbsp;&nbsp;exti_interrupt_flag_clear
</UL>
<BR>[Address Reference Count : 1]<UL><LI> startup_gd32e10x.o(RESET)
</UL>
<P><STRONG><a name="[2]"></a>HardFault_Handler</STRONG> (Thumb, 4 bytes, Stack size 0 bytes, gd32e10x_it.o(i.HardFault_Handler))
<BR>[Address Reference Count : 1]<UL><LI> startup_gd32e10x.o(RESET)
</UL>
<P><STRONG><a name="[4f]"></a>Key_Init</STRONG> (Thumb, 66 bytes, Stack size 8 bytes, key.o(i.Key_Init))
<BR><BR>[Stack]<UL><LI>Max Depth = 32<LI>Call Chain = Key_Init &rArr; nvic_irq_enable
</UL>
<BR>[Calls]<UL><LI><a href="#[53]">&gt;&gt;</a>&nbsp;&nbsp;&nbsp;gpio_exti_source_select
<LI><a href="#[4e]">&gt;&gt;</a>&nbsp;&nbsp;&nbsp;exti_interrupt_flag_clear
<LI><a href="#[54]">&gt;&gt;</a>&nbsp;&nbsp;&nbsp;exti_init
<LI><a href="#[52]">&gt;&gt;</a>&nbsp;&nbsp;&nbsp;nvic_irq_enable
<LI><a href="#[51]">&gt;&gt;</a>&nbsp;&nbsp;&nbsp;gpio_init
<LI><a href="#[50]">&gt;&gt;</a>&nbsp;&nbsp;&nbsp;rcu_periph_clock_enable
</UL>
<BR>[Called By]<UL><LI><a href="#[42]">&gt;&gt;</a>&nbsp;&nbsp;&nbsp;main
</UL>

<P><STRONG><a name="[55]"></a>Led_Init</STRONG> (Thumb, 30 bytes, Stack size 8 bytes, led.o(i.Led_Init))
<BR><BR>[Stack]<UL><LI>Max Depth = 28<LI>Call Chain = Led_Init &rArr; gpio_init
</UL>
<BR>[Calls]<UL><LI><a href="#[51]">&gt;&gt;</a>&nbsp;&nbsp;&nbsp;gpio_init
<LI><a href="#[50]">&gt;&gt;</a>&nbsp;&nbsp;&nbsp;rcu_periph_clock_enable
</UL>
<BR>[Called By]<UL><LI><a href="#[42]">&gt;&gt;</a>&nbsp;&nbsp;&nbsp;main
</UL>

<P><STRONG><a name="[3]"></a>MemManage_Handler</STRONG> (Thumb, 4 bytes, Stack size 0 bytes, gd32e10x_it.o(i.MemManage_Handler))
<BR>[Address Reference Count : 1]<UL><LI> startup_gd32e10x.o(RESET)
</UL>
<P><STRONG><a name="[1]"></a>NMI_Handler</STRONG> (Thumb, 2 bytes, Stack size 0 bytes, gd32e10x_it.o(i.NMI_Handler))
<BR>[Address Reference Count : 1]<UL><LI> startup_gd32e10x.o(RESET)
</UL>
<P><STRONG><a name="[8]"></a>PendSV_Handler</STRONG> (Thumb, 2 bytes, Stack size 0 bytes, gd32e10x_it.o(i.PendSV_Handler))
<BR>[Address Reference Count : 1]<UL><LI> startup_gd32e10x.o(RESET)
</UL>
<P><STRONG><a name="[6]"></a>SVC_Handler</STRONG> (Thumb, 2 bytes, Stack size 0 bytes, gd32e10x_it.o(i.SVC_Handler))
<BR>[Address Reference Count : 1]<UL><LI> startup_gd32e10x.o(RESET)
</UL>
<P><STRONG><a name="[9]"></a>SysTick_Handler</STRONG> (Thumb, 2 bytes, Stack size 0 bytes, gd32e10x_it.o(i.SysTick_Handler))
<BR>[Address Reference Count : 1]<UL><LI> startup_gd32e10x.o(RESET)
</UL>
<P><STRONG><a name="[43]"></a>SystemInit</STRONG> (Thumb, 76 bytes, Stack size 8 bytes, system_gd32e10x.o(i.SystemInit))
<BR><BR>[Stack]<UL><LI>Max Depth = 16<LI>Call Chain = SystemInit &rArr; system_clock_config
</UL>
<BR>[Calls]<UL><LI><a href="#[57]">&gt;&gt;</a>&nbsp;&nbsp;&nbsp;nvic_vector_table_set
<LI><a href="#[56]">&gt;&gt;</a>&nbsp;&nbsp;&nbsp;system_clock_config
</UL>
<BR>[Address Reference Count : 1]<UL><LI> startup_gd32e10x.o(.text)
</UL>
<P><STRONG><a name="[2b]"></a>USART0_IRQHandler</STRONG> (Thumb, 30 bytes, Stack size 8 bytes, usart_debug.o(i.USART0_IRQHandler))
<BR><BR>[Stack]<UL><LI>Max Depth = 24<LI>Call Chain = USART0_IRQHandler &rArr; usart_interrupt_flag_get
</UL>
<BR>[Calls]<UL><LI><a href="#[58]">&gt;&gt;</a>&nbsp;&nbsp;&nbsp;usart_interrupt_flag_get
<LI><a href="#[5a]">&gt;&gt;</a>&nbsp;&nbsp;&nbsp;usart_data_transmit
<LI><a href="#[59]">&gt;&gt;</a>&nbsp;&nbsp;&nbsp;usart_data_receive
</UL>
<BR>[Address Reference Count : 1]<UL><LI> startup_gd32e10x.o(RESET)
</UL>
<P><STRONG><a name="[5]"></a>UsageFault_Handler</STRONG> (Thumb, 4 bytes, Stack size 0 bytes, gd32e10x_it.o(i.UsageFault_Handler))
<BR>[Address Reference Count : 1]<UL><LI> startup_gd32e10x.o(RESET)
</UL>
<P><STRONG><a name="[5b]"></a>Usart_Debug_Init</STRONG> (Thumb, 106 bytes, Stack size 8 bytes, usart_debug.o(i.Usart_Debug_Init))
<BR><BR>[Stack]<UL><LI>Max Depth = 136<LI>Call Chain = Usart_Debug_Init &rArr; usart_baudrate_set &rArr; rcu_clock_freq_get
</UL>
<BR>[Calls]<UL><LI><a href="#[5f]">&gt;&gt;</a>&nbsp;&nbsp;&nbsp;usart_transmit_config
<LI><a href="#[5e]">&gt;&gt;</a>&nbsp;&nbsp;&nbsp;usart_receive_config
<LI><a href="#[60]">&gt;&gt;</a>&nbsp;&nbsp;&nbsp;usart_interrupt_enable
<LI><a href="#[61]">&gt;&gt;</a>&nbsp;&nbsp;&nbsp;usart_enable
<LI><a href="#[5c]">&gt;&gt;</a>&nbsp;&nbsp;&nbsp;usart_deinit
<LI><a href="#[5d]">&gt;&gt;</a>&nbsp;&nbsp;&nbsp;usart_baudrate_set
<LI><a href="#[52]">&gt;&gt;</a>&nbsp;&nbsp;&nbsp;nvic_irq_enable
<LI><a href="#[51]">&gt;&gt;</a>&nbsp;&nbsp;&nbsp;gpio_init
<LI><a href="#[50]">&gt;&gt;</a>&nbsp;&nbsp;&nbsp;rcu_periph_clock_enable
</UL>
<BR>[Called By]<UL><LI><a href="#[42]">&gt;&gt;</a>&nbsp;&nbsp;&nbsp;main
</UL>

<P><STRONG><a name="[62]"></a>__0printf$bare</STRONG> (Thumb, 8 bytes, Stack size 0 bytes, printfb.o(i.__0printf$bare), UNUSED)
<BR><BR>[Calls]<UL><LI><a href="#[63]">&gt;&gt;</a>&nbsp;&nbsp;&nbsp;_printf_core
</UL>

<P><STRONG><a name="[73]"></a>__1printf$bare</STRONG> (Thumb, 0 bytes, Stack size 0 bytes, printfb.o(i.__0printf$bare), UNUSED)

<P><STRONG><a name="[67]"></a>__2printf</STRONG> (Thumb, 0 bytes, Stack size 0 bytes, printfb.o(i.__0printf$bare))
<BR><BR>[Called By]<UL><LI><a href="#[42]">&gt;&gt;</a>&nbsp;&nbsp;&nbsp;main
</UL>

<P><STRONG><a name="[74]"></a>__scatterload_copy</STRONG> (Thumb, 14 bytes, Stack size unknown bytes, handlers.o(i.__scatterload_copy), UNUSED)

<P><STRONG><a name="[75]"></a>__scatterload_null</STRONG> (Thumb, 2 bytes, Stack size unknown bytes, handlers.o(i.__scatterload_null), UNUSED)

<P><STRONG><a name="[76]"></a>__scatterload_zeroinit</STRONG> (Thumb, 14 bytes, Stack size unknown bytes, handlers.o(i.__scatterload_zeroinit), UNUSED)

<P><STRONG><a name="[54]"></a>exti_init</STRONG> (Thumb, 178 bytes, Stack size 8 bytes, gd32e10x_exti.o(i.exti_init))
<BR><BR>[Stack]<UL><LI>Max Depth = 8<LI>Call Chain = exti_init
</UL>
<BR>[Called By]<UL><LI><a href="#[4f]">&gt;&gt;</a>&nbsp;&nbsp;&nbsp;Key_Init
</UL>

<P><STRONG><a name="[4e]"></a>exti_interrupt_flag_clear</STRONG> (Thumb, 6 bytes, Stack size 0 bytes, gd32e10x_exti.o(i.exti_interrupt_flag_clear))
<BR><BR>[Called By]<UL><LI><a href="#[10]">&gt;&gt;</a>&nbsp;&nbsp;&nbsp;EXTI0_IRQHandler
<LI><a href="#[4f]">&gt;&gt;</a>&nbsp;&nbsp;&nbsp;Key_Init
</UL>

<P><STRONG><a name="[4d]"></a>exti_interrupt_flag_get</STRONG> (Thumb, 32 bytes, Stack size 0 bytes, gd32e10x_exti.o(i.exti_interrupt_flag_get))
<BR><BR>[Called By]<UL><LI><a href="#[10]">&gt;&gt;</a>&nbsp;&nbsp;&nbsp;EXTI0_IRQHandler
</UL>

<P><STRONG><a name="[45]"></a>fputc</STRONG> (Thumb, 32 bytes, Stack size 16 bytes, usart_debug.o(i.fputc))
<BR><BR>[Stack]<UL><LI>Max Depth = 24<LI>Call Chain = fputc &rArr; usart_flag_get
</UL>
<BR>[Calls]<UL><LI><a href="#[64]">&gt;&gt;</a>&nbsp;&nbsp;&nbsp;usart_flag_get
<LI><a href="#[5a]">&gt;&gt;</a>&nbsp;&nbsp;&nbsp;usart_data_transmit
</UL>
<BR>[Address Reference Count : 1]<UL><LI> printfb.o(i.__0printf$bare)
</UL>
<P><STRONG><a name="[53]"></a>gpio_exti_source_select</STRONG> (Thumb, 146 bytes, Stack size 8 bytes, gd32e10x_gpio.o(i.gpio_exti_source_select))
<BR><BR>[Stack]<UL><LI>Max Depth = 8<LI>Call Chain = gpio_exti_source_select
</UL>
<BR>[Called By]<UL><LI><a href="#[4f]">&gt;&gt;</a>&nbsp;&nbsp;&nbsp;Key_Init
</UL>

<P><STRONG><a name="[51]"></a>gpio_init</STRONG> (Thumb, 188 bytes, Stack size 20 bytes, gd32e10x_gpio.o(i.gpio_init))
<BR><BR>[Stack]<UL><LI>Max Depth = 20<LI>Call Chain = gpio_init
</UL>
<BR>[Called By]<UL><LI><a href="#[5b]">&gt;&gt;</a>&nbsp;&nbsp;&nbsp;Usart_Debug_Init
<LI><a href="#[55]">&gt;&gt;</a>&nbsp;&nbsp;&nbsp;Led_Init
<LI><a href="#[4f]">&gt;&gt;</a>&nbsp;&nbsp;&nbsp;Key_Init
</UL>

<P><STRONG><a name="[65]"></a>gpio_pin_remap_config</STRONG> (Thumb, 138 bytes, Stack size 20 bytes, gd32e10x_gpio.o(i.gpio_pin_remap_config))
<BR><BR>[Stack]<UL><LI>Max Depth = 20<LI>Call Chain = gpio_pin_remap_config
</UL>
<BR>[Called By]<UL><LI><a href="#[42]">&gt;&gt;</a>&nbsp;&nbsp;&nbsp;main
</UL>

<P><STRONG><a name="[42]"></a>main</STRONG> (Thumb, 68 bytes, Stack size 0 bytes, main.o(i.main))
<BR><BR>[Stack]<UL><LI>Max Depth = 136<LI>Call Chain = main &rArr; Usart_Debug_Init &rArr; usart_baudrate_set &rArr; rcu_clock_freq_get
</UL>
<BR>[Calls]<UL><LI><a href="#[50]">&gt;&gt;</a>&nbsp;&nbsp;&nbsp;rcu_periph_clock_enable
<LI><a href="#[66]">&gt;&gt;</a>&nbsp;&nbsp;&nbsp;nvic_priority_group_set
<LI><a href="#[65]">&gt;&gt;</a>&nbsp;&nbsp;&nbsp;gpio_pin_remap_config
<LI><a href="#[5b]">&gt;&gt;</a>&nbsp;&nbsp;&nbsp;Usart_Debug_Init
<LI><a href="#[55]">&gt;&gt;</a>&nbsp;&nbsp;&nbsp;Led_Init
<LI><a href="#[4f]">&gt;&gt;</a>&nbsp;&nbsp;&nbsp;Key_Init
<LI><a href="#[4b]">&gt;&gt;</a>&nbsp;&nbsp;&nbsp;Delay_Ms
<LI><a href="#[49]">&gt;&gt;</a>&nbsp;&nbsp;&nbsp;Delay_Init
<LI><a href="#[67]">&gt;&gt;</a>&nbsp;&nbsp;&nbsp;__2printf
</UL>
<BR>[Address Reference Count : 1]<UL><LI> entry9a.o(.ARM.Collect$$$$0000000B)
</UL>
<P><STRONG><a name="[52]"></a>nvic_irq_enable</STRONG> (Thumb, 162 bytes, Stack size 24 bytes, gd32e10x_misc.o(i.nvic_irq_enable))
<BR><BR>[Stack]<UL><LI>Max Depth = 24<LI>Call Chain = nvic_irq_enable
</UL>
<BR>[Calls]<UL><LI><a href="#[66]">&gt;&gt;</a>&nbsp;&nbsp;&nbsp;nvic_priority_group_set
</UL>
<BR>[Called By]<UL><LI><a href="#[5b]">&gt;&gt;</a>&nbsp;&nbsp;&nbsp;Usart_Debug_Init
<LI><a href="#[4f]">&gt;&gt;</a>&nbsp;&nbsp;&nbsp;Key_Init
</UL>

<P><STRONG><a name="[66]"></a>nvic_priority_group_set</STRONG> (Thumb, 10 bytes, Stack size 0 bytes, gd32e10x_misc.o(i.nvic_priority_group_set))
<BR><BR>[Called By]<UL><LI><a href="#[52]">&gt;&gt;</a>&nbsp;&nbsp;&nbsp;nvic_irq_enable
<LI><a href="#[42]">&gt;&gt;</a>&nbsp;&nbsp;&nbsp;main
</UL>

<P><STRONG><a name="[57]"></a>nvic_vector_table_set</STRONG> (Thumb, 12 bytes, Stack size 0 bytes, gd32e10x_misc.o(i.nvic_vector_table_set))
<BR><BR>[Called By]<UL><LI><a href="#[43]">&gt;&gt;</a>&nbsp;&nbsp;&nbsp;SystemInit
</UL>

<P><STRONG><a name="[69]"></a>rcu_clock_freq_get</STRONG> (Thumb, 352 bytes, Stack size 96 bytes, gd32e10x_rcu.o(i.rcu_clock_freq_get))
<BR><BR>[Stack]<UL><LI>Max Depth = 96<LI>Call Chain = rcu_clock_freq_get
</UL>
<BR>[Called By]<UL><LI><a href="#[5d]">&gt;&gt;</a>&nbsp;&nbsp;&nbsp;usart_baudrate_set
</UL>

<P><STRONG><a name="[50]"></a>rcu_periph_clock_enable</STRONG> (Thumb, 28 bytes, Stack size 0 bytes, gd32e10x_rcu.o(i.rcu_periph_clock_enable))
<BR><BR>[Called By]<UL><LI><a href="#[5b]">&gt;&gt;</a>&nbsp;&nbsp;&nbsp;Usart_Debug_Init
<LI><a href="#[55]">&gt;&gt;</a>&nbsp;&nbsp;&nbsp;Led_Init
<LI><a href="#[4f]">&gt;&gt;</a>&nbsp;&nbsp;&nbsp;Key_Init
<LI><a href="#[42]">&gt;&gt;</a>&nbsp;&nbsp;&nbsp;main
</UL>

<P><STRONG><a name="[6b]"></a>rcu_periph_reset_disable</STRONG> (Thumb, 28 bytes, Stack size 0 bytes, gd32e10x_rcu.o(i.rcu_periph_reset_disable))
<BR><BR>[Called By]<UL><LI><a href="#[5c]">&gt;&gt;</a>&nbsp;&nbsp;&nbsp;usart_deinit
</UL>

<P><STRONG><a name="[6a]"></a>rcu_periph_reset_enable</STRONG> (Thumb, 28 bytes, Stack size 0 bytes, gd32e10x_rcu.o(i.rcu_periph_reset_enable))
<BR><BR>[Called By]<UL><LI><a href="#[5c]">&gt;&gt;</a>&nbsp;&nbsp;&nbsp;usart_deinit
</UL>

<P><STRONG><a name="[4a]"></a>systick_clksource_set</STRONG> (Thumb, 40 bytes, Stack size 0 bytes, gd32e10x_misc.o(i.systick_clksource_set))
<BR><BR>[Called By]<UL><LI><a href="#[49]">&gt;&gt;</a>&nbsp;&nbsp;&nbsp;Delay_Init
</UL>

<P><STRONG><a name="[5d]"></a>usart_baudrate_set</STRONG> (Thumb, 136 bytes, Stack size 32 bytes, gd32e10x_usart.o(i.usart_baudrate_set))
<BR><BR>[Stack]<UL><LI>Max Depth = 128<LI>Call Chain = usart_baudrate_set &rArr; rcu_clock_freq_get
</UL>
<BR>[Calls]<UL><LI><a href="#[69]">&gt;&gt;</a>&nbsp;&nbsp;&nbsp;rcu_clock_freq_get
</UL>
<BR>[Called By]<UL><LI><a href="#[5b]">&gt;&gt;</a>&nbsp;&nbsp;&nbsp;Usart_Debug_Init
</UL>

<P><STRONG><a name="[59]"></a>usart_data_receive</STRONG> (Thumb, 10 bytes, Stack size 0 bytes, gd32e10x_usart.o(i.usart_data_receive))
<BR><BR>[Called By]<UL><LI><a href="#[2b]">&gt;&gt;</a>&nbsp;&nbsp;&nbsp;USART0_IRQHandler
</UL>

<P><STRONG><a name="[5a]"></a>usart_data_transmit</STRONG> (Thumb, 8 bytes, Stack size 0 bytes, gd32e10x_usart.o(i.usart_data_transmit))
<BR><BR>[Called By]<UL><LI><a href="#[45]">&gt;&gt;</a>&nbsp;&nbsp;&nbsp;fputc
<LI><a href="#[2b]">&gt;&gt;</a>&nbsp;&nbsp;&nbsp;USART0_IRQHandler
</UL>

<P><STRONG><a name="[5c]"></a>usart_deinit</STRONG> (Thumb, 136 bytes, Stack size 8 bytes, gd32e10x_usart.o(i.usart_deinit))
<BR><BR>[Stack]<UL><LI>Max Depth = 8<LI>Call Chain = usart_deinit
</UL>
<BR>[Calls]<UL><LI><a href="#[6a]">&gt;&gt;</a>&nbsp;&nbsp;&nbsp;rcu_periph_reset_enable
<LI><a href="#[6b]">&gt;&gt;</a>&nbsp;&nbsp;&nbsp;rcu_periph_reset_disable
</UL>
<BR>[Called By]<UL><LI><a href="#[5b]">&gt;&gt;</a>&nbsp;&nbsp;&nbsp;Usart_Debug_Init
</UL>

<P><STRONG><a name="[61]"></a>usart_enable</STRONG> (Thumb, 10 bytes, Stack size 0 bytes, gd32e10x_usart.o(i.usart_enable))
<BR><BR>[Called By]<UL><LI><a href="#[5b]">&gt;&gt;</a>&nbsp;&nbsp;&nbsp;Usart_Debug_Init
</UL>

<P><STRONG><a name="[64]"></a>usart_flag_get</STRONG> (Thumb, 30 bytes, Stack size 8 bytes, gd32e10x_usart.o(i.usart_flag_get))
<BR><BR>[Stack]<UL><LI>Max Depth = 8<LI>Call Chain = usart_flag_get
</UL>
<BR>[Called By]<UL><LI><a href="#[45]">&gt;&gt;</a>&nbsp;&nbsp;&nbsp;fputc
</UL>

<P><STRONG><a name="[60]"></a>usart_interrupt_enable</STRONG> (Thumb, 26 bytes, Stack size 8 bytes, gd32e10x_usart.o(i.usart_interrupt_enable))
<BR><BR>[Stack]<UL><LI>Max Depth = 8<LI>Call Chain = usart_interrupt_enable
</UL>
<BR>[Called By]<UL><LI><a href="#[5b]">&gt;&gt;</a>&nbsp;&nbsp;&nbsp;Usart_Debug_Init
</UL>

<P><STRONG><a name="[58]"></a>usart_interrupt_flag_get</STRONG> (Thumb, 56 bytes, Stack size 16 bytes, gd32e10x_usart.o(i.usart_interrupt_flag_get))
<BR><BR>[Stack]<UL><LI>Max Depth = 16<LI>Call Chain = usart_interrupt_flag_get
</UL>
<BR>[Called By]<UL><LI><a href="#[2b]">&gt;&gt;</a>&nbsp;&nbsp;&nbsp;USART0_IRQHandler
</UL>

<P><STRONG><a name="[5e]"></a>usart_receive_config</STRONG> (Thumb, 16 bytes, Stack size 0 bytes, gd32e10x_usart.o(i.usart_receive_config))
<BR><BR>[Called By]<UL><LI><a href="#[5b]">&gt;&gt;</a>&nbsp;&nbsp;&nbsp;Usart_Debug_Init
</UL>

<P><STRONG><a name="[5f]"></a>usart_transmit_config</STRONG> (Thumb, 16 bytes, Stack size 0 bytes, gd32e10x_usart.o(i.usart_transmit_config))
<BR><BR>[Called By]<UL><LI><a href="#[5b]">&gt;&gt;</a>&nbsp;&nbsp;&nbsp;Usart_Debug_Init
</UL>
<P>
<H3>
Local Symbols
</H3>
<P><STRONG><a name="[68]"></a>system_clock_120m_hxtal</STRONG> (Thumb, 226 bytes, Stack size 0 bytes, system_gd32e10x.o(i.system_clock_120m_hxtal))
<BR><BR>[Called By]<UL><LI><a href="#[56]">&gt;&gt;</a>&nbsp;&nbsp;&nbsp;system_clock_config
</UL>

<P><STRONG><a name="[56]"></a>system_clock_config</STRONG> (Thumb, 8 bytes, Stack size 8 bytes, system_gd32e10x.o(i.system_clock_config))
<BR><BR>[Stack]<UL><LI>Max Depth = 8<LI>Call Chain = system_clock_config
</UL>
<BR>[Calls]<UL><LI><a href="#[68]">&gt;&gt;</a>&nbsp;&nbsp;&nbsp;system_clock_120m_hxtal
</UL>
<BR>[Called By]<UL><LI><a href="#[43]">&gt;&gt;</a>&nbsp;&nbsp;&nbsp;SystemInit
</UL>

<P><STRONG><a name="[63]"></a>_printf_core</STRONG> (Thumb, 34 bytes, Stack size 24 bytes, printfb.o(i._printf_core), UNUSED)
<BR><BR>[Called By]<UL><LI><a href="#[62]">&gt;&gt;</a>&nbsp;&nbsp;&nbsp;__0printf$bare
</UL>
<P>
<H3>
Undefined Global Symbols
</H3><HR></body></html>
