<html>
<body>
<pre>
<h1>µVision Build Log</h1>
<h2>Tool Versions:</h2>
IDE-Version: ¦ÌVision V5.27.0.0
Copyright (C) 2018 ARM Ltd and ARM Germany GmbH. All rights reserved.
License Information: 111 111, 111, LIC=2TTQ1-CNMZR-RFNIZ-JZ9EP-WDZAP-NSKZL
 
Tool Versions:
Toolchain:       MDK-ARM Professional  Version: 5.27.0.0
Toolchain Path:  D:\Installation\KEIL_MDK\KEIL5_27\ARM\ARMCC\Bin
C Compiler:      Armcc.exe V5.06 update 6 (build 750)
Assembler:       Armasm.exe V5.06 update 6 (build 750)
Linker/Locator:  ArmLink.exe V5.06 update 6 (build 750)
Library Manager: ArmAr.exe V5.06 update 6 (build 750)
Hex Converter:   FromElf.exe V5.06 update 6 (build 750)
CPU DLL:         SARMCM3.DLL V5.27.0.0
Dialog DLL:      DCM.DLL V1.17.2.0
Target DLL:      CMSIS_AGDI.dll V1.31.9.0
Dialog DLL:      TCM.DLL V1.36.1.0
 
<h2>Project:</h2>
E:\Working backup\1.MicroController\5.GD32\E103\GD32_Transplant\2.USART\MY_Project.uvprojx
Project File Date:  02/05/2021

<h2>Output:</h2>
*** Using Compiler 'V5.06 update 6 (build 750)', folder: 'D:\Installation\KEIL_MDK\KEIL5_27\ARM\ARMCC\Bin'
Build target 'MY_Project'
compiling main.c...
2.User\main.c(29): warning:  #223-D: function "printf" declared implicitly
  	printf("Start\r\n");
linking...
Program Size: Code=2548 RO-data=368 RW-data=8 ZI-data=1024  
".\1.Output\Objects\MY_Project.axf" - 0 Error(s), 1 Warning(s).

<h2>Software Packages used:</h2>

Package Vendor: GigaDevice
                http://gd32mcu.com/data/documents/pack/GigaDevice.GD32E10x_DFP.1.2.0.pack
                GigaDevice.GD32E10x_DFP.1.2.0
                GigaDevice GD32E10x Series Device Support and Examples

<h2>Collection of Component include folders:</h2>
  .\RTE\_MY_Project
  D:\Installation\KEIL_MDK\KEIL5_27\ARM\PACK\GigaDevice\GD32E10x_DFP\1.2.0\Device\Include

<h2>Collection of Component Files used:</h2>
Build Time Elapsed:  00:00:01
</pre>
</body>
</html>
