Component: ARM Compiler 5.06 update 6 (build 750) Tool: armlink [4d35ed]

==============================================================================

Section Cross References

    main.o(i.main) refers to gd32e10x_rcu.o(i.rcu_periph_clock_enable) for rcu_periph_clock_enable
    main.o(i.main) refers to gd32e10x_gpio.o(i.gpio_pin_remap_config) for gpio_pin_remap_config
    main.o(i.main) refers to delay.o(i.Delay_Init) for Delay_Init
    main.o(i.main) refers to usart_debug.o(i.Usart_Debug_Init) for Usart_Debug_Init
    main.o(i.main) refers to led.o(i.Led_Init) for Led_Init
    main.o(i.main) refers to key.o(i.Key_Init) for Key_Init
    main.o(i.main) refers to key.o(i.KEY_Scan) for KEY_Scan
    delay.o(i.Delay_Init) refers to gd32e10x_misc.o(i.systick_clksource_set) for systick_clksource_set
    delay.o(i.Delay_Init) refers to delay.o(.data) for Fac_Us
    delay.o(i.Delay_Ms) refers to delay.o(i.Delay_ms) for Delay_ms
    delay.o(i.Delay_Us) refers to delay.o(.data) for Fac_Us
    delay.o(i.Delay_ms) refers to delay.o(.data) for Fac_Ms
    led.o(i.Led_Init) refers to gd32e10x_rcu.o(i.rcu_periph_clock_enable) for rcu_periph_clock_enable
    led.o(i.Led_Init) refers to gd32e10x_gpio.o(i.gpio_init) for gpio_init
    usart_debug.o(i.USART0_IRQHandler) refers to gd32e10x_usart.o(i.usart_interrupt_flag_get) for usart_interrupt_flag_get
    usart_debug.o(i.USART0_IRQHandler) refers to gd32e10x_usart.o(i.usart_data_receive) for usart_data_receive
    usart_debug.o(i.USART0_IRQHandler) refers to gd32e10x_usart.o(i.usart_data_transmit) for usart_data_transmit
    usart_debug.o(i.Usart_Debug_Init) refers to gd32e10x_rcu.o(i.rcu_periph_clock_enable) for rcu_periph_clock_enable
    usart_debug.o(i.Usart_Debug_Init) refers to gd32e10x_gpio.o(i.gpio_init) for gpio_init
    usart_debug.o(i.Usart_Debug_Init) refers to gd32e10x_misc.o(i.nvic_irq_enable) for nvic_irq_enable
    usart_debug.o(i.Usart_Debug_Init) refers to gd32e10x_usart.o(i.usart_deinit) for usart_deinit
    usart_debug.o(i.Usart_Debug_Init) refers to gd32e10x_usart.o(i.usart_baudrate_set) for usart_baudrate_set
    usart_debug.o(i.Usart_Debug_Init) refers to gd32e10x_usart.o(i.usart_receive_config) for usart_receive_config
    usart_debug.o(i.Usart_Debug_Init) refers to gd32e10x_usart.o(i.usart_transmit_config) for usart_transmit_config
    usart_debug.o(i.Usart_Debug_Init) refers to gd32e10x_usart.o(i.usart_interrupt_enable) for usart_interrupt_enable
    usart_debug.o(i.Usart_Debug_Init) refers to gd32e10x_usart.o(i.usart_enable) for usart_enable
    usart_debug.o(i.fputc) refers to gd32e10x_usart.o(i.usart_data_transmit) for usart_data_transmit
    usart_debug.o(i.fputc) refers to gd32e10x_usart.o(i.usart_flag_get) for usart_flag_get
    key.o(i.KEY_Scan) refers to gd32e10x_gpio.o(i.gpio_input_bit_get) for gpio_input_bit_get
    key.o(i.KEY_Scan) refers to delay.o(i.Delay_Ms) for Delay_Ms
    key.o(i.KEY_Scan) refers to key.o(.data) for key_up
    key.o(i.Key_Init) refers to gd32e10x_rcu.o(i.rcu_periph_clock_enable) for rcu_periph_clock_enable
    key.o(i.Key_Init) refers to gd32e10x_gpio.o(i.gpio_init) for gpio_init
    startup_gd32e10x.o(RESET) refers to startup_gd32e10x.o(STACK) for __initial_sp
    startup_gd32e10x.o(RESET) refers to startup_gd32e10x.o(.text) for Reset_Handler
    startup_gd32e10x.o(RESET) refers to gd32e10x_it.o(i.NMI_Handler) for NMI_Handler
    startup_gd32e10x.o(RESET) refers to gd32e10x_it.o(i.HardFault_Handler) for HardFault_Handler
    startup_gd32e10x.o(RESET) refers to gd32e10x_it.o(i.MemManage_Handler) for MemManage_Handler
    startup_gd32e10x.o(RESET) refers to gd32e10x_it.o(i.BusFault_Handler) for BusFault_Handler
    startup_gd32e10x.o(RESET) refers to gd32e10x_it.o(i.UsageFault_Handler) for UsageFault_Handler
    startup_gd32e10x.o(RESET) refers to gd32e10x_it.o(i.SVC_Handler) for SVC_Handler
    startup_gd32e10x.o(RESET) refers to gd32e10x_it.o(i.DebugMon_Handler) for DebugMon_Handler
    startup_gd32e10x.o(RESET) refers to gd32e10x_it.o(i.PendSV_Handler) for PendSV_Handler
    startup_gd32e10x.o(RESET) refers to gd32e10x_it.o(i.SysTick_Handler) for SysTick_Handler
    startup_gd32e10x.o(RESET) refers to usart_debug.o(i.USART0_IRQHandler) for USART0_IRQHandler
    startup_gd32e10x.o(.text) refers to system_gd32e10x.o(i.SystemInit) for SystemInit
    startup_gd32e10x.o(.text) refers to entry.o(.ARM.Collect$$$$00000000) for __main
    system_gd32e10x.o(i.SystemCoreClockUpdate) refers to system_gd32e10x.o(.data) for SystemCoreClock
    system_gd32e10x.o(i.SystemInit) refers to system_gd32e10x.o(i.system_clock_config) for system_clock_config
    system_gd32e10x.o(i.SystemInit) refers to gd32e10x_misc.o(i.nvic_vector_table_set) for nvic_vector_table_set
    system_gd32e10x.o(i.system_clock_config) refers to system_gd32e10x.o(i.system_clock_120m_hxtal) for system_clock_120m_hxtal
    gd32e10x_gpio.o(i.gpio_afio_deinit) refers to gd32e10x_rcu.o(i.rcu_periph_reset_enable) for rcu_periph_reset_enable
    gd32e10x_gpio.o(i.gpio_afio_deinit) refers to gd32e10x_rcu.o(i.rcu_periph_reset_disable) for rcu_periph_reset_disable
    gd32e10x_gpio.o(i.gpio_deinit) refers to gd32e10x_rcu.o(i.rcu_periph_reset_enable) for rcu_periph_reset_enable
    gd32e10x_gpio.o(i.gpio_deinit) refers to gd32e10x_rcu.o(i.rcu_periph_reset_disable) for rcu_periph_reset_disable
    gd32e10x_misc.o(i.nvic_irq_enable) refers to gd32e10x_misc.o(i.nvic_priority_group_set) for nvic_priority_group_set
    gd32e10x_usart.o(i.usart_baudrate_set) refers to gd32e10x_rcu.o(i.rcu_clock_freq_get) for rcu_clock_freq_get
    gd32e10x_usart.o(i.usart_deinit) refers to gd32e10x_rcu.o(i.rcu_periph_reset_enable) for rcu_periph_reset_enable
    gd32e10x_usart.o(i.usart_deinit) refers to gd32e10x_rcu.o(i.rcu_periph_reset_disable) for rcu_periph_reset_disable
    gd32e10x_rcu.o(i.rcu_deinit) refers to gd32e10x_rcu.o(i.rcu_osci_stab_wait) for rcu_osci_stab_wait
    gd32e10x_rcu.o(i.rcu_osci_stab_wait) refers to gd32e10x_rcu.o(i.rcu_flag_get) for rcu_flag_get
    entry.o(.ARM.Collect$$$$00000000) refers (Special) to entry10a.o(.ARM.Collect$$$$0000000D) for __rt_final_cpp
    entry.o(.ARM.Collect$$$$00000000) refers (Special) to entry11a.o(.ARM.Collect$$$$0000000F) for __rt_final_exit
    entry.o(.ARM.Collect$$$$00000000) refers (Special) to entry7b.o(.ARM.Collect$$$$00000008) for _main_clock
    entry.o(.ARM.Collect$$$$00000000) refers (Special) to entry8b.o(.ARM.Collect$$$$0000000A) for _main_cpp_init
    entry.o(.ARM.Collect$$$$00000000) refers (Special) to entry9a.o(.ARM.Collect$$$$0000000B) for _main_init
    entry.o(.ARM.Collect$$$$00000000) refers (Special) to entry5.o(.ARM.Collect$$$$00000004) for _main_scatterload
    entry.o(.ARM.Collect$$$$00000000) refers (Special) to entry2.o(.ARM.Collect$$$$00000001) for _main_stk
    entry2.o(.ARM.Collect$$$$00000001) refers to entry2.o(.ARM.Collect$$$$00002712) for __lit__00000000
    entry2.o(.ARM.Collect$$$$00002712) refers to startup_gd32e10x.o(STACK) for __initial_sp
    entry2.o(__vectab_stack_and_reset_area) refers to startup_gd32e10x.o(STACK) for __initial_sp
    entry2.o(__vectab_stack_and_reset_area) refers to entry.o(.ARM.Collect$$$$00000000) for __main
    entry5.o(.ARM.Collect$$$$00000004) refers to init.o(.text) for __scatterload
    entry9a.o(.ARM.Collect$$$$0000000B) refers to main.o(i.main) for main
    entry9b.o(.ARM.Collect$$$$0000000C) refers to main.o(i.main) for main
    init.o(.text) refers to entry5.o(.ARM.Collect$$$$00000004) for __main_after_scatterload


==============================================================================

Removing Unused input sections from the image.

    Removing main.o(.rev16_text), (4 bytes).
    Removing main.o(.revsh_text), (4 bytes).
    Removing gd32e10x_it.o(.rev16_text), (4 bytes).
    Removing gd32e10x_it.o(.revsh_text), (4 bytes).
    Removing delay.o(.rev16_text), (4 bytes).
    Removing delay.o(.revsh_text), (4 bytes).
    Removing delay.o(i.Delay_Us), (48 bytes).
    Removing sys.o(.rev16_text), (4 bytes).
    Removing sys.o(.revsh_text), (4 bytes).
    Removing led.o(.rev16_text), (4 bytes).
    Removing led.o(.revsh_text), (4 bytes).
    Removing usart_debug.o(.rev16_text), (4 bytes).
    Removing usart_debug.o(.revsh_text), (4 bytes).
    Removing usart_debug.o(i.fputc), (36 bytes).
    Removing key.o(.rev16_text), (4 bytes).
    Removing key.o(.revsh_text), (4 bytes).
    Removing startup_gd32e10x.o(HEAP), (1024 bytes).
    Removing system_gd32e10x.o(.rev16_text), (4 bytes).
    Removing system_gd32e10x.o(.revsh_text), (4 bytes).
    Removing system_gd32e10x.o(i.SystemCoreClockUpdate), (312 bytes).
    Removing system_gd32e10x.o(.data), (4 bytes).
    Removing gd32e10x_gpio.o(.rev16_text), (4 bytes).
    Removing gd32e10x_gpio.o(.revsh_text), (4 bytes).
    Removing gd32e10x_gpio.o(i.gpio_afio_deinit), (20 bytes).
    Removing gd32e10x_gpio.o(i.gpio_bit_reset), (4 bytes).
    Removing gd32e10x_gpio.o(i.gpio_bit_set), (4 bytes).
    Removing gd32e10x_gpio.o(i.gpio_bit_write), (10 bytes).
    Removing gd32e10x_gpio.o(i.gpio_compensation_config), (24 bytes).
    Removing gd32e10x_gpio.o(i.gpio_compensation_flag_get), (24 bytes).
    Removing gd32e10x_gpio.o(i.gpio_deinit), (148 bytes).
    Removing gd32e10x_gpio.o(i.gpio_event_output_config), (28 bytes).
    Removing gd32e10x_gpio.o(i.gpio_event_output_disable), (20 bytes).
    Removing gd32e10x_gpio.o(i.gpio_event_output_enable), (20 bytes).
    Removing gd32e10x_gpio.o(i.gpio_exti_source_select), (152 bytes).
    Removing gd32e10x_gpio.o(i.gpio_input_port_get), (8 bytes).
    Removing gd32e10x_gpio.o(i.gpio_output_bit_get), (16 bytes).
    Removing gd32e10x_gpio.o(i.gpio_output_port_get), (8 bytes).
    Removing gd32e10x_gpio.o(i.gpio_pin_lock), (18 bytes).
    Removing gd32e10x_gpio.o(i.gpio_port_write), (4 bytes).
    Removing gd32e10x_misc.o(.rev16_text), (4 bytes).
    Removing gd32e10x_misc.o(.revsh_text), (4 bytes).
    Removing gd32e10x_misc.o(i.nvic_irq_disable), (24 bytes).
    Removing gd32e10x_misc.o(i.system_lowpower_reset), (16 bytes).
    Removing gd32e10x_misc.o(i.system_lowpower_set), (16 bytes).
    Removing gd32e10x_usart.o(.rev16_text), (4 bytes).
    Removing gd32e10x_usart.o(.revsh_text), (4 bytes).
    Removing gd32e10x_usart.o(i.usart_address_config), (20 bytes).
    Removing gd32e10x_usart.o(i.usart_block_length_config), (28 bytes).
    Removing gd32e10x_usart.o(i.usart_data_first_config), (20 bytes).
    Removing gd32e10x_usart.o(i.usart_disable), (10 bytes).
    Removing gd32e10x_usart.o(i.usart_dma_receive_config), (16 bytes).
    Removing gd32e10x_usart.o(i.usart_dma_transmit_config), (16 bytes).
    Removing gd32e10x_usart.o(i.usart_flag_clear), (26 bytes).
    Removing gd32e10x_usart.o(i.usart_flag_get), (30 bytes).
    Removing gd32e10x_usart.o(i.usart_guard_time_config), (24 bytes).
    Removing gd32e10x_usart.o(i.usart_halfduplex_disable), (10 bytes).
    Removing gd32e10x_usart.o(i.usart_halfduplex_enable), (10 bytes).
    Removing gd32e10x_usart.o(i.usart_hardware_flow_coherence_config), (24 bytes).
    Removing gd32e10x_usart.o(i.usart_hardware_flow_cts_config), (16 bytes).
    Removing gd32e10x_usart.o(i.usart_hardware_flow_rts_config), (16 bytes).
    Removing gd32e10x_usart.o(i.usart_interrupt_disable), (26 bytes).
    Removing gd32e10x_usart.o(i.usart_interrupt_flag_clear), (26 bytes).
    Removing gd32e10x_usart.o(i.usart_invert_config), (104 bytes).
    Removing gd32e10x_usart.o(i.usart_irda_lowpower_config), (20 bytes).
    Removing gd32e10x_usart.o(i.usart_irda_mode_disable), (10 bytes).
    Removing gd32e10x_usart.o(i.usart_irda_mode_enable), (10 bytes).
    Removing gd32e10x_usart.o(i.usart_lin_break_detection_length_config), (20 bytes).
    Removing gd32e10x_usart.o(i.usart_lin_mode_disable), (10 bytes).
    Removing gd32e10x_usart.o(i.usart_lin_mode_enable), (10 bytes).
    Removing gd32e10x_usart.o(i.usart_mute_mode_disable), (10 bytes).
    Removing gd32e10x_usart.o(i.usart_mute_mode_enable), (10 bytes).
    Removing gd32e10x_usart.o(i.usart_mute_mode_wakeup_config), (16 bytes).
    Removing gd32e10x_usart.o(i.usart_parity_config), (16 bytes).
    Removing gd32e10x_usart.o(i.usart_prescaler_config), (16 bytes).
    Removing gd32e10x_usart.o(i.usart_receiver_timeout_disable), (14 bytes).
    Removing gd32e10x_usart.o(i.usart_receiver_timeout_enable), (14 bytes).
    Removing gd32e10x_usart.o(i.usart_receiver_timeout_threshold_config), (20 bytes).
    Removing gd32e10x_usart.o(i.usart_send_break), (10 bytes).
    Removing gd32e10x_usart.o(i.usart_smartcard_autoretry_config), (26 bytes).
    Removing gd32e10x_usart.o(i.usart_smartcard_mode_disable), (10 bytes).
    Removing gd32e10x_usart.o(i.usart_smartcard_mode_enable), (10 bytes).
    Removing gd32e10x_usart.o(i.usart_smartcard_mode_nack_disable), (10 bytes).
    Removing gd32e10x_usart.o(i.usart_smartcard_mode_nack_enable), (10 bytes).
    Removing gd32e10x_usart.o(i.usart_stop_bit_set), (16 bytes).
    Removing gd32e10x_usart.o(i.usart_synchronous_clock_config), (34 bytes).
    Removing gd32e10x_usart.o(i.usart_synchronous_clock_disable), (10 bytes).
    Removing gd32e10x_usart.o(i.usart_synchronous_clock_enable), (10 bytes).
    Removing gd32e10x_usart.o(i.usart_word_length_set), (16 bytes).
    Removing gd32e10x_rcu.o(.rev16_text), (4 bytes).
    Removing gd32e10x_rcu.o(.revsh_text), (4 bytes).
    Removing gd32e10x_rcu.o(i.rcu_adc_clock_config), (108 bytes).
    Removing gd32e10x_rcu.o(i.rcu_ahb_clock_config), (24 bytes).
    Removing gd32e10x_rcu.o(i.rcu_all_reset_flag_clear), (20 bytes).
    Removing gd32e10x_rcu.o(i.rcu_apb1_clock_config), (24 bytes).
    Removing gd32e10x_rcu.o(i.rcu_apb2_clock_config), (24 bytes).
    Removing gd32e10x_rcu.o(i.rcu_bkp_reset_disable), (20 bytes).
    Removing gd32e10x_rcu.o(i.rcu_bkp_reset_enable), (20 bytes).
    Removing gd32e10x_rcu.o(i.rcu_ck48m_clock_config), (28 bytes).
    Removing gd32e10x_rcu.o(i.rcu_ckout0_config), (24 bytes).
    Removing gd32e10x_rcu.o(i.rcu_deepsleep_voltage_set), (16 bytes).
    Removing gd32e10x_rcu.o(i.rcu_deinit), (100 bytes).
    Removing gd32e10x_rcu.o(i.rcu_flag_get), (36 bytes).
    Removing gd32e10x_rcu.o(i.rcu_hxtal_clock_monitor_disable), (20 bytes).
    Removing gd32e10x_rcu.o(i.rcu_hxtal_clock_monitor_enable), (20 bytes).
    Removing gd32e10x_rcu.o(i.rcu_i2s1_clock_config), (24 bytes).
    Removing gd32e10x_rcu.o(i.rcu_i2s2_clock_config), (24 bytes).
    Removing gd32e10x_rcu.o(i.rcu_interrupt_disable), (32 bytes).
    Removing gd32e10x_rcu.o(i.rcu_interrupt_enable), (32 bytes).
    Removing gd32e10x_rcu.o(i.rcu_interrupt_flag_clear), (32 bytes).
    Removing gd32e10x_rcu.o(i.rcu_interrupt_flag_get), (36 bytes).
    Removing gd32e10x_rcu.o(i.rcu_irc8m_adjust_value_set), (28 bytes).
    Removing gd32e10x_rcu.o(i.rcu_lxtal_drive_capability_config), (24 bytes).
    Removing gd32e10x_rcu.o(i.rcu_osci_bypass_mode_disable), (112 bytes).
    Removing gd32e10x_rcu.o(i.rcu_osci_bypass_mode_enable), (112 bytes).
    Removing gd32e10x_rcu.o(i.rcu_osci_off), (32 bytes).
    Removing gd32e10x_rcu.o(i.rcu_osci_on), (32 bytes).
    Removing gd32e10x_rcu.o(i.rcu_osci_stab_wait), (348 bytes).
    Removing gd32e10x_rcu.o(i.rcu_periph_clock_disable), (32 bytes).
    Removing gd32e10x_rcu.o(i.rcu_periph_clock_sleep_disable), (32 bytes).
    Removing gd32e10x_rcu.o(i.rcu_periph_clock_sleep_enable), (32 bytes).
    Removing gd32e10x_rcu.o(i.rcu_pll1_config), (28 bytes).
    Removing gd32e10x_rcu.o(i.rcu_pll2_config), (28 bytes).
    Removing gd32e10x_rcu.o(i.rcu_pll_config), (32 bytes).
    Removing gd32e10x_rcu.o(i.rcu_pllpresel_config), (24 bytes).
    Removing gd32e10x_rcu.o(i.rcu_predv0_config), (32 bytes).
    Removing gd32e10x_rcu.o(i.rcu_predv1_config), (24 bytes).
    Removing gd32e10x_rcu.o(i.rcu_rtc_clock_config), (24 bytes).
    Removing gd32e10x_rcu.o(i.rcu_system_clock_source_config), (24 bytes).
    Removing gd32e10x_rcu.o(i.rcu_system_clock_source_get), (16 bytes).
    Removing gd32e10x_rcu.o(i.rcu_usb_clock_config), (24 bytes).

130 unused section(s) (total 4568 bytes) removed from the image.

==============================================================================

Image Symbol Table

    Local Symbols

    Symbol Name                              Value     Ov Type        Size  Object(Section)

    ../clib/microlib/init/entry.s            0x00000000   Number         0  entry7b.o ABSOLUTE
    ../clib/microlib/init/entry.s            0x00000000   Number         0  entry8a.o ABSOLUTE
    ../clib/microlib/init/entry.s            0x00000000   Number         0  entry8b.o ABSOLUTE
    ../clib/microlib/init/entry.s            0x00000000   Number         0  entry11b.o ABSOLUTE
    ../clib/microlib/init/entry.s            0x00000000   Number         0  entry11a.o ABSOLUTE
    ../clib/microlib/init/entry.s            0x00000000   Number         0  entry10b.o ABSOLUTE
    ../clib/microlib/init/entry.s            0x00000000   Number         0  entry10a.o ABSOLUTE
    ../clib/microlib/init/entry.s            0x00000000   Number         0  entry9b.o ABSOLUTE
    ../clib/microlib/init/entry.s            0x00000000   Number         0  entry9a.o ABSOLUTE
    ../clib/microlib/init/entry.s            0x00000000   Number         0  entry7a.o ABSOLUTE
    ../clib/microlib/init/entry.s            0x00000000   Number         0  entry5.o ABSOLUTE
    ../clib/microlib/init/entry.s            0x00000000   Number         0  entry2.o ABSOLUTE
    ../clib/microlib/init/entry.s            0x00000000   Number         0  entry.o ABSOLUTE
    2.User\\delay\\delay.c                   0x00000000   Number         0  delay.o ABSOLUTE
    2.User\\gd32e10x_it.c                    0x00000000   Number         0  gd32e10x_it.o ABSOLUTE
    2.User\\key\\key.c                       0x00000000   Number         0  key.o ABSOLUTE
    2.User\\led\\led.c                       0x00000000   Number         0  led.o ABSOLUTE
    2.User\\main.c                           0x00000000   Number         0  main.o ABSOLUTE
    2.User\\sys\\sys.c                       0x00000000   Number         0  sys.o ABSOLUTE
    2.User\\usart_debug\\usart_debug.c       0x00000000   Number         0  usart_debug.o ABSOLUTE
    2.User\delay\delay.c                     0x00000000   Number         0  delay.o ABSOLUTE
    2.User\gd32e10x_it.c                     0x00000000   Number         0  gd32e10x_it.o ABSOLUTE
    2.User\key\key.c                         0x00000000   Number         0  key.o ABSOLUTE
    2.User\led\led.c                         0x00000000   Number         0  led.o ABSOLUTE
    2.User\main.c                            0x00000000   Number         0  main.o ABSOLUTE
    2.User\sys\sys.c                         0x00000000   Number         0  sys.o ABSOLUTE
    2.User\usart_debug\usart_debug.c         0x00000000   Number         0  usart_debug.o ABSOLUTE
    3.Libraries\CMSIS\startup\startup_gd32e10x.s 0x00000000   Number         0  startup_gd32e10x.o ABSOLUTE
    3.Libraries\CMSIS\system_gd32e10x.c      0x00000000   Number         0  system_gd32e10x.o ABSOLUTE
    3.Libraries\GD32E10x_standard_peripheral\Source\gd32e10x_gpio.c 0x00000000   Number         0  gd32e10x_gpio.o ABSOLUTE
    3.Libraries\GD32E10x_standard_peripheral\Source\gd32e10x_misc.c 0x00000000   Number         0  gd32e10x_misc.o ABSOLUTE
    3.Libraries\GD32E10x_standard_peripheral\Source\gd32e10x_rcu.c 0x00000000   Number         0  gd32e10x_rcu.o ABSOLUTE
    3.Libraries\GD32E10x_standard_peripheral\Source\gd32e10x_usart.c 0x00000000   Number         0  gd32e10x_usart.o ABSOLUTE
    3.Libraries\\CMSIS\\system_gd32e10x.c    0x00000000   Number         0  system_gd32e10x.o ABSOLUTE
    3.Libraries\\GD32E10x_standard_peripheral\\Source\\gd32e10x_gpio.c 0x00000000   Number         0  gd32e10x_gpio.o ABSOLUTE
    3.Libraries\\GD32E10x_standard_peripheral\\Source\\gd32e10x_misc.c 0x00000000   Number         0  gd32e10x_misc.o ABSOLUTE
    3.Libraries\\GD32E10x_standard_peripheral\\Source\\gd32e10x_rcu.c 0x00000000   Number         0  gd32e10x_rcu.o ABSOLUTE
    3.Libraries\\GD32E10x_standard_peripheral\\Source\\gd32e10x_usart.c 0x00000000   Number         0  gd32e10x_usart.o ABSOLUTE
    dc.s                                     0x00000000   Number         0  dc.o ABSOLUTE
    handlers.s                               0x00000000   Number         0  handlers.o ABSOLUTE
    init.s                                   0x00000000   Number         0  init.o ABSOLUTE
    RESET                                    0x08000000   Section      336  startup_gd32e10x.o(RESET)
    .ARM.Collect$$$$00000000                 0x08000150   Section        0  entry.o(.ARM.Collect$$$$00000000)
    .ARM.Collect$$$$00000001                 0x08000150   Section        4  entry2.o(.ARM.Collect$$$$00000001)
    .ARM.Collect$$$$00000004                 0x08000154   Section        4  entry5.o(.ARM.Collect$$$$00000004)
    .ARM.Collect$$$$00000008                 0x08000158   Section        0  entry7b.o(.ARM.Collect$$$$00000008)
    .ARM.Collect$$$$0000000A                 0x08000158   Section        0  entry8b.o(.ARM.Collect$$$$0000000A)
    .ARM.Collect$$$$0000000B                 0x08000158   Section        8  entry9a.o(.ARM.Collect$$$$0000000B)
    .ARM.Collect$$$$0000000D                 0x08000160   Section        0  entry10a.o(.ARM.Collect$$$$0000000D)
    .ARM.Collect$$$$0000000F                 0x08000160   Section        0  entry11a.o(.ARM.Collect$$$$0000000F)
    .ARM.Collect$$$$00002712                 0x08000160   Section        4  entry2.o(.ARM.Collect$$$$00002712)
    __lit__00000000                          0x08000160   Data           4  entry2.o(.ARM.Collect$$$$00002712)
    .text                                    0x08000164   Section       36  startup_gd32e10x.o(.text)
    $v0                                      0x08000164   Number         0  startup_gd32e10x.o(.text)
    .text                                    0x08000188   Section       36  init.o(.text)
    i.BusFault_Handler                       0x080001ac   Section        0  gd32e10x_it.o(i.BusFault_Handler)
    i.DebugMon_Handler                       0x080001b0   Section        0  gd32e10x_it.o(i.DebugMon_Handler)
    i.Delay_Init                             0x080001b4   Section        0  delay.o(i.Delay_Init)
    i.Delay_Ms                               0x080001e8   Section        0  delay.o(i.Delay_Ms)
    i.Delay_ms                               0x08000220   Section        0  delay.o(i.Delay_ms)
    i.HardFault_Handler                      0x08000250   Section        0  gd32e10x_it.o(i.HardFault_Handler)
    i.KEY_Scan                               0x08000254   Section        0  key.o(i.KEY_Scan)
    i.Key_Init                               0x080002ec   Section        0  key.o(i.Key_Init)
    i.Led_Init                               0x08000338   Section        0  led.o(i.Led_Init)
    i.MemManage_Handler                      0x08000360   Section        0  gd32e10x_it.o(i.MemManage_Handler)
    i.NMI_Handler                            0x08000364   Section        0  gd32e10x_it.o(i.NMI_Handler)
    i.PendSV_Handler                         0x08000366   Section        0  gd32e10x_it.o(i.PendSV_Handler)
    i.SVC_Handler                            0x08000368   Section        0  gd32e10x_it.o(i.SVC_Handler)
    i.SysTick_Handler                        0x0800036a   Section        0  gd32e10x_it.o(i.SysTick_Handler)
    i.SystemInit                             0x0800036c   Section        0  system_gd32e10x.o(i.SystemInit)
    i.USART0_IRQHandler                      0x080003c4   Section        0  usart_debug.o(i.USART0_IRQHandler)
    i.UsageFault_Handler                     0x080003ec   Section        0  gd32e10x_it.o(i.UsageFault_Handler)
    i.Usart_Debug_Init                       0x080003f0   Section        0  usart_debug.o(i.Usart_Debug_Init)
    i.__scatterload_copy                     0x08000464   Section       14  handlers.o(i.__scatterload_copy)
    i.__scatterload_null                     0x08000472   Section        2  handlers.o(i.__scatterload_null)
    i.__scatterload_zeroinit                 0x08000474   Section       14  handlers.o(i.__scatterload_zeroinit)
    i.gpio_init                              0x08000482   Section        0  gd32e10x_gpio.o(i.gpio_init)
    i.gpio_input_bit_get                     0x0800053e   Section        0  gd32e10x_gpio.o(i.gpio_input_bit_get)
    i.gpio_pin_remap_config                  0x08000550   Section        0  gd32e10x_gpio.o(i.gpio_pin_remap_config)
    i.main                                   0x080005e0   Section        0  main.o(i.main)
    i.nvic_irq_enable                        0x08000658   Section        0  gd32e10x_misc.o(i.nvic_irq_enable)
    i.nvic_priority_group_set                0x08000704   Section        0  gd32e10x_misc.o(i.nvic_priority_group_set)
    i.nvic_vector_table_set                  0x08000718   Section        0  gd32e10x_misc.o(i.nvic_vector_table_set)
    i.rcu_clock_freq_get                     0x0800072c   Section        0  gd32e10x_rcu.o(i.rcu_clock_freq_get)
    i.rcu_periph_clock_enable                0x080008ac   Section        0  gd32e10x_rcu.o(i.rcu_periph_clock_enable)
    i.rcu_periph_reset_disable               0x080008cc   Section        0  gd32e10x_rcu.o(i.rcu_periph_reset_disable)
    i.rcu_periph_reset_enable                0x080008ec   Section        0  gd32e10x_rcu.o(i.rcu_periph_reset_enable)
    i.system_clock_120m_hxtal                0x0800090c   Section        0  system_gd32e10x.o(i.system_clock_120m_hxtal)
    system_clock_120m_hxtal                  0x0800090d   Thumb Code   226  system_gd32e10x.o(i.system_clock_120m_hxtal)
    i.system_clock_config                    0x08000a08   Section        0  system_gd32e10x.o(i.system_clock_config)
    system_clock_config                      0x08000a09   Thumb Code     8  system_gd32e10x.o(i.system_clock_config)
    i.systick_clksource_set                  0x08000a10   Section        0  gd32e10x_misc.o(i.systick_clksource_set)
    i.usart_baudrate_set                     0x08000a38   Section        0  gd32e10x_usart.o(i.usart_baudrate_set)
    i.usart_data_receive                     0x08000ac8   Section        0  gd32e10x_usart.o(i.usart_data_receive)
    i.usart_data_transmit                    0x08000ad2   Section        0  gd32e10x_usart.o(i.usart_data_transmit)
    i.usart_deinit                           0x08000adc   Section        0  gd32e10x_usart.o(i.usart_deinit)
    i.usart_enable                           0x08000b6c   Section        0  gd32e10x_usart.o(i.usart_enable)
    i.usart_interrupt_enable                 0x08000b76   Section        0  gd32e10x_usart.o(i.usart_interrupt_enable)
    i.usart_interrupt_flag_get               0x08000b90   Section        0  gd32e10x_usart.o(i.usart_interrupt_flag_get)
    i.usart_receive_config                   0x08000bc8   Section        0  gd32e10x_usart.o(i.usart_receive_config)
    i.usart_transmit_config                  0x08000bd8   Section        0  gd32e10x_usart.o(i.usart_transmit_config)
    .data                                    0x20000000   Section        4  delay.o(.data)
    .data                                    0x20000004   Section        1  key.o(.data)
    key_up                                   0x20000004   Data           1  key.o(.data)
    STACK                                    0x20000008   Section     1024  startup_gd32e10x.o(STACK)

    Global Symbols

    Symbol Name                              Value     Ov Type        Size  Object(Section)

    BuildAttributes$$THM_ISAv4$E$P$D$K$B$S$7EM$VFPi3$EXTD16$VFPS$VFMA$PE$A:L22UL41UL21$X:L11$S22US41US21$IEEE1$IW$USESV6$~STKCKD$USESV7$~SHL$OSPACE$EBA8$MICROLIB$REQ8$PRES8$EABIv2 0x00000000   Number         0  anon$$obj.o ABSOLUTE
    __ARM_use_no_argv                        0x00000000   Number         0  main.o ABSOLUTE
    __cpp_initialize__aeabi_                  - Undefined Weak Reference
    __cxa_finalize                            - Undefined Weak Reference
    __decompress                              - Undefined Weak Reference
    _clock_init                               - Undefined Weak Reference
    _microlib_exit                            - Undefined Weak Reference
    __Vectors_Size                           0x00000150   Number         0  startup_gd32e10x.o ABSOLUTE
    __Vectors                                0x08000000   Data           4  startup_gd32e10x.o(RESET)
    __Vectors_End                            0x08000150   Data           0  startup_gd32e10x.o(RESET)
    __main                                   0x08000151   Thumb Code     0  entry.o(.ARM.Collect$$$$00000000)
    _main_stk                                0x08000151   Thumb Code     0  entry2.o(.ARM.Collect$$$$00000001)
    _main_scatterload                        0x08000155   Thumb Code     0  entry5.o(.ARM.Collect$$$$00000004)
    __main_after_scatterload                 0x08000159   Thumb Code     0  entry5.o(.ARM.Collect$$$$00000004)
    _main_clock                              0x08000159   Thumb Code     0  entry7b.o(.ARM.Collect$$$$00000008)
    _main_cpp_init                           0x08000159   Thumb Code     0  entry8b.o(.ARM.Collect$$$$0000000A)
    _main_init                               0x08000159   Thumb Code     0  entry9a.o(.ARM.Collect$$$$0000000B)
    __rt_final_cpp                           0x08000161   Thumb Code     0  entry10a.o(.ARM.Collect$$$$0000000D)
    __rt_final_exit                          0x08000161   Thumb Code     0  entry11a.o(.ARM.Collect$$$$0000000F)
    Reset_Handler                            0x08000165   Thumb Code     8  startup_gd32e10x.o(.text)
    ADC0_1_IRQHandler                        0x0800017f   Thumb Code     0  startup_gd32e10x.o(.text)
    DMA0_Channel0_IRQHandler                 0x0800017f   Thumb Code     0  startup_gd32e10x.o(.text)
    DMA0_Channel1_IRQHandler                 0x0800017f   Thumb Code     0  startup_gd32e10x.o(.text)
    DMA0_Channel2_IRQHandler                 0x0800017f   Thumb Code     0  startup_gd32e10x.o(.text)
    DMA0_Channel3_IRQHandler                 0x0800017f   Thumb Code     0  startup_gd32e10x.o(.text)
    DMA0_Channel4_IRQHandler                 0x0800017f   Thumb Code     0  startup_gd32e10x.o(.text)
    DMA0_Channel5_IRQHandler                 0x0800017f   Thumb Code     0  startup_gd32e10x.o(.text)
    DMA0_Channel6_IRQHandler                 0x0800017f   Thumb Code     0  startup_gd32e10x.o(.text)
    DMA1_Channel0_IRQHandler                 0x0800017f   Thumb Code     0  startup_gd32e10x.o(.text)
    DMA1_Channel1_IRQHandler                 0x0800017f   Thumb Code     0  startup_gd32e10x.o(.text)
    DMA1_Channel2_IRQHandler                 0x0800017f   Thumb Code     0  startup_gd32e10x.o(.text)
    DMA1_Channel3_IRQHandler                 0x0800017f   Thumb Code     0  startup_gd32e10x.o(.text)
    DMA1_Channel4_IRQHandler                 0x0800017f   Thumb Code     0  startup_gd32e10x.o(.text)
    EXMC_IRQHandler                          0x0800017f   Thumb Code     0  startup_gd32e10x.o(.text)
    EXTI0_IRQHandler                         0x0800017f   Thumb Code     0  startup_gd32e10x.o(.text)
    EXTI10_15_IRQHandler                     0x0800017f   Thumb Code     0  startup_gd32e10x.o(.text)
    EXTI1_IRQHandler                         0x0800017f   Thumb Code     0  startup_gd32e10x.o(.text)
    EXTI2_IRQHandler                         0x0800017f   Thumb Code     0  startup_gd32e10x.o(.text)
    EXTI3_IRQHandler                         0x0800017f   Thumb Code     0  startup_gd32e10x.o(.text)
    EXTI4_IRQHandler                         0x0800017f   Thumb Code     0  startup_gd32e10x.o(.text)
    EXTI5_9_IRQHandler                       0x0800017f   Thumb Code     0  startup_gd32e10x.o(.text)
    FMC_IRQHandler                           0x0800017f   Thumb Code     0  startup_gd32e10x.o(.text)
    I2C0_ER_IRQHandler                       0x0800017f   Thumb Code     0  startup_gd32e10x.o(.text)
    I2C0_EV_IRQHandler                       0x0800017f   Thumb Code     0  startup_gd32e10x.o(.text)
    I2C1_ER_IRQHandler                       0x0800017f   Thumb Code     0  startup_gd32e10x.o(.text)
    I2C1_EV_IRQHandler                       0x0800017f   Thumb Code     0  startup_gd32e10x.o(.text)
    LVD_IRQHandler                           0x0800017f   Thumb Code     0  startup_gd32e10x.o(.text)
    RCU_CTC_IRQHandler                       0x0800017f   Thumb Code     0  startup_gd32e10x.o(.text)
    RTC_Alarm_IRQHandler                     0x0800017f   Thumb Code     0  startup_gd32e10x.o(.text)
    RTC_IRQHandler                           0x0800017f   Thumb Code     0  startup_gd32e10x.o(.text)
    SPI0_IRQHandler                          0x0800017f   Thumb Code     0  startup_gd32e10x.o(.text)
    SPI1_IRQHandler                          0x0800017f   Thumb Code     0  startup_gd32e10x.o(.text)
    SPI2_IRQHandler                          0x0800017f   Thumb Code     0  startup_gd32e10x.o(.text)
    TAMPER_IRQHandler                        0x0800017f   Thumb Code     0  startup_gd32e10x.o(.text)
    TIMER0_BRK_TIMER8_IRQHandler             0x0800017f   Thumb Code     0  startup_gd32e10x.o(.text)
    TIMER0_Channel_IRQHandler                0x0800017f   Thumb Code     0  startup_gd32e10x.o(.text)
    TIMER0_TRG_CMT_TIMER10_IRQHandler        0x0800017f   Thumb Code     0  startup_gd32e10x.o(.text)
    TIMER0_UP_TIMER9_IRQHandler              0x0800017f   Thumb Code     0  startup_gd32e10x.o(.text)
    TIMER1_IRQHandler                        0x0800017f   Thumb Code     0  startup_gd32e10x.o(.text)
    TIMER2_IRQHandler                        0x0800017f   Thumb Code     0  startup_gd32e10x.o(.text)
    TIMER3_IRQHandler                        0x0800017f   Thumb Code     0  startup_gd32e10x.o(.text)
    TIMER4_IRQHandler                        0x0800017f   Thumb Code     0  startup_gd32e10x.o(.text)
    TIMER5_IRQHandler                        0x0800017f   Thumb Code     0  startup_gd32e10x.o(.text)
    TIMER6_IRQHandler                        0x0800017f   Thumb Code     0  startup_gd32e10x.o(.text)
    TIMER7_BRK_TIMER11_IRQHandler            0x0800017f   Thumb Code     0  startup_gd32e10x.o(.text)
    TIMER7_Channel_IRQHandler                0x0800017f   Thumb Code     0  startup_gd32e10x.o(.text)
    TIMER7_TRG_CMT_TIMER13_IRQHandler        0x0800017f   Thumb Code     0  startup_gd32e10x.o(.text)
    TIMER7_UP_TIMER12_IRQHandler             0x0800017f   Thumb Code     0  startup_gd32e10x.o(.text)
    UART3_IRQHandler                         0x0800017f   Thumb Code     0  startup_gd32e10x.o(.text)
    UART4_IRQHandler                         0x0800017f   Thumb Code     0  startup_gd32e10x.o(.text)
    USART1_IRQHandler                        0x0800017f   Thumb Code     0  startup_gd32e10x.o(.text)
    USART2_IRQHandler                        0x0800017f   Thumb Code     0  startup_gd32e10x.o(.text)
    USBFS_IRQHandler                         0x0800017f   Thumb Code     0  startup_gd32e10x.o(.text)
    USBFS_WKUP_IRQHandler                    0x0800017f   Thumb Code     0  startup_gd32e10x.o(.text)
    WWDGT_IRQHandler                         0x0800017f   Thumb Code     0  startup_gd32e10x.o(.text)
    __scatterload                            0x08000189   Thumb Code    28  init.o(.text)
    __scatterload_rt2                        0x08000189   Thumb Code     0  init.o(.text)
    BusFault_Handler                         0x080001ad   Thumb Code     4  gd32e10x_it.o(i.BusFault_Handler)
    DebugMon_Handler                         0x080001b1   Thumb Code     2  gd32e10x_it.o(i.DebugMon_Handler)
    Delay_Init                               0x080001b5   Thumb Code    42  delay.o(i.Delay_Init)
    Delay_Ms                                 0x080001e9   Thumb Code    56  delay.o(i.Delay_Ms)
    Delay_ms                                 0x08000221   Thumb Code    44  delay.o(i.Delay_ms)
    HardFault_Handler                        0x08000251   Thumb Code     4  gd32e10x_it.o(i.HardFault_Handler)
    KEY_Scan                                 0x08000255   Thumb Code   140  key.o(i.KEY_Scan)
    Key_Init                                 0x080002ed   Thumb Code    66  key.o(i.Key_Init)
    Led_Init                                 0x08000339   Thumb Code    30  led.o(i.Led_Init)
    MemManage_Handler                        0x08000361   Thumb Code     4  gd32e10x_it.o(i.MemManage_Handler)
    NMI_Handler                              0x08000365   Thumb Code     2  gd32e10x_it.o(i.NMI_Handler)
    PendSV_Handler                           0x08000367   Thumb Code     2  gd32e10x_it.o(i.PendSV_Handler)
    SVC_Handler                              0x08000369   Thumb Code     2  gd32e10x_it.o(i.SVC_Handler)
    SysTick_Handler                          0x0800036b   Thumb Code     2  gd32e10x_it.o(i.SysTick_Handler)
    SystemInit                               0x0800036d   Thumb Code    76  system_gd32e10x.o(i.SystemInit)
    USART0_IRQHandler                        0x080003c5   Thumb Code    30  usart_debug.o(i.USART0_IRQHandler)
    UsageFault_Handler                       0x080003ed   Thumb Code     4  gd32e10x_it.o(i.UsageFault_Handler)
    Usart_Debug_Init                         0x080003f1   Thumb Code   106  usart_debug.o(i.Usart_Debug_Init)
    __scatterload_copy                       0x08000465   Thumb Code    14  handlers.o(i.__scatterload_copy)
    __scatterload_null                       0x08000473   Thumb Code     2  handlers.o(i.__scatterload_null)
    __scatterload_zeroinit                   0x08000475   Thumb Code    14  handlers.o(i.__scatterload_zeroinit)
    gpio_init                                0x08000483   Thumb Code   188  gd32e10x_gpio.o(i.gpio_init)
    gpio_input_bit_get                       0x0800053f   Thumb Code    16  gd32e10x_gpio.o(i.gpio_input_bit_get)
    gpio_pin_remap_config                    0x08000551   Thumb Code   138  gd32e10x_gpio.o(i.gpio_pin_remap_config)
    main                                     0x080005e1   Thumb Code   112  main.o(i.main)
    nvic_irq_enable                          0x08000659   Thumb Code   162  gd32e10x_misc.o(i.nvic_irq_enable)
    nvic_priority_group_set                  0x08000705   Thumb Code    10  gd32e10x_misc.o(i.nvic_priority_group_set)
    nvic_vector_table_set                    0x08000719   Thumb Code    12  gd32e10x_misc.o(i.nvic_vector_table_set)
    rcu_clock_freq_get                       0x0800072d   Thumb Code   352  gd32e10x_rcu.o(i.rcu_clock_freq_get)
    rcu_periph_clock_enable                  0x080008ad   Thumb Code    28  gd32e10x_rcu.o(i.rcu_periph_clock_enable)
    rcu_periph_reset_disable                 0x080008cd   Thumb Code    28  gd32e10x_rcu.o(i.rcu_periph_reset_disable)
    rcu_periph_reset_enable                  0x080008ed   Thumb Code    28  gd32e10x_rcu.o(i.rcu_periph_reset_enable)
    systick_clksource_set                    0x08000a11   Thumb Code    40  gd32e10x_misc.o(i.systick_clksource_set)
    usart_baudrate_set                       0x08000a39   Thumb Code   136  gd32e10x_usart.o(i.usart_baudrate_set)
    usart_data_receive                       0x08000ac9   Thumb Code    10  gd32e10x_usart.o(i.usart_data_receive)
    usart_data_transmit                      0x08000ad3   Thumb Code     8  gd32e10x_usart.o(i.usart_data_transmit)
    usart_deinit                             0x08000add   Thumb Code   136  gd32e10x_usart.o(i.usart_deinit)
    usart_enable                             0x08000b6d   Thumb Code    10  gd32e10x_usart.o(i.usart_enable)
    usart_interrupt_enable                   0x08000b77   Thumb Code    26  gd32e10x_usart.o(i.usart_interrupt_enable)
    usart_interrupt_flag_get                 0x08000b91   Thumb Code    56  gd32e10x_usart.o(i.usart_interrupt_flag_get)
    usart_receive_config                     0x08000bc9   Thumb Code    16  gd32e10x_usart.o(i.usart_receive_config)
    usart_transmit_config                    0x08000bd9   Thumb Code    16  gd32e10x_usart.o(i.usart_transmit_config)
    Region$$Table$$Base                      0x08000be8   Number         0  anon$$obj.o(Region$$Table)
    Region$$Table$$Limit                     0x08000c08   Number         0  anon$$obj.o(Region$$Table)
    Fac_Us                                   0x20000000   Data           1  delay.o(.data)
    Fac_Ms                                   0x20000002   Data           2  delay.o(.data)
    __initial_sp                             0x20000408   Data           0  startup_gd32e10x.o(STACK)



==============================================================================

Memory Map of the image

  Image Entry point : 0x08000151

  Load Region LR_IROM1 (Base: 0x08000000, Size: 0x00000c10, Max: 0x00010000, ABSOLUTE)

    Execution Region ER_IROM1 (Exec base: 0x08000000, Load base: 0x08000000, Size: 0x00000c08, Max: 0x00010000, ABSOLUTE)

    Exec Addr    Load Addr    Size         Type   Attr      Idx    E Section Name        Object

    0x08000000   0x08000000   0x00000150   Data   RO          354    RESET               startup_gd32e10x.o
    0x08000150   0x08000150   0x00000000   Code   RO         1196  * .ARM.Collect$$$$00000000  mc_w.l(entry.o)
    0x08000150   0x08000150   0x00000004   Code   RO         1199    .ARM.Collect$$$$00000001  mc_w.l(entry2.o)
    0x08000154   0x08000154   0x00000004   Code   RO         1202    .ARM.Collect$$$$00000004  mc_w.l(entry5.o)
    0x08000158   0x08000158   0x00000000   Code   RO         1204    .ARM.Collect$$$$00000008  mc_w.l(entry7b.o)
    0x08000158   0x08000158   0x00000000   Code   RO         1206    .ARM.Collect$$$$0000000A  mc_w.l(entry8b.o)
    0x08000158   0x08000158   0x00000008   Code   RO         1207    .ARM.Collect$$$$0000000B  mc_w.l(entry9a.o)
    0x08000160   0x08000160   0x00000000   Code   RO         1209    .ARM.Collect$$$$0000000D  mc_w.l(entry10a.o)
    0x08000160   0x08000160   0x00000000   Code   RO         1211    .ARM.Collect$$$$0000000F  mc_w.l(entry11a.o)
    0x08000160   0x08000160   0x00000004   Code   RO         1200    .ARM.Collect$$$$00002712  mc_w.l(entry2.o)
    0x08000164   0x08000164   0x00000024   Code   RO          355    .text               startup_gd32e10x.o
    0x08000188   0x08000188   0x00000024   Code   RO         1213    .text               mc_w.l(init.o)
    0x080001ac   0x080001ac   0x00000004   Code   RO          130    i.BusFault_Handler  gd32e10x_it.o
    0x080001b0   0x080001b0   0x00000002   Code   RO          131    i.DebugMon_Handler  gd32e10x_it.o
    0x080001b2   0x080001b2   0x00000002   PAD
    0x080001b4   0x080001b4   0x00000034   Code   RO          201    i.Delay_Init        delay.o
    0x080001e8   0x080001e8   0x00000038   Code   RO          202    i.Delay_Ms          delay.o
    0x08000220   0x08000220   0x00000030   Code   RO          204    i.Delay_ms          delay.o
    0x08000250   0x08000250   0x00000004   Code   RO          132    i.HardFault_Handler  gd32e10x_it.o
    0x08000254   0x08000254   0x00000098   Code   RO          324    i.KEY_Scan          key.o
    0x080002ec   0x080002ec   0x0000004c   Code   RO          325    i.Key_Init          key.o
    0x08000338   0x08000338   0x00000028   Code   RO          262    i.Led_Init          led.o
    0x08000360   0x08000360   0x00000004   Code   RO          133    i.MemManage_Handler  gd32e10x_it.o
    0x08000364   0x08000364   0x00000002   Code   RO          134    i.NMI_Handler       gd32e10x_it.o
    0x08000366   0x08000366   0x00000002   Code   RO          135    i.PendSV_Handler    gd32e10x_it.o
    0x08000368   0x08000368   0x00000002   Code   RO          136    i.SVC_Handler       gd32e10x_it.o
    0x0800036a   0x0800036a   0x00000002   Code   RO          137    i.SysTick_Handler   gd32e10x_it.o
    0x0800036c   0x0800036c   0x00000058   Code   RO          362    i.SystemInit        system_gd32e10x.o
    0x080003c4   0x080003c4   0x00000028   Code   RO          285    i.USART0_IRQHandler  usart_debug.o
    0x080003ec   0x080003ec   0x00000004   Code   RO          138    i.UsageFault_Handler  gd32e10x_it.o
    0x080003f0   0x080003f0   0x00000074   Code   RO          286    i.Usart_Debug_Init  usart_debug.o
    0x08000464   0x08000464   0x0000000e   Code   RO         1217    i.__scatterload_copy  mc_w.l(handlers.o)
    0x08000472   0x08000472   0x00000002   Code   RO         1218    i.__scatterload_null  mc_w.l(handlers.o)
    0x08000474   0x08000474   0x0000000e   Code   RO         1219    i.__scatterload_zeroinit  mc_w.l(handlers.o)
    0x08000482   0x08000482   0x000000bc   Code   RO          427    i.gpio_init         gd32e10x_gpio.o
    0x0800053e   0x0800053e   0x00000010   Code   RO          428    i.gpio_input_bit_get  gd32e10x_gpio.o
    0x0800054e   0x0800054e   0x00000002   PAD
    0x08000550   0x08000550   0x00000090   Code   RO          433    i.gpio_pin_remap_config  gd32e10x_gpio.o
    0x080005e0   0x080005e0   0x00000078   Code   RO            3    i.main              main.o
    0x08000658   0x08000658   0x000000ac   Code   RO          545    i.nvic_irq_enable   gd32e10x_misc.o
    0x08000704   0x08000704   0x00000014   Code   RO          546    i.nvic_priority_group_set  gd32e10x_misc.o
    0x08000718   0x08000718   0x00000014   Code   RO          547    i.nvic_vector_table_set  gd32e10x_misc.o
    0x0800072c   0x0800072c   0x00000180   Code   RO          929    i.rcu_clock_freq_get  gd32e10x_rcu.o
    0x080008ac   0x080008ac   0x00000020   Code   RO          949    i.rcu_periph_clock_enable  gd32e10x_rcu.o
    0x080008cc   0x080008cc   0x00000020   Code   RO          952    i.rcu_periph_reset_disable  gd32e10x_rcu.o
    0x080008ec   0x080008ec   0x00000020   Code   RO          953    i.rcu_periph_reset_enable  gd32e10x_rcu.o
    0x0800090c   0x0800090c   0x000000fc   Code   RO          363    i.system_clock_120m_hxtal  system_gd32e10x.o
    0x08000a08   0x08000a08   0x00000008   Code   RO          364    i.system_clock_config  system_gd32e10x.o
    0x08000a10   0x08000a10   0x00000028   Code   RO          550    i.systick_clksource_set  gd32e10x_misc.o
    0x08000a38   0x08000a38   0x00000090   Code   RO          601    i.usart_baudrate_set  gd32e10x_usart.o
    0x08000ac8   0x08000ac8   0x0000000a   Code   RO          604    i.usart_data_receive  gd32e10x_usart.o
    0x08000ad2   0x08000ad2   0x00000008   Code   RO          605    i.usart_data_transmit  gd32e10x_usart.o
    0x08000ada   0x08000ada   0x00000002   PAD
    0x08000adc   0x08000adc   0x00000090   Code   RO          606    i.usart_deinit      gd32e10x_usart.o
    0x08000b6c   0x08000b6c   0x0000000a   Code   RO          610    i.usart_enable      gd32e10x_usart.o
    0x08000b76   0x08000b76   0x0000001a   Code   RO          620    i.usart_interrupt_enable  gd32e10x_usart.o
    0x08000b90   0x08000b90   0x00000038   Code   RO          622    i.usart_interrupt_flag_get  gd32e10x_usart.o
    0x08000bc8   0x08000bc8   0x00000010   Code   RO          635    i.usart_receive_config  gd32e10x_usart.o
    0x08000bd8   0x08000bd8   0x00000010   Code   RO          649    i.usart_transmit_config  gd32e10x_usart.o
    0x08000be8   0x08000be8   0x00000020   Data   RO         1215    Region$$Table       anon$$obj.o


    Execution Region RW_IRAM1 (Exec base: 0x20000000, Load base: 0x08000c08, Size: 0x00000408, Max: 0x00005000, ABSOLUTE)

    Exec Addr    Load Addr    Size         Type   Attr      Idx    E Section Name        Object

    0x20000000   0x08000c08   0x00000004   Data   RW          205    .data               delay.o
    0x20000004   0x08000c0c   0x00000001   Data   RW          326    .data               key.o
    0x20000005   0x08000c0d   0x00000003   PAD
    0x20000008        -       0x00000400   Zero   RW          352    STACK               startup_gd32e10x.o


==============================================================================

Image component sizes


      Code (inc. data)   RO Data    RW Data    ZI Data      Debug   Object Name

       156         14          0          4          0       1931   delay.o
       348          6          0          0          0       2609   gd32e10x_gpio.o
        26          0          0          0          0       4294   gd32e10x_it.o
       252         28          0          0          0       2828   gd32e10x_misc.o
       480         44          0          0          0       3296   gd32e10x_rcu.o
       430         16          0          0          0       6397   gd32e10x_usart.o
       228         22          0          1          0       1142   key.o
        40         10          0          0          0        491   led.o
       120          8          0          0          0      32087   main.o
        36          8        336          0       1024        876   startup_gd32e10x.o
       348         38          0          0          0       1689   system_gd32e10x.o
       156         20          0          0          0       1203   usart_debug.o

    ----------------------------------------------------------------------
      2626        214        368          8       1024      58843   Object Totals
         0          0         32          0          0          0   (incl. Generated)
         6          0          0          3          0          0   (incl. Padding)

    ----------------------------------------------------------------------

      Code (inc. data)   RO Data    RW Data    ZI Data      Debug   Library Member Name

         0          0          0          0          0          0   entry.o
         0          0          0          0          0          0   entry10a.o
         0          0          0          0          0          0   entry11a.o
         8          4          0          0          0          0   entry2.o
         4          0          0          0          0          0   entry5.o
         0          0          0          0          0          0   entry7b.o
         0          0          0          0          0          0   entry8b.o
         8          4          0          0          0          0   entry9a.o
        30          0          0          0          0          0   handlers.o
        36          8          0          0          0         68   init.o

    ----------------------------------------------------------------------
        86         16          0          0          0         68   Library Totals
         0          0          0          0          0          0   (incl. Padding)

    ----------------------------------------------------------------------

      Code (inc. data)   RO Data    RW Data    ZI Data      Debug   Library Name

        86         16          0          0          0         68   mc_w.l

    ----------------------------------------------------------------------
        86         16          0          0          0         68   Library Totals

    ----------------------------------------------------------------------

==============================================================================


      Code (inc. data)   RO Data    RW Data    ZI Data      Debug   

      2712        230        368          8       1024      55515   Grand Totals
      2712        230        368          8       1024      55515   ELF Image Totals
      2712        230        368          8          0          0   ROM Totals

==============================================================================

    Total RO  Size (Code + RO Data)                 3080 (   3.01kB)
    Total RW  Size (RW Data + ZI Data)              1032 (   1.01kB)
    Total ROM Size (Code + RO Data + RW Data)       3088 (   3.02kB)

==============================================================================

